<html>
<body>
<pre>
<h1>µVision Build Log</h1>
<h2>Project:</h2>
C:\Users\Admin\Documents\School\Junior 2\EE445M\ValvanoWareTM4C123\robot-lab6-7-ar47986_lk7236_jl57566_ecl625\OldLab3_Jim_Eric\Lab3Working3PriorityBlockingFinal\lab1.uvproj
Project File Date:  04/11/2017

<h2>Output:</h2>
Build target 'ST7735'
compiling Interpreter.c...
..\LiuWareTM4C123Lab3\Interpreter.c(63): warning:  #546-D: transfer of control bypasses initialization of:
            variable "lock" (declared at line 71)
        switch(uartString[0]) {
        ^
..\LiuWareTM4C123Lab3\Interpreter.c: 1 warning, 0 errors
linking...
Program Size: Code=20040 RO-data=2052 RW-data=340 ZI-data=7588  
".\ST7735.axf" - 0 Error(s), 1 Warning(s).
Load "C:\\Users\\Admin\\Documents\\School\\Junior 2\\EE445M\\ValvanoWareTM4C123\\robot-lab6-7-ar47986_lk7236_jl57566_ecl625\\OldLab3_Jim_Eric\\Lab3Working3PriorityBlockingFinal\\ST7735.axf" 
Connecting: Mode=JTAG, Speed=1000000Hz
Erase Done.
Programming Done.
Verify OK.
</pre>
</body>
</html>
rtup.s...
compiling LEDS.c...
..\LiuWareTM4C123Lab3\LEDS.c(35): warning:  #1-D: last line of file ends without a newline
  }
..\LiuWareTM4C123Lab3\LEDS.c: 1 warning, 0 errors
compiling JimString.c...
compiling diskio.c...
compiling ff.c...
compiling ffWrapper.c...
compiling Filter.c...
compiling Timer3.c...
linking...
Program Size: Code=11576 RO-data=2052 RW-data=324 ZI-data=6396  
".\ST7735.axf" - 0 Error(s), 2 Warning(s).
Load "C:\\Users\\Admin\\Documents\\School\\Junior 2\\EE445M\\ValvanoWareTM4C123\\robot-lab6-7-ar47986_lk7236_jl57566_ecl625\\OldLab3_Jim_Eric\\Lab3Working3PriorityBlockingFinal\\ST7735.axf" 
Connecting: Mode=JTAG, Speed=1000000Hz
Erase Done.
Programming Done.
Verify OK.
