<html>
<body>
<pre>
<h1>µVision Build Log</h1>
<h2>Project:</h2>
C:\Users\Admin\Documents\School\Junior 2\EE445M\ValvanoWareTM4C123\robot-lab6-7-ar47986_lk7236_jl57566_ecl625\oldjim\OS_Motor\Lab3Working3PriorityBlockingFinal\lab1.uvproj
Project File Date:  04/19/2017

<h2>Output:</h2>
Build target 'ST7735'
compiling ST7735TestMain.c...
linking...
Program Size: Code=10744 RO-data=2068 RW-data=344 ZI-data=10224  
".\ST7735.axf" - 0 Error(s), 0 Warning(s).
Load "C:\\Users\\Admin\\Documents\\School\\Junior 2\\EE445M\\ValvanoWareTM4C123\\robot-lab6-7-ar47986_lk7236_jl57566_ecl625\\oldjim\\OS_Motor\\Lab3Working3PriorityBlockingFinal\\ST7735.axf" 
Connecting: Mode=JTAG, Speed=1000000Hz
Erase Done.
Programming Done.
Verify OK.
</pre>
</body>
</html>
_stm32.s...
assembling osasm.s...
assembling PID_stm32.s...
assembling startup.s...
compiling PFEdgeTrigger.c...
compiling PWM.c...
linking...
Program Size: Code=9944 RO-data=2068 RW-data=344 ZI-data=10224  
".\ST7735.axf" - 0 Error(s), 0 Warning(s).
Load "C:\\Users\\Admin\\Documents\\School\\Junior 2\\EE445M\\ValvanoWareTM4C123\\robot-lab6-7-ar47986_lk7236_jl57566_ecl625\\oldjim\\OS_Motor\\Lab3Working3PriorityBlockingFinal\\ST7735.axf" 
Connecting: Mode=JTAG, Speed=1000000Hz
Erase Done.
Programming Done.
Verify OK.
