<html>
<body>
<pre>
<h1>µVision Build Log</h1>
<h2>Project:</h2>
C:\Users\Admin\Documents\School\Junior 2\EE445M\ValvanoWareTM4C123\robot-lab6-7-ar47986_lk7236_jl57566_ecl625\OS_Sensor_Brains_Slave\Lab3Working3PriorityBlockingFinal\lab1.uvproj
Project File Date:  04/16/2017

<h2>Output:</h2>
Build target 'ST7735'
linking...
Program Size: Code=13312 RO-data=2068 RW-data=332 ZI-data=12716  
".\ST7735.axf" - 0 Error(s), 0 Warning(s).
Load "C:\\Users\\Admin\\Documents\\School\\Junior 2\\EE445M\\ValvanoWareTM4C123\\robot-lab6-7-ar47986_lk7236_jl57566_ecl625\\OS_Sensor_Brains_Slave\\Lab3Working3PriorityBlockingFinal\\ST7735.axf" 
Connecting: Mode=JTAG, Speed=1000000Hz
Connection failed!, error code=&d
Error: Flash Download failed  -  Target DLL has been cancelled
</pre>
</body>
</html>
stm32.s...
assembling osasm.s...
assembling cr4_fft_64_stm32.s...
compiling can.c...
compiling can0.c...
compiling interrupt.c...
compiling Timer4.c...
linking...
Program Size: Code=13312 RO-data=2068 RW-data=332 ZI-data=12716  
".\ST7735.axf" - 0 Error(s), 0 Warning(s).
