ARM Linker, 5.03 [Build 76] [MDK-ARM Professional]

==============================================================================

Section Cross References

    st7735testmain.o(i.ButtonWork) refers to os.o(i.OS_Id) for OS_Id
    st7735testmain.o(i.ButtonWork) refers to st7735.o(i.ST7735_Message) for ST7735_Message
    st7735testmain.o(i.ButtonWork) refers to os.o(i.OS_Sleep) for OS_Sleep
    st7735testmain.o(i.ButtonWork) refers to timer1.o(i.getMaxJitterT1) for getMaxJitterT1
    st7735testmain.o(i.ButtonWork) refers to os.o(i.OS_Kill) for OS_Kill
    st7735testmain.o(i.ButtonWork) refers to st7735testmain.o(.data) for numCreated
    st7735testmain.o(i.CANTest) refers to can0.o(i.CAN0_GetMailNonBlock) for CAN0_GetMailNonBlock
    st7735testmain.o(i.CANTest) refers to st7735testmain.o(.data) for RcvData
    st7735testmain.o(i.Consumer) refers to os.o(i.OS_Id) for OS_Id
    st7735testmain.o(i.Consumer) refers to adc.o(i.ADC_Collect_Init) for ADC_Collect_Init
    st7735testmain.o(i.Consumer) refers to os.o(i.OS_AddThread) for OS_AddThread
    st7735testmain.o(i.Consumer) refers to os.o(i.OS_Fifo_Get) for OS_Fifo_Get
    st7735testmain.o(i.Consumer) refers to cr4_fft_64_stm32.o(.text) for cr4_fft_64_stm32
    st7735testmain.o(i.Consumer) refers to os.o(i.OS_MailBox_Send) for OS_MailBox_Send
    st7735testmain.o(i.Consumer) refers to os.o(i.OS_Kill) for OS_Kill
    st7735testmain.o(i.Consumer) refers to st7735testmain.o(.data) for DataLost
    st7735testmain.o(i.Consumer) refers to st7735testmain.o(i.Producer) for Producer
    st7735testmain.o(i.Consumer) refers to st7735testmain.o(i.Display) for Display
    st7735testmain.o(i.Consumer) refers to st7735testmain.o(.bss) for x
    st7735testmain.o(i.DAS) refers to os.o(i.OS_Id) for OS_Id
    st7735testmain.o(i.DAS) refers to adc.o(i.ADC_In) for ADC_In
    st7735testmain.o(i.DAS) refers to st7735testmain.o(i.Filter) for Filter
    st7735testmain.o(i.DAS) refers to timer1.o(i.getJitterTimer1) for getJitterTimer1
    st7735testmain.o(i.DAS) refers to st7735testmain.o(.data) for NumSamples
    st7735testmain.o(i.Display) refers to os.o(i.OS_Id) for OS_Id
    st7735testmain.o(i.Display) refers to st7735.o(i.ST7735_Message) for ST7735_Message
    st7735testmain.o(i.Display) refers to os.o(i.OS_MailBox_Recv) for OS_MailBox_Recv
    st7735testmain.o(i.Display) refers to os.o(i.OS_Kill) for OS_Kill
    st7735testmain.o(i.Display) refers to st7735testmain.o(.data) for NumSamples
    st7735testmain.o(i.Filter) refers to st7735testmain.o(.data) for n
    st7735testmain.o(i.Filter) refers to st7735testmain.o(.bss) for x
    st7735testmain.o(i.Interpreter) refers to interpreter.o(i.ProcessCommand) for ProcessCommand
    st7735testmain.o(i.PID) refers to os.o(i.OS_Id) for OS_Id
    st7735testmain.o(i.PID) refers to pid_stm32.o(.text) for PID_stm32
    st7735testmain.o(i.PID) refers to st7735testmain.o(.data) for PIDWork
    st7735testmain.o(i.PingTest) refers to timer0a.o(i.Timer0A_Init) for Timer0A_Init
    st7735testmain.o(i.PingTest) refers to timer0a.o(i.StartPingSensorPB6_7) for StartPingSensorPB6_7
    st7735testmain.o(i.Producer) refers to os.o(i.OS_Fifo_Put) for OS_Fifo_Put
    st7735testmain.o(i.Producer) refers to st7735testmain.o(.data) for NumSamples
    st7735testmain.o(i.ReadIRSensor) refers to os.o(i.OS_LockScheduler) for OS_LockScheduler
    st7735testmain.o(i.ReadIRSensor) refers to adc.o(i.ADC_Init) for ADC_Init
    st7735testmain.o(i.ReadIRSensor) refers to adc.o(i.ADC_In) for ADC_In
    st7735testmain.o(i.ReadIRSensor) refers to os.o(i.OS_UnLockScheduler) for OS_UnLockScheduler
    st7735testmain.o(i.ReadIRSensor) refers to uart.o(i.UART_OutString) for UART_OutString
    st7735testmain.o(i.ReadIRSensor) refers to uart.o(i.OutCRLF) for OutCRLF
    st7735testmain.o(i.ReadIRSensor) refers to filter.o(i.Median) for Median
    st7735testmain.o(i.ReadIRSensor) refers to uart.o(i.UART_OutUDec) for UART_OutUDec
    st7735testmain.o(i.ReadIRSensor) refers to leds.o(i.DelayWait10us) for DelayWait10us
    st7735testmain.o(i.ReadPingSensor) refers to uart.o(i.UART_OutString) for UART_OutString
    st7735testmain.o(i.ReadPingSensor) refers to uart.o(i.OutCRLF) for OutCRLF
    st7735testmain.o(i.ReadPingSensor) refers to uart.o(i.UART_OutUDec) for UART_OutUDec
    st7735testmain.o(i.ReadPingSensor) refers to timer0a.o(.data) for pingPB6_7_ready
    st7735testmain.o(i.SW1Push) refers to os.o(i.OS_AddThread) for OS_AddThread
    st7735testmain.o(i.SW1Push) refers to os.o(i.OS_Kill) for OS_Kill
    st7735testmain.o(i.SW1Push) refers to st7735testmain.o(i.ButtonWork) for ButtonWork
    st7735testmain.o(i.SW1Push) refers to st7735testmain.o(.data) for numCreated
    st7735testmain.o(i.SW2Push) refers to os.o(i.OS_AddThread) for OS_AddThread
    st7735testmain.o(i.SW2Push) refers to os.o(i.OS_Kill) for OS_Kill
    st7735testmain.o(i.SW2Push) refers to st7735testmain.o(i.ButtonWork) for ButtonWork
[...]
    threadprioritypqueue.o(i.priQueuePeek) refers to threadprioritypqueue.o(.bss) for priQueue
    threadprioritypqueue.o(i.priQueuePeekAndRotate) refers to threadprioritypqueue.o(i.priQueueShiftForward) for priQueueShiftForward
    threadprioritypqueue.o(i.priQueuePeekAndRotate) refers to threadprioritypqueue.o(.data) for numPriItems
    threadprioritypqueue.o(i.priQueuePeekAndRotate) refers to threadprioritypqueue.o(.bss) for priQueue
    threadprioritypqueue.o(i.priQueuePop) refers to threadprioritypqueue.o(.data) for priQueueHead
    threadprioritypqueue.o(i.priQueuePop) refers to threadprioritypqueue.o(.bss) for priQueue
    threadprioritypqueue.o(i.priQueuePush) refers to threadprioritypqueue.o(i.priQueuePushBack) for priQueuePushBack
    threadprioritypqueue.o(i.priQueuePush) refers to threadprioritypqueue.o(.data) for priQueueTail
    threadprioritypqueue.o(i.priQueuePush) refers to threadprioritypqueue.o(.bss) for priQueue
    threadprioritypqueue.o(i.priQueuePushBack) refers to threadprioritypqueue.o(.bss) for priQueue
    threadprioritypqueue.o(i.priQueueRemove) refers to threadprioritypqueue.o(i.priQueueShiftForward) for priQueueShiftForward
    threadprioritypqueue.o(i.priQueueRemove) refers to threadprioritypqueue.o(.data) for priQueueHead
    threadprioritypqueue.o(i.priQueueRemove) refers to threadprioritypqueue.o(.bss) for priQueue
    threadprioritypqueue.o(i.priQueueShiftForward) refers to threadprioritypqueue.o(.bss) for priQueue
    timer0a.o(i.StartPingSensorPB6_7) refers to startup.o(.text) for StartCritical
    timer0a.o(i.StartPingSensorPB6_7) refers to leds.o(i.DelayWait10us) for DelayWait10us
    timer0a.o(i.Timer0A_Handler) refers to startup.o(.text) for StartCritical
    timer0a.o(i.Timer0A_Handler) refers to timer0a.o(.data) for First
    timer0a.o(i.Timer0A_Init) refers to startup.o(.text) for StartCritical
    timer1.o(i.Timer1A_Handler) refers to timer1.o(.data) for PeriodicTask3
    timer1.o(i.Timer1_Init) refers to startup.o(.text) for StartCritical
    timer1.o(i.Timer1_Init) refers to timer1.o(.data) for PeriodicTask3
    timer1.o(i.getJitterTimer1) refers to os.o(i.OS_Time) for OS_Time
    timer1.o(i.getJitterTimer1) refers to os.o(i.OS_TimeDifference) for OS_TimeDifference
    timer1.o(i.getJitterTimer1) refers to timer1.o(.data) for FilterWorkT1
    timer1.o(i.getJitterTimer1) refers to timer1.o(.bss) for JitterHistogramT1
    timer1.o(i.getMaxJitterT1) refers to timer1.o(.data) for MaxJitterT1
    timer3.o(i.StartPingSensorPB2_3) refers to startup.o(.text) for StartCritical
    timer3.o(i.StartPingSensorPB2_3) refers to leds.o(i.DelayWait10us) for DelayWait10us
    timer3.o(i.Timer3A_Handler) refers to startup.o(.text) for StartCritical
    timer3.o(i.Timer3A_Handler) refers to timer3.o(.data) for pulsePeriod
    timer3.o(i.Timer3_Init) refers to startup.o(.text) for StartCritical
    timer5.o(i.Timer5A_Handler) refers to timer5.o(.data) for PeriodicTask
    timer5.o(i.Timer5_Init) refers to startup.o(.text) for StartCritical
    timer5.o(i.Timer5_Init) refers to timer5.o(.data) for PeriodicTask
    uart.o(i.OutCRLF) refers to uart.o(i.UART_OutChar) for UART_OutChar
    uart.o(i.RxFifo_Get) refers to uart.o(.data) for RxPutI
    uart.o(i.RxFifo_Get) refers to uart.o(.bss) for RxFifo
    uart.o(i.RxFifo_Init) refers to startup.o(.text) for StartCritical
    uart.o(i.RxFifo_Init) refers to uart.o(.data) for RxGetI
    uart.o(i.RxFifo_Put) refers to uart.o(.data) for RxPutI
    uart.o(i.RxFifo_Put) refers to uart.o(.bss) for RxFifo
    uart.o(i.RxFifo_Size) refers to uart.o(.data) for RxPutI
    uart.o(i.TxFifo_Get) refers to uart.o(.data) for TxPutI
    uart.o(i.TxFifo_Get) refers to uart.o(.bss) for TxFifo
    uart.o(i.TxFifo_Init) refers to startup.o(.text) for StartCritical
    uart.o(i.TxFifo_Init) refers to uart.o(.data) for TxGetI
    uart.o(i.TxFifo_Put) refers to uart.o(.data) for TxPutI
    uart.o(i.TxFifo_Put) refers to uart.o(.bss) for TxFifo
    uart.o(i.TxFifo_Size) refers to uart.o(.data) for TxPutI
    uart.o(i.UART0_Handler) refers to uart.o(i.copySoftwareToHardware) for copySoftwareToHardware
    uart.o(i.UART0_Handler) refers to uart.o(i.TxFifo_Size) for TxFifo_Size
    uart.o(i.UART0_Handler) refers to uart.o(i.copyHardwareToSoftware) for copyHardwareToSoftware
    uart.o(i.UART_InChar) refers to uart.o(i.RxFifo_Get) for RxFifo_Get
    uart.o(i.UART_InString) refers to uart.o(i.UART_InChar) for UART_InChar
    uart.o(i.UART_InString) refers to uart.o(i.UART_OutChar) for UART_OutChar
    uart.o(i.UART_InUDec) refers to uart.o(i.UART_InChar) for UART_InChar
    uart.o(i.UART_InUDec) refers to uart.o(i.UART_OutChar) for UART_OutChar
    uart.o(i.UART_InUHex) refers to uart.o(i.UART_InChar) for UART_InChar
    uart.o(i.UART_InUHex) refers to uart.o(i.UART_OutChar) for UART_OutChar
    uart.o(i.UART_Init) refers to uart.o(i.RxFifo_Init) for RxFifo_Init
    uart.o(i.UART_Init) refers to uart.o(i.TxFifo_Init) for TxFifo_Init
    uart.o(i.UART_Init) refers to startup.o(.text) for EnableInterrupts
    uart.o(i.UART_OutChar) refers to uart.o(i.TxFifo_Put) for TxFifo_Put
    uart.o(i.UART_OutChar) refers to uart.o(i.copySoftwareToHardware) for copySoftwareToHardware
    uart.o(i.UART_OutString) refers to uart.o(i.UART_OutChar) for UART_OutChar
    uart.o(i.UART_OutUDec) refers to uart.o(i.UART_OutChar) for UART_OutChar
    uart.o(i.UART_OutUHex) refers to uart.o(i.UART_OutChar) for UART_OutChar
    uart.o(i.copyHardwareToSoftware) refers to uart.o(i.RxFifo_Put) for RxFifo_Put
    uart.o(i.copyHardwareToSoftware) refers to uart.o(i.RxFifo_Size) for RxFifo_Size
    uart.o(i.copySoftwareToHardware) refers to uart.o(i.TxFifo_Get) for TxFifo_Get
    uart.o(i.copySoftwareToHardware) refers to uart.o(i.TxFifo_Size) for TxFifo_Size
    can.o(i.CANBitRateSet) refers to can.o(i.CANRegRead) for CANRegRead
    can.o(i.CANBitRateSet) refers to can.o(i.CANRegWrite) for CANRegWrite
    can.o(i.CANBitRateSet) refers to can.o(.constdata) for g_usCANBitValues
    can.o(i.CANDataRegRead) refers to can.o(i.CANRegRead) for CANRegRead
    can.o(i.CANDataRegWrite) refers to can.o(i.CANRegWrite) for CANRegWrite
    can.o(i.CANDisable) refers to can.o(i.CANRegRead) for CANRegRead
    can.o(i.CANDisable) refers to can.o(i.CANRegWrite) for CANRegWrite
    can.o(i.CANEnable) refers to can.o(i.CANRegRead) for CANRegRead
    can.o(i.CANEnable) refers to can.o(i.CANRegWrite) for CANRegWrite
    can.o(i.CANErrCntrGet) refers to can.o(i.CANRegRead) for CANRegRead
    can.o(i.CANInit) refers to can.o(i.CANRegWrite) for CANRegWrite
    can.o(i.CANInit) refers to can.o(i.CANRegRead) for CANRegRead
    can.o(i.CANIntClear) refers to can.o(i.CANRegRead) for CANRegRead
    can.o(i.CANIntClear) refers to can.o(i.CANRegWrite) for CANRegWrite
    can.o(i.CANIntDisable) refers to can.o(i.CANRegRead) for CANRegRead
    can.o(i.CANIntDisable) refers to can.o(i.CANRegWrite) for CANRegWrite
    can.o(i.CANIntEnable) refers to can.o(i.CANRegRead) for CANRegRead
    can.o(i.CANIntEnable) refers to can.o(i.CANRegWrite) for CANRegWrite
    can.o(i.CANIntRegister) refers to can.o(i.CANIntNumberGet) for CANIntNumberGet
    can.o(i.CANIntRegister) refers to interrupt.o(i.IntRegister) for IntRegister
    can.o(i.CANIntRegister) refers to interrupt.o(i.IntEnable) for IntEnable
    can.o(i.CANIntStatus) refers to can.o(i.CANRegRead) for CANRegRead
    can.o(i.CANIntUnregister) refers to can.o(i.CANIntNumberGet) for CANIntNumberGet
    can.o(i.CANIntUnregister) refers to interrupt.o(i.IntUnregister) for IntUnregister
    can.o(i.CANIntUnregister) refers to interrupt.o(i.IntDisable) for IntDisable
    can.o(i.CANMessageClear) refers to can.o(i.CANRegRead) for CANRegRead
    can.o(i.CANMessageClear) refers to can.o(i.CANRegWrite) for CANRegWrite
    can.o(i.CANMessageGet) refers to can.o(i.CANRegWrite) for CANRegWrite
    can.o(i.CANMessageGet) refers to can.o(i.CANRegRead) for CANRegRead
    can.o(i.CANMessageGet) refers to can.o(i.CANDataRegRead) for CANDataRegRead
    can.o(i.CANMessageSet) refers to can.o(i.CANRegRead) for CANRegRead
    can.o(i.CANMessageSet) refers to can.o(i.CANDataRegWrite) for CANDataRegWrite
    can.o(i.CANMessageSet) refers to can.o(i.CANRegWrite) for CANRegWrite
    can.o(i.CANRegRead) refers to can.o(i.CANIntNumberGet) for CANIntNumberGet
    can.o(i.CANRegRead) refers to interrupt.o(i.IntDisable) for IntDisable
    can.o(i.CANRegRead) refers to interrupt.o(i.IntEnable) for IntEnable
    can.o(i.CANRetryGet) refers to can.o(i.CANRegRead) for CANRegRead
    can.o(i.CANRetrySet) refers to can.o(i.CANRegRead) for CANRegRead
    can.o(i.CANRetrySet) refers to can.o(i.CANRegWrite) for CANRegWrite
    can.o(i.CANStatusGet) refers to can.o(i.CANRegRead) for CANRegRead
    can.o(i.CANStatusGet) refers to can.o(i.CANRegWrite) for CANRegWrite
    can0.o(i.CAN0_CheckMail) refers to can0.o(.data) for MailFlag
    can0.o(i.CAN0_GetMail) refers to can0.o(.data) for MailFlag
    can0.o(i.CAN0_GetMailNonBlock) refers to can0.o(.data) for MailFlag
    can0.o(i.CAN0_Handler) refers to can.o(i.CANIntStatus) for CANIntStatus
    can0.o(i.CAN0_Handler) refers to can.o(i.CANStatusGet) for CANStatusGet
    can0.o(i.CAN0_Handler) refers to can.o(i.CANMessageGet) for CANMessageGet
    can0.o(i.CAN0_Handler) refers to can.o(i.CANIntClear) for CANIntClear
    can0.o(i.CAN0_Handler) refers to can0.o(.data) for RCVData
    can0.o(i.CAN0_Open) refers to can.o(i.CANInit) for CANInit
    can0.o(i.CAN0_Open) refers to can.o(i.CANBitRateSet) for CANBitRateSet
    can0.o(i.CAN0_Open) refers to can.o(i.CANEnable) for CANEnable
    can0.o(i.CAN0_Open) refers to can.o(i.CANIntEnable) for CANIntEnable
    can0.o(i.CAN0_Open) refers to can0.o(i.CAN0_Setup_Message_Object) for CAN0_Setup_Message_Object
    can0.o(i.CAN0_Open) refers to can0.o(.data) for MailFlag
    can0.o(i.CAN0_SendData) refers to can0.o(i.CAN0_Setup_Message_Object) for CAN0_Setup_Message_Object
    can0.o(i.CAN0_Setup_Message_Object) refers to can.o(i.CANMessageSet) for CANMessageSet
    interrupt.o(i.IntPriorityGet) refers to interrupt.o(.constdata) for g_pulRegs
    interrupt.o(i.IntPriorityGroupingGet) refers to interrupt.o(.constdata) for g_pulPriority
    interrupt.o(i.IntPriorityGroupingSet) refers to interrupt.o(.constdata) for g_pulPriority
    interrupt.o(i.IntPrioritySet) refers to interrupt.o(.constdata) for g_pulRegs
    interrupt.o(i.IntRegister) refers to interrupt.o(vtable) for g_pfnRAMVectors
    interrupt.o(i.IntUnregister) refers to interrupt.o(i.IntDefaultHandler) for IntDefaultHandler
    interrupt.o(i.IntUnregister) refers to interrupt.o(vtable) for g_pfnRAMVectors
    timer4.o(i.Timer4A_Handler) refers to timer4.o(.data) for Timer4PeriodicTask
    timer4.o(i.Timer4_Init) refers to startup.o(.text) for StartCritical
    timer4.o(i.Timer4_Init) refers to timer4.o(.data) for Timer4PeriodicTask
    osasm.o(.text) refers to os.o(i.Scheduler) for Scheduler
    osasm.o(.text) refers to os.o(.data) for RunPt
    pid_stm32.o(.text) refers to st7735testmain.o(.data) for IntTerm
    startup.o(RESET) refers to startup.o(STACK) for StackMem
    startup.o(RESET) refers to os.o(i.HardFault_Handler) for HardFault_Handler
    startup.o(RESET) refers to osasm.o(.text) for PendSV_Handler
    startup.o(RESET) refers to uart.o(i.UART0_Handler) for UART0_Handler
    startup.o(RESET) refers to adc.o(i.ADC0Seq3_Handler) for ADC0Seq3_Handler
    startup.o(RESET) refers to timer0a.o(i.Timer0A_Handler) for Timer0A_Handler
    startup.o(RESET) refers to timer1.o(i.Timer1A_Handler) for Timer1A_Handler
    startup.o(RESET) refers to pfedgetrigger.o(i.GPIOPortF_Handler) for GPIOPortF_Handler
    startup.o(RESET) refers to timer3.o(i.Timer3A_Handler) for Timer3A_Handler
    startup.o(RESET) refers to can0.o(i.CAN0_Handler) for CAN0_Handler
    startup.o(RESET) refers to timer4.o(i.Timer4A_Handler) for Timer4A_Handler
    startup.o(RESET) refers to timer5.o(i.Timer5A_Handler) for Timer5A_Handler
    startup.o(RESET) refers to entry.o(.ARM.Collect$$$$00000000) for __main
    entry.o(.ARM.Collect$$$$00000000) refers (Special) to entry10a.o(.ARM.Collect$$$$0000000D) for __rt_final_cpp
    entry.o(.ARM.Collect$$$$00000000) refers (Special) to entry11a.o(.ARM.Collect$$$$0000000F) for __rt_final_exit
    entry.o(.ARM.Collect$$$$00000000) refers (Special) to entry7b.o(.ARM.Collect$$$$00000008) for _main_clock
    entry.o(.ARM.Collect$$$$00000000) refers (Special) to entry8b.o(.ARM.Collect$$$$0000000A) for _main_cpp_init
    entry.o(.ARM.Collect$$$$00000000) refers (Special) to entry9a.o(.ARM.Collect$$$$0000000B) for _main_init
    entry.o(.ARM.Collect$$$$00000000) refers (Special) to entry5.o(.ARM.Collect$$$$00000004) for _main_scatterload
    entry.o(.ARM.Collect$$$$00000000) refers (Special) to entry2.o(.ARM.Collect$$$$00000001) for _main_stk
    entry2.o(.ARM.Collect$$$$00000001) refers to entry2.o(.ARM.Collect$$$$00002712) for __lit__00000000
    entry2.o(.ARM.Collect$$$$00002712) refers to startup.o(STACK) for __initial_sp
    entry2.o(__vectab_stack_and_reset_area) refers to startup.o(STACK) for __initial_sp
    entry2.o(__vectab_stack_and_reset_area) refers to entry.o(.ARM.Collect$$$$00000000) for __main
    entry5.o(.ARM.Collect$$$$00000004) refers to init.o(.text) for __scatterload
    entry9a.o(.ARM.Collect$$$$0000000B) refers to st7735testmain.o(i.main) for main
    entry9b.o(.ARM.Collect$$$$0000000C) refers to st7735testmain.o(i.main) for main
    init.o(.text) refers to entry5.o(.ARM.Collect$$$$00000004) for __main_after_scatterload


==============================================================================

Removing Unused input sections from the image.

    Removing st7735testmain.o(i.Consumer), (156 bytes).
    Removing st7735testmain.o(i.DAS), (104 bytes).
    Removing st7735testmain.o(i.Display), (124 bytes).
    Removing st7735testmain.o(i.Filter), (200 bytes).
    Removing st7735testmain.o(i.Interpreter), (32 bytes).
    Removing st7735testmain.o(i.PingTest), (12 bytes).
    Removing st7735testmain.o(i.PortB_Init), (120 bytes).
    Removing st7735testmain.o(i.Producer), (56 bytes).
    Removing st7735testmain.o(i.ReadIRSensor), (104 bytes).
    Removing st7735testmain.o(i.ReadPingSensor), (76 bytes).
    Removing st7735testmain.o(i.SW1Push), (36 bytes).
    Removing st7735testmain.o(.bss), (572 bytes).
    Removing st7735testmain.o(.constdata), (32 bytes).
    Removing adc.o(i.ADC_Collect_Init), (1112 bytes).
    Removing adc.o(i.ADC_In), (44 bytes).
    Removing adc.o(i.ADC_Init), (984 bytes).
    Removing adc.o(i.ADC_Status), (4 bytes).
    Removing filter.o(i.Median), (46 bytes).
    Removing filter.o(i.Median9), (50 bytes).
    Removing interpreter.o(i.ProcessCommand), (812 bytes).
    Removing interpreter.o(.bss), (100 bytes).
    Removing jimstring.o(i.StringToInt), (32 bytes).
    Removing jimstring.o(i.strLengthByNullCount), (16 bytes).
    Removing jimstring.o(i.strLengthBySpaceCount), (16 bytes).
    Removing leds.o(i.DelayWait10ms), (2 bytes).
    Removing leds.o(i.DelayWait10us), (14 bytes).
    Removing leds.o(.constdata), (32 bytes).
    Removing leds.o(.data), (4 bytes).
    Removing os.o(i.OS_AddPeriodicThread), (68 bytes).
    Removing os.o(i.OS_AddSW1Task), (24 bytes).
    Removing os.o(i.OS_Fifo_Get), (84 bytes).
    Removing os.o(i.OS_Fifo_Put), (112 bytes).
    Removing os.o(i.OS_Fifo_Size), (12 bytes).
    Removing os.o(i.OS_LockScheduler), (16 bytes).
    Removing os.o(i.OS_MailBox_Recv), (36 bytes).
    Removing os.o(i.OS_MailBox_Send), (36 bytes).
    Removing os.o(i.OS_Time), (36 bytes).
    Removing os.o(i.OS_TimeDifference), (6 bytes).
    Removing os.o(i.OS_UnLockScheduler), (8 bytes).
    Removing os.o(i.OS_bSignal), (18 bytes).
    Removing os.o(i.OS_bWait), (34 bytes).
    Removing os.o(.constdata), (36 bytes).
    Removing pfedgetrigger.o(i.PF4Edge_Task), (28 bytes).
    Removing pfedgetrigger.o(.constdata), (32 bytes).
    Removing st7735.o(i.Output_Clear), (10 bytes).
    Removing st7735.o(i.Output_Color), (12 bytes).
    Removing st7735.o(i.Output_Init), (16 bytes).
    Removing st7735.o(i.Output_Off), (8 bytes).
    Removing st7735.o(i.Output_On), (8 bytes).
    Removing st7735.o(i.ST7735_Color565), (24 bytes).
    Removing st7735.o(i.ST7735_DrawBitmap), (288 bytes).
    Removing st7735.o(i.ST7735_DrawChar), (268 bytes).
    Removing st7735.o(i.ST7735_DrawFastHLine), (124 bytes).
    Removing st7735.o(i.ST7735_DrawFastVLine), (124 bytes).
    Removing st7735.o(i.ST7735_InitB), (40 bytes).
    Removing st7735.o(i.ST7735_InitR), (124 bytes).
    Removing st7735.o(i.ST7735_InvertDisplay), (22 bytes).
    Removing st7735.o(i.ST7735_MessageDec), (96 bytes).
    Removing st7735.o(i.ST7735_MessageString), (96 bytes).
    Removing st7735.o(i.ST7735_OutChar), (212 bytes).
    Removing st7735.o(i.ST7735_OutString), (24 bytes).
    Removing st7735.o(i.ST7735_OutUDec), (140 bytes).
    Removing st7735.o(i.ST7735_PlotBar), (88 bytes).
    Removing st7735.o(i.ST7735_PlotClear), (92 bytes).
    Removing st7735.o(i.ST7735_PlotLine), (264 bytes).
    Removing st7735.o(i.ST7735_PlotNext), (32 bytes).
    Removing st7735.o(i.ST7735_PlotNextErase), (64 bytes).
    Removing st7735.o(i.ST7735_PlotPoint), (152 bytes).
    Removing st7735.o(i.ST7735_PlotPoints), (172 bytes).
    Removing st7735.o(i.ST7735_PlotdBfs), (60 bytes).
    Removing st7735.o(i.ST7735_SetRotation), (212 bytes).
    Removing st7735.o(i.ST7735_SetTextColor), (12 bytes).
    Removing st7735.o(i.ST7735_SwapColor), (18 bytes).
    Removing st7735.o(i.ferror), (8 bytes).
    Removing st7735.o(i.fgetc), (6 bytes).
    Removing st7735.o(i.fillmessage), (72 bytes).
    Removing st7735.o(i.fputc), (16 bytes).
    Removing systickints.o(i.SysTick_Init), (64 bytes).
    Removing threadprioritypqueue.o(i.priQueuePop), (72 bytes).
    Removing timer0a.o(i.StartPingSensorPB6_7), (48 bytes).
    Removing timer0a.o(i.Timer0A_Init), (336 bytes).
    Removing timer0a.o(.bss), (256 bytes).
    Removing timer0a.o(.constdata), (36 bytes).
    Removing timer1.o(i.Timer1_Init), (160 bytes).
    Removing timer1.o(i.getJitterTimer1), (128 bytes).
    Removing timer1.o(.bss), (256 bytes).
    Removing timer1.o(.constdata), (4 bytes).
    Removing timer3.o(i.PortBActivation), (60 bytes).
    Removing timer3.o(i.StartPingSensorPB2_3), (40 bytes).
    Removing timer3.o(i.Timer3_Init), (296 bytes).
    Removing timer3.o(.constdata), (32 bytes).
    Removing uart.o(i.RxFifo_Get), (60 bytes).
    Removing uart.o(i.UART_InChar), (20 bytes).
    Removing uart.o(i.UART_InString), (70 bytes).
    Removing uart.o(i.UART_InUDec), (76 bytes).
    Removing uart.o(i.UART_InUHex), (108 bytes).
    Removing uart.o(i.UART_OutUDec), (42 bytes).
    Removing uart.o(i.UART_OutUHex), (52 bytes).
    Removing can.o(i.CANDisable), (24 bytes).
    Removing can.o(i.CANErrCntrGet), (46 bytes).
    Removing can.o(i.CANIntDisable), (26 bytes).
    Removing can.o(i.CANIntRegister), (30 bytes).
    Removing can.o(i.CANIntUnregister), (26 bytes).
    Removing can.o(i.CANMessageClear), (66 bytes).
    Removing can.o(i.CANRetryGet), (24 bytes).
    Removing can.o(i.CANRetrySet), (36 bytes).
    Removing can0.o(i.CAN0_CheckMail), (12 bytes).
    Removing can0.o(i.CAN0_GetMail), (76 bytes).
    Removing interrupt.o(i.IntDefaultHandler), (4 bytes).
    Removing interrupt.o(i.IntPendClear), (88 bytes).
    Removing interrupt.o(i.IntPendSet), (108 bytes).
    Removing interrupt.o(i.IntPriorityGet), (28 bytes).
    Removing interrupt.o(i.IntPriorityGroupingGet), (44 bytes).
    Removing interrupt.o(i.IntPriorityGroupingSet), (28 bytes).
    Removing interrupt.o(i.IntPrioritySet), (52 bytes).
    Removing interrupt.o(i.IntRegister), (60 bytes).
    Removing interrupt.o(i.IntUnregister), (20 bytes).
    Removing interrupt.o(.constdata), (104 bytes).
    Removing interrupt.o(vtable), (284 bytes).
    Removing cr4_fft_64_stm32.o(.text), (718 bytes).
    Removing startup.o(HEAP), (0 bytes).

121 unused section(s) (total 12502 bytes) removed from the image.

==============================================================================

Image Symbol Table

    Local Symbols

    Symbol Name                              Value     Ov Type        Size  Object(Section)

    RESET                                    0x00000000   Section      644  startup.o(RESET)
    ../clib/../cmprslib/zerorunl2.c          0x00000000   Number         0  __dczerorl2.o ABSOLUTE
    ../clib/microlib/init/entry.s            0x00000000   Number         0  entry7a.o ABSOLUTE
    ../clib/microlib/init/entry.s            0x00000000   Number         0  entry7b.o ABSOLUTE
    ../clib/microlib/init/entry.s            0x00000000   Number         0  entry2.o ABSOLUTE
    ../clib/microlib/init/entry.s            0x00000000   Number         0  entry.o ABSOLUTE
    ../clib/microlib/init/entry.s            0x00000000   Number         0  entry9b.o ABSOLUTE
    ../clib/microlib/init/entry.s            0x00000000   Number         0  entry5.o ABSOLUTE
    ../clib/microlib/init/entry.s            0x00000000   Number         0  entry10a.o ABSOLUTE
    ../clib/microlib/init/entry.s            0x00000000   Number         0  entry8a.o ABSOLUTE
    ../clib/microlib/init/entry.s            0x00000000   Number         0  entry9a.o ABSOLUTE
    ../clib/microlib/init/entry.s            0x00000000   Number         0  entry8b.o ABSOLUTE
    ../clib/microlib/init/entry.s            0x00000000   Number         0  entry10b.o ABSOLUTE
    ../clib/microlib/init/entry.s            0x00000000   Number         0  entry11a.o ABSOLUTE
    ../clib/microlib/init/entry.s            0x00000000   Number         0  entry11b.o ABSOLUTE
    ..\LiuWareTM4C123Lab3\ADC.c              0x00000000   Number         0  adc.o ABSOLUTE
    ..\LiuWareTM4C123Lab3\CAN\Timer4.c       0x00000000   Number         0  timer4.o ABSOLUTE
    ..\LiuWareTM4C123Lab3\CAN\can.c          0x00000000   Number         0  can.o ABSOLUTE
    ..\LiuWareTM4C123Lab3\CAN\can0.c         0x00000000   Number         0  can0.o ABSOLUTE
    ..\LiuWareTM4C123Lab3\CAN\interrupt.c    0x00000000   Number         0  interrupt.o ABSOLUTE
    ..\LiuWareTM4C123Lab3\Filter.c           0x00000000   Number         0  filter.o ABSOLUTE
    ..\LiuWareTM4C123Lab3\IDQueue.c          0x00000000   Number         0  idqueue.o ABSOLUTE
    ..\LiuWareTM4C123Lab3\Interpreter.c      0x00000000   Number         0  interpreter.o ABSOLUTE
    ..\LiuWareTM4C123Lab3\JimString.c        0x00000000   Number         0  jimstring.o ABSOLUTE
    ..\LiuWareTM4C123Lab3\LEDS.c             0x00000000   Number         0  leds.o ABSOLUTE
    ..\LiuWareTM4C123Lab3\OS.c               0x00000000   Number         0  os.o ABSOLUTE
    ..\LiuWareTM4C123Lab3\PFEdgeTrigger.c    0x00000000   Number         0  pfedgetrigger.o ABSOLUTE
    ..\LiuWareTM4C123Lab3\PID_stm32.s        0x00000000   Number         0  pid_stm32.o ABSOLUTE
    ..\LiuWareTM4C123Lab3\PLL.c              0x00000000   Number         0  pll.o ABSOLUTE
    ..\LiuWareTM4C123Lab3\ST7735.c           0x00000000   Number         0  st7735.o ABSOLUTE
    ..\LiuWareTM4C123Lab3\SysTickInts.c      0x00000000   Number         0  systickints.o ABSOLUTE
    ..\LiuWareTM4C123Lab3\ThreadPriorityPQueue.c 0x00000000   Number         0  threadprioritypqueue.o ABSOLUTE
    ..\LiuWareTM4C123Lab3\Timer0A.c          0x00000000   Number         0  timer0a.o ABSOLUTE
    ..\LiuWareTM4C123Lab3\Timer1.c           0x00000000   Number         0  timer1.o ABSOLUTE
    ..\LiuWareTM4C123Lab3\Timer3.c           0x00000000   Number         0  timer3.o ABSOLUTE
    ..\LiuWareTM4C123Lab3\Timer5.c           0x00000000   Number         0  timer5.o ABSOLUTE
    ..\LiuWareTM4C123Lab3\UART.c             0x00000000   Number         0  uart.o ABSOLUTE
    ..\LiuWareTM4C123Lab3\cr4_fft_64_stm32.s 0x00000000   Number         0  cr4_fft_64_stm32.o ABSOLUTE
    ..\LiuWareTM4C123Lab3\osasm.s            0x00000000   Number         0  osasm.o ABSOLUTE
    ..\LiuWareTM4C123Lab3\startup.s          0x00000000   Number         0  startup.o ABSOLUTE
    ..\\LiuWareTM4C123Lab3\\ST7735.c         0x00000000   Number         0  st7735.o ABSOLUTE
    ST7735TestMain.c                         0x00000000   Number         0  st7735testmain.o ABSOLUTE
    dc.s                                     0x00000000   Number         0  dc.o ABSOLUTE
    handlers.s                               0x00000000   Number         0  handlers.o ABSOLUTE
    init.s                                   0x00000000   Number         0  init.o ABSOLUTE
    .ARM.Collect$$$$00000000                 0x00000284   Section        0  entry.o(.ARM.Collect$$$$00000000)
    .ARM.Collect$$$$00000001                 0x00000284   Section        4  entry2.o(.ARM.Collect$$$$00000001)
    .ARM.Collect$$$$00000004                 0x00000288   Section        4  entry5.o(.ARM.Collect$$$$00000004)
    .ARM.Collect$$$$00000008                 0x0000028c   Section        0  entry7b.o(.ARM.Collect$$$$00000008)
    .ARM.Collect$$$$0000000A                 0x0000028c   Section        0  entry8b.o(.ARM.Collect$$$$0000000A)
    .ARM.Collect$$$$0000000B                 0x0000028c   Section        8  entry9a.o(.ARM.Collect$$$$0000000B)
    .ARM.Collect$$$$0000000D                 0x00000294   Section        0  entry10a.o(.ARM.Collect$$$$0000000D)
    .ARM.Collect$$$$0000000F                 0x00000294   Section        0  entry11a.o(.ARM.Collect$$$$0000000F)
    .ARM.Collect$$$$00002712                 0x00000294   Section        4  entry2.o(.ARM.Collect$$$$00002712)
    __lit__00000000                          0x00000294   Data           4  entry2.o(.ARM.Collect$$$$00002712)
    .emb_text                                0x00000298   Section        6  st7735.o(.emb_text)
    .text                                    0x000002a0   Section      112  osasm.o(.text)
    .text                                    0x00000310   Section       72  pid_stm32.o(.text)
    .text                                    0x00000358   Section       28  startup.o(.text)
    .text                                    0x00000374   Section       36  init.o(.text)
    .text                                    0x00000398   Section        0  __dczerorl2.o(.text)
    i.ADC0Seq3_Handler                       0x000003f4   Section        0  adc.o(i.ADC0Seq3_Handler)
    i.ButtonWork                             0x00000414   Section        0  st7735testmain.o(i.ButtonWork)
    i.CAN0_GetMailNonBlock                   0x000004d8   Section        0  can0.o(i.CAN0_GetMailNonBlock)
    i.CAN0_Handler                           0x00000528   Section        0  can0.o(i.CAN0_Handler)
    i.CAN0_Open                              0x000005c0   Section        0  can0.o(i.CAN0_Open)
    i.CAN0_SendData                          0x00000688   Section        0  can0.o(i.CAN0_SendData)
    i.CAN0_Setup_Message_Object              0x000006a4   Section        0  can0.o(i.CAN0_Setup_Message_Object)
    CAN0_Setup_Message_Object                0x000006a5   Thumb Code    44  can0.o(i.CAN0_Setup_Message_Object)
    i.CANBitRateSet                          0x000006d4   Section        0  can.o(i.CANBitRateSet)
    i.CANDataRegRead                         0x00000768   Section        0  can.o(i.CANDataRegRead)
    CANDataRegRead                           0x00000769   Thumb Code    54  can.o(i.CANDataRegRead)
    i.CANDataRegWrite                        0x0000079e   Section        0  can.o(i.CANDataRegWrite)
    CANDataRegWrite                          0x0000079f   Thumb Code    54  can.o(i.CANDataRegWrite)
    i.CANEnable                              0x000007d4   Section        0  can.o(i.CANEnable)
    i.CANInit                                0x000007ec   Section        0  can.o(i.CANInit)
    i.CANIntClear                            0x00000880   Section        0  can.o(i.CANIntClear)
    i.CANIntEnable                           0x000008cc   Section        0  can.o(i.CANIntEnable)
    i.CANIntNumberGet                        0x000008e8   Section        0  can.o(i.CANIntNumberGet)
    CANIntNumberGet                          0x000008e9   Thumb Code    44  can.o(i.CANIntNumberGet)
    i.CANIntStatus                           0x00000918   Section        0  can.o(i.CANIntStatus)
    i.CANMessageGet                          0x00000954   Section        0  can.o(i.CANMessageGet)
    i.CANMessageSet                          0x00000b06   Section        0  can.o(i.CANMessageSet)
    i.CANRegRead                             0x00000cb8   Section        0  can.o(i.CANRegRead)
    CANRegRead                               0x00000cb9   Thumb Code    76  can.o(i.CANRegRead)
    i.CANRegWrite                            0x00000d08   Section        0  can.o(i.CANRegWrite)
    CANRegWrite                              0x00000d09   Thumb Code    24  can.o(i.CANRegWrite)
    i.CANStatusGet                           0x00000d20   Section        0  can.o(i.CANStatusGet)
    i.CANTest                                0x00000d9c   Section        0  st7735testmain.o(i.CANTest)
    i.Delay1ms                               0x00000dbc   Section        0  st7735.o(i.Delay1ms)
    i.GPIOPortF_Handler                      0x00000dd4   Section        0  pfedgetrigger.o(i.GPIOPortF_Handler)
    i.HardFault_Handler                      0x00000e98   Section        0  os.o(i.HardFault_Handler)
    i.IntDisable                             0x00000ea4   Section        0  interrupt.o(i.IntDisable)
    i.IntEnable                              0x00000f24   Section        0  interrupt.o(i.IntEnable)
    i.NothingTask                            0x00000fa4   Section        0  pfedgetrigger.o(i.NothingTask)
    i.OS_AddSW2Task                          0x00000fa6   Section        0  os.o(i.OS_AddSW2Task)
    i.OS_AddThread                           0x00000fc0   Section        0  os.o(i.OS_AddThread)
    i.OS_ClearMsTime                         0x00001118   Section        0  os.o(i.OS_ClearMsTime)
    i.OS_Fifo_Init                           0x00001124   Section        0  os.o(i.OS_Fifo_Init)
    i.OS_Id                                  0x00001170   Section        0  os.o(i.OS_Id)
    i.OS_Init                                0x0000117c   Section        0  os.o(i.OS_Init)
    i.OS_InitDriverInitSemaphore             0x000011f4   Section        0  os.o(i.OS_InitDriverInitSemaphore)
    i.OS_InitSemaphore                       0x00001204   Section        0  os.o(i.OS_InitSemaphore)
    i.OS_Kill                                0x0000121c   Section        0  os.o(i.OS_Kill)
    i.OS_KilledSuspend                       0x00001278   Section        0  os.o(i.OS_KilledSuspend)
    i.OS_Launch                              0x00001290   Section        0  os.o(i.OS_Launch)
    i.OS_MailBox_Init                        0x000012b4   Section        0  os.o(i.OS_MailBox_Init)
    i.OS_MsTime                              0x000012d4   Section        0  os.o(i.OS_MsTime)
    i.OS_Signal                              0x000012e0   Section        0  os.o(i.OS_Signal)
    i.OS_Sleep                               0x00001330   Section        0  os.o(i.OS_Sleep)
    i.OS_Suspend                             0x00001358   Section        0  os.o(i.OS_Suspend)
    i.OS_Wait                                0x00001370   Section        0  os.o(i.OS_Wait)
    i.OutCRLF                                0x0000140c   Section        0  uart.o(i.OutCRLF)
    i.PF0Edge_Task                           0x0000141c   Section        0  pfedgetrigger.o(i.PF0Edge_Task)
    i.PFEdge_Init                            0x00001438   Section        0  pfedgetrigger.o(i.PFEdge_Init)
    i.PID                                    0x00001528   Section        0  st7735testmain.o(i.PID)
    i.PLL_Init                               0x000015b4   Section        0  pll.o(i.PLL_Init)
    i.RxFifo_Init                            0x00001630   Section        0  uart.o(i.RxFifo_Init)
    i.RxFifo_Put                             0x00001654   Section        0  uart.o(i.RxFifo_Put)
    i.RxFifo_Size                            0x00001690   Section        0  uart.o(i.RxFifo_Size)
    i.ST7735_DrawCharS                       0x000016a8   Section        0  st7735.o(i.ST7735_DrawCharS)
    i.ST7735_DrawPixel                       0x0000179c   Section        0  st7735.o(i.ST7735_DrawPixel)
    i.ST7735_DrawString                      0x000017e4   Section        0  st7735.o(i.ST7735_DrawString)
    i.ST7735_DrawStringDivided               0x0000183a   Section        0  st7735.o(i.ST7735_DrawStringDivided)
    i.ST7735_FillRect                        0x000018e0   Section        0  st7735.o(i.ST7735_FillRect)
    i.ST7735_FillScreen                      0x0000198c   Section        0  st7735.o(i.ST7735_FillScreen)
    i.ST7735_InitRDivided                    0x000019b0   Section        0  st7735.o(i.ST7735_InitRDivided)
    i.ST7735_Message                         0x00001a5c   Section        0  st7735.o(i.ST7735_Message)
    i.ST7735_MessageDecBody                  0x00001ac8   Section        0  st7735.o(i.ST7735_MessageDecBody)
    i.ST7735_MessageStringBody               0x00001bfc   Section        0  st7735.o(i.ST7735_MessageStringBody)
    i.ST7735_OutCharDivided                  0x00001c20   Section        0  st7735.o(i.ST7735_OutCharDivided)
    i.ST7735_SetCursor                       0x00001d88   Section        0  st7735.o(i.ST7735_SetCursor)
    i.ST7735_SetCursorDivided                0x00001da8   Section        0  st7735.o(i.ST7735_SetCursorDivided)
    i.SW2Push                                0x00001dd0   Section        0  st7735testmain.o(i.SW2Push)
    i.Scheduler                              0x00001df4   Section        0  os.o(i.Scheduler)
    i.SetInitialStack                        0x00001e04   Section        0  os.o(i.SetInitialStack)
    i.Timer0A_Handler                        0x00001f54   Section        0  timer0a.o(i.Timer0A_Handler)
    i.Timer1A_Handler                        0x00001fc4   Section        0  timer1.o(i.Timer1A_Handler)
    i.Timer3A_Handler                        0x00001fdc   Section        0  timer3.o(i.Timer3A_Handler)
    i.Timer4A_Handler                        0x0000203c   Section        0  timer4.o(i.Timer4A_Handler)
    i.Timer4_Init                            0x00002054   Section        0  timer4.o(i.Timer4_Init)
    i.Timer5A_Handler                        0x000020c4   Section        0  timer5.o(i.Timer5A_Handler)
    i.Timer5_Init                            0x000020dc   Section        0  timer5.o(i.Timer5_Init)
    i.TxFifo_Get                             0x00002154   Section        0  uart.o(i.TxFifo_Get)
    i.TxFifo_Init                            0x00002190   Section        0  uart.o(i.TxFifo_Init)
    i.TxFifo_Put                             0x000021b4   Section        0  uart.o(i.TxFifo_Put)
    i.TxFifo_Size                            0x000021f0   Section        0  uart.o(i.TxFifo_Size)
    i.UART0_Handler                          0x00002208   Section        0  uart.o(i.UART0_Handler)
    i.UART_Init                              0x00002260   Section        0  uart.o(i.UART_Init)
    i.UART_OutChar                           0x0000232c   Section        0  uart.o(i.UART_OutChar)
    i.UART_OutString                         0x00002360   Section        0  uart.o(i.UART_OutString)
    i.UserTask                               0x00002378   Section        0  st7735testmain.o(i.UserTask)
    i.__scatterload_copy                     0x000023b4   Section       14  handlers.o(i.__scatterload_copy)
    i.__scatterload_null                     0x000023c2   Section        2  handlers.o(i.__scatterload_null)
    i.__scatterload_zeroinit                 0x000023c4   Section       14  handlers.o(i.__scatterload_zeroinit)
    i.commandList                            0x000023d2   Section        0  st7735.o(i.commandList)
    commandList                              0x000023d3   Thumb Code    86  st7735.o(i.commandList)
    i.commonInit                             0x00002428   Section        0  st7735.o(i.commonInit)
    commonInit                               0x00002429   Thumb Code   502  st7735.o(i.commonInit)
    i.copyHardwareToSoftware                 0x0000265c   Section        0  uart.o(i.copyHardwareToSoftware)
    copyHardwareToSoftware                   0x0000265d   Thumb Code    36  uart.o(i.copyHardwareToSoftware)
    i.copySoftwareToHardware                 0x00002684   Section        0  uart.o(i.copySoftwareToHardware)
    copySoftwareToHardware                   0x00002685   Thumb Code    38  uart.o(i.copySoftwareToHardware)
    i.doSleepDecrement                       0x000026b0   Section        0  os.o(i.doSleepDecrement)
    i.fillDividedMessage                     0x000026ec   Section        0  st7735.o(i.fillDividedMessage)
    i.getMaxJitterT1                         0x00002784   Section        0  timer1.o(i.getMaxJitterT1)
    i.idQueuePop                             0x00002790   Section        0  idqueue.o(i.idQueuePop)
    i.idQueuePush                            0x000027cc   Section        0  idqueue.o(i.idQueuePush)
    i.initHardFault                          0x0000281c   Section        0  os.o(i.initHardFault)
    i.main                                   0x00002890   Section        0  st7735testmain.o(i.main)
    i.postLauntInits                         0x0000292c   Section        0  st7735testmain.o(i.postLauntInits)
    i.priQueuePeek                           0x00002974   Section        0  threadprioritypqueue.o(i.priQueuePeek)
    i.priQueuePeekAndRotate                  0x00002998   Section        0  threadprioritypqueue.o(i.priQueuePeekAndRotate)
    i.priQueuePush                           0x00002a14   Section        0  threadprioritypqueue.o(i.priQueuePush)
    i.priQueuePushBack                       0x00002aa8   Section        0  threadprioritypqueue.o(i.priQueuePushBack)
    i.priQueueRemove                         0x00002ac8   Section        0  threadprioritypqueue.o(i.priQueueRemove)
    i.priQueueShiftForward                   0x00002b50   Section        0  threadprioritypqueue.o(i.priQueueShiftForward)
    i.pushColor                              0x00002b6c   Section        0  st7735.o(i.pushColor)
    pushColor                                0x00002b6d   Thumb Code    18  st7735.o(i.pushColor)
    i.setAddrWindow                          0x00002b80   Section        0  st7735.o(i.setAddrWindow)
    setAddrWindow                            0x00002b81   Thumb Code   106  st7735.o(i.setAddrWindow)
    i.updateOSTime                           0x00002bf4   Section        0  os.o(i.updateOSTime)
    i.writecommand                           0x00002c14   Section        0  st7735.o(i.writecommand)
    writecommand                             0x00002c15   Thumb Code    66  st7735.o(i.writecommand)
    i.writedata                              0x00002c64   Section        0  st7735.o(i.writedata)
    writedata                                0x00002c65   Thumb Code    68  st7735.o(i.writedata)
    .constdata                               0x00002cb4   Section     2018  st7735.o(.constdata)
    Font                                     0x00002cb4   Data        1275  st7735.o(.constdata)
    Bcmd                                     0x000031af   Data         103  st7735.o(.constdata)
    Rcmd1                                    0x00003216   Data          59  st7735.o(.constdata)
    Rcmd2green                               0x00003251   Data          13  st7735.o(.constdata)
    Rcmd2red                                 0x0000325e   Data          13  st7735.o(.constdata)
    Rcmd3                                    0x0000326b   Data          43  st7735.o(.constdata)
    .constdata                               0x00003496   Section       18  can.o(.constdata)
    g_usCANBitValues                         0x00003496   Data          18  can.o(.constdata)
    .data                                    0x20000000   Section       76  st7735testmain.o(.data)
    n                                        0x20000018   Data           4  st7735testmain.o(.data)
    wheelCounter                             0x2000001c   Data           4  st7735testmain.o(.data)
    .data                                    0x2000004c   Section        4  adc.o(.data)
    .data                                    0x20000050   Section        8  idqueue.o(.data)
    .data                                    0x20000058   Section       44  os.o(.data)
    wheelCounter                             0x20000064   Data           4  os.o(.data)
    .data                                    0x20000084   Section       32  pfedgetrigger.o(.data)
    wheelCounter                             0x20000090   Data           4  pfedgetrigger.o(.data)
    .data                                    0x200000a4   Section       52  st7735.o(.data)
    _width                                   0x200000ae   Data           2  st7735.o(.data)
    _height                                  0x200000b0   Data           2  st7735.o(.data)
    ColStart                                 0x200000b8   Data           1  st7735.o(.data)
    RowStart                                 0x200000b9   Data           1  st7735.o(.data)
    Rotation                                 0x200000ba   Data           1  st7735.o(.data)
    TabColor                                 0x200000bb   Data           1  st7735.o(.data)
    .data                                    0x200000d8   Section       12  threadprioritypqueue.o(.data)
    .data                                    0x200000e4   Section       44  timer0a.o(.data)
    First                                    0x200000f4   Data           4  timer0a.o(.data)
    wheelCounter                             0x200000f8   Data           4  timer0a.o(.data)
    .data                                    0x20000110   Section       20  timer1.o(.data)
    LastTime                                 0x20000110   Data           4  timer1.o(.data)
    .data                                    0x20000124   Section       20  timer3.o(.data)
    wheelCounter                             0x20000134   Data           4  timer3.o(.data)
    .data                                    0x20000138   Section        4  timer5.o(.data)
    .data                                    0x2000013c   Section       16  uart.o(.data)
    .data                                    0x2000014c   Section       12  can0.o(.data)
    RCVData                                  0x2000014c   Data           8  can0.o(.data)
    MailFlag                                 0x20000154   Data           4  can0.o(.data)
    .data                                    0x20000158   Section        4  timer4.o(.data)
    .bss                                     0x2000015c   Section       84  idqueue.o(.bss)
    .bss                                     0x200001b0   Section     8868  os.o(.bss)
    Fifo                                     0x20002370   Data         128  os.o(.bss)
    .bss                                     0x20002454   Section       20  pfedgetrigger.o(.bss)
    .bss                                     0x20002468   Section      112  st7735.o(.bss)
    .bss                                     0x200024d8   Section       84  threadprioritypqueue.o(.bss)
    .bss                                     0x2000252c   Section       32  uart.o(.bss)
    RxFifo                                   0x2000252c   Data          16  uart.o(.bss)
    TxFifo                                   0x2000253c   Data          16  uart.o(.bss)
    STACK                                    0x20002550   Section     1024  startup.o(STACK)
    StackMem                                 0x20002550   Data           0  startup.o(STACK)

    Global Symbols

    Symbol Name                              Value     Ov Type        Size  Object(Section)

    BuildAttributes$$THM_ISAv4$E$P$D$K$B$S$7EM$PE$A:L22UL41UL21$X:L11$S22US41US21$IEEE1$IW$USESV6$~STKCKD$USESV7$~SHL$OSPACE$EBA8$MICROLIB$REQ8$PRES8$EABIv2 0x00000000   Number         0  anon$$obj.o ABSOLUTE
    __ARM_use_no_argv                        0x00000000   Number         0  st7735testmain.o ABSOLUTE
    __Vectors                                0x00000000   Data           0  startup.o(RESET)
    __cpp_initialize__aeabi_                  - Undefined Weak Reference
    __cxa_finalize                            - Undefined Weak Reference
    _clock_init                               - Undefined Weak Reference
    _microlib_exit                            - Undefined Weak Reference
    Reset_Handler                            0x0000026d   Thumb Code     0  startup.o(RESET)
    NMI_Handler                              0x00000271   Thumb Code     2  startup.o(RESET)
    MemManage_Handler                        0x00000275   Thumb Code     2  startup.o(RESET)
    BusFault_Handler                         0x00000277   Thumb Code     2  startup.o(RESET)
    UsageFault_Handler                       0x00000279   Thumb Code     2  startup.o(RESET)
    SVC_Handler                              0x0000027b   Thumb Code     2  startup.o(RESET)
    DebugMon_Handler                         0x0000027d   Thumb Code     2  startup.o(RESET)
    ADC0Seq0_Handler                         0x00000283   Thumb Code     0  startup.o(RESET)
    ADC0Seq1_Handler                         0x00000283   Thumb Code     0  startup.o(RESET)
    ADC0Seq2_Handler                         0x00000283   Thumb Code     0  startup.o(RESET)
    ADC1Seq0_Handler                         0x00000283   Thumb Code     0  startup.o(RESET)
    ADC1Seq1_Handler                         0x00000283   Thumb Code     0  startup.o(RESET)
    ADC1Seq2_Handler                         0x00000283   Thumb Code     0  startup.o(RESET)
    ADC1Seq3_Handler                         0x00000283   Thumb Code     0  startup.o(RESET)
    CAN1_Handler                             0x00000283   Thumb Code     0  startup.o(RESET)
    CAN2_Handler                             0x00000283   Thumb Code     0  startup.o(RESET)
    Comp0_Handler                            0x00000283   Thumb Code     0  startup.o(RESET)
    Comp1_Handler                            0x00000283   Thumb Code     0  startup.o(RESET)
    Comp2_Handler                            0x00000283   Thumb Code     0  startup.o(RESET)
    Ethernet_Handler                         0x00000283   Thumb Code     0  startup.o(RESET)
    ExtBus_Handler                           0x00000283   Thumb Code     0  startup.o(RESET)
    FPU_Handler                              0x00000283   Thumb Code     0  startup.o(RESET)
    Fan0_Handler                             0x00000283   Thumb Code     0  startup.o(RESET)
    FlashCtl_Handler                         0x00000283   Thumb Code     0  startup.o(RESET)
    GPIOPortA_Handler                        0x00000283   Thumb Code     0  startup.o(RESET)
    GPIOPortB_Handler                        0x00000283   Thumb Code     0  startup.o(RESET)
    GPIOPortC_Handler                        0x00000283   Thumb Code     0  startup.o(RESET)
    GPIOPortD_Handler                        0x00000283   Thumb Code     0  startup.o(RESET)
    GPIOPortE_Handler                        0x00000283   Thumb Code     0  startup.o(RESET)
    GPIOPortG_Handler                        0x00000283   Thumb Code     0  startup.o(RESET)
    GPIOPortH_Handler                        0x00000283   Thumb Code     0  startup.o(RESET)
    GPIOPortJ_Handler                        0x00000283   Thumb Code     0  startup.o(RESET)
    GPIOPortK_Handler                        0x00000283   Thumb Code     0  startup.o(RESET)
    GPIOPortL_Handler                        0x00000283   Thumb Code     0  startup.o(RESET)
    GPIOPortM_Handler                        0x00000283   Thumb Code     0  startup.o(RESET)
    GPIOPortN_Handler                        0x00000283   Thumb Code     0  startup.o(RESET)
    GPIOPortP1_Handler                       0x00000283   Thumb Code     0  startup.o(RESET)
    GPIOPortP2_Handler                       0x00000283   Thumb Code     0  startup.o(RESET)
    GPIOPortP3_Handler                       0x00000283   Thumb Code     0  startup.o(RESET)
    GPIOPortP4_Handler                       0x00000283   Thumb Code     0  startup.o(RESET)
    GPIOPortP5_Handler                       0x00000283   Thumb Code     0  startup.o(RESET)
    GPIOPortP6_Handler                       0x00000283   Thumb Code     0  startup.o(RESET)
    GPIOPortP7_Handler                       0x00000283   Thumb Code     0  startup.o(RESET)
    GPIOPortP_Handler                        0x00000283   Thumb Code     0  startup.o(RESET)
    GPIOPortQ1_Handler                       0x00000283   Thumb Code     0  startup.o(RESET)
    GPIOPortQ2_Handler                       0x00000283   Thumb Code     0  startup.o(RESET)
    GPIOPortQ3_Handler                       0x00000283   Thumb Code     0  startup.o(RESET)
    GPIOPortQ4_Handler                       0x00000283   Thumb Code     0  startup.o(RESET)
    GPIOPortQ5_Handler                       0x00000283   Thumb Code     0  startup.o(RESET)
    GPIOPortQ6_Handler                       0x00000283   Thumb Code     0  startup.o(RESET)
    GPIOPortQ7_Handler                       0x00000283   Thumb Code     0  startup.o(RESET)
    GPIOPortQ_Handler                        0x00000283   Thumb Code     0  startup.o(RESET)
    GPIOPortR_Handler                        0x00000283   Thumb Code     0  startup.o(RESET)
    GPIOPortS_Handler                        0x00000283   Thumb Code     0  startup.o(RESET)
    Hibernate_Handler                        0x00000283   Thumb Code     0  startup.o(RESET)
    I2C0_Handler                             0x00000283   Thumb Code     0  startup.o(RESET)
    I2C1_Handler                             0x00000283   Thumb Code     0  startup.o(RESET)
    I2C2_Handler                             0x00000283   Thumb Code     0  startup.o(RESET)
    I2C3_Handler                             0x00000283   Thumb Code     0  startup.o(RESET)
    I2C4_Handler                             0x00000283   Thumb Code     0  startup.o(RESET)
    I2C5_Handler                             0x00000283   Thumb Code     0  startup.o(RESET)
    I2S0_Handler                             0x00000283   Thumb Code     0  startup.o(RESET)
    LPC0_Handler                             0x00000283   Thumb Code     0  startup.o(RESET)
    PECI0_Handler                            0x00000283   Thumb Code     0  startup.o(RESET)
    PWM0Fault_Handler                        0x00000283   Thumb Code     0  startup.o(RESET)
    PWM0Generator0_Handler                   0x00000283   Thumb Code     0  startup.o(RESET)
    PWM0Generator1_Handler                   0x00000283   Thumb Code     0  startup.o(RESET)
    PWM0Generator2_Handler                   0x00000283   Thumb Code     0  startup.o(RESET)
    PWM0Generator3_Handler                   0x00000283   Thumb Code     0  startup.o(RESET)
    PWM1Fault_Handler                        0x00000283   Thumb Code     0  startup.o(RESET)
    PWM1Generator0_Handler                   0x00000283   Thumb Code     0  startup.o(RESET)
    PWM1Generator1_Handler                   0x00000283   Thumb Code     0  startup.o(RESET)
    PWM1Generator2_Handler                   0x00000283   Thumb Code     0  startup.o(RESET)
    PWM1Generator3_Handler                   0x00000283   Thumb Code     0  startup.o(RESET)
    Quadrature0_Handler                      0x00000283   Thumb Code     0  startup.o(RESET)
    Quadrature1_Handler                      0x00000283   Thumb Code     0  startup.o(RESET)
    Quadrature2_Handler                      0x00000283   Thumb Code     0  startup.o(RESET)
    SSI0_Handler                             0x00000283   Thumb Code     0  startup.o(RESET)
    SSI1_Handler                             0x00000283   Thumb Code     0  startup.o(RESET)
    SSI2_Handler                             0x00000283   Thumb Code     0  startup.o(RESET)
    SSI3_Handler                             0x00000283   Thumb Code     0  startup.o(RESET)
    SysCtl_Handler                           0x00000283   Thumb Code     0  startup.o(RESET)
    Timer0B_Handler                          0x00000283   Thumb Code     0  startup.o(RESET)
    Timer1B_Handler                          0x00000283   Thumb Code     0  startup.o(RESET)
    Timer2A_Handler                          0x00000283   Thumb Code     0  startup.o(RESET)
    Timer2B_Handler                          0x00000283   Thumb Code     0  startup.o(RESET)
    Timer3B_Handler                          0x00000283   Thumb Code     0  startup.o(RESET)
    Timer4B_Handler                          0x00000283   Thumb Code     0  startup.o(RESET)
    Timer5B_Handler                          0x00000283   Thumb Code     0  startup.o(RESET)
    UART1_Handler                            0x00000283   Thumb Code     0  startup.o(RESET)
    UART2_Handler                            0x00000283   Thumb Code     0  startup.o(RESET)
    UART3_Handler                            0x00000283   Thumb Code     0  startup.o(RESET)
    UART4_Handler                            0x00000283   Thumb Code     0  startup.o(RESET)
    UART5_Handler                            0x00000283   Thumb Code     0  startup.o(RESET)
    UART6_Handler                            0x00000283   Thumb Code     0  startup.o(RESET)
    UART7_Handler                            0x00000283   Thumb Code     0  startup.o(RESET)
    USB0_Handler                             0x00000283   Thumb Code     0  startup.o(RESET)
    WDT_Handler                              0x00000283   Thumb Code     0  startup.o(RESET)
    WideTimer0A_Handler                      0x00000283   Thumb Code     0  startup.o(RESET)
    WideTimer0B_Handler                      0x00000283   Thumb Code     0  startup.o(RESET)
    WideTimer1A_Handler                      0x00000283   Thumb Code     0  startup.o(RESET)
    WideTimer1B_Handler                      0x00000283   Thumb Code     0  startup.o(RESET)
    WideTimer2A_Handler                      0x00000283   Thumb Code     0  startup.o(RESET)
    WideTimer2B_Handler                      0x00000283   Thumb Code     0  startup.o(RESET)
    WideTimer3A_Handler                      0x00000283   Thumb Code     0  startup.o(RESET)
    WideTimer3B_Handler                      0x00000283   Thumb Code     0  startup.o(RESET)
    WideTimer4A_Handler                      0x00000283   Thumb Code     0  startup.o(RESET)
    WideTimer4B_Handler                      0x00000283   Thumb Code     0  startup.o(RESET)
    WideTimer5A_Handler                      0x00000283   Thumb Code     0  startup.o(RESET)
    WideTimer5B_Handler                      0x00000283   Thumb Code     0  startup.o(RESET)
    uDMA_Error                               0x00000283   Thumb Code     0  startup.o(RESET)
    uDMA_Handler                             0x00000283   Thumb Code     0  startup.o(RESET)
    __main                                   0x00000285   Thumb Code     0  entry.o(.ARM.Collect$$$$00000000)
    _main_stk                                0x00000285   Thumb Code     0  entry2.o(.ARM.Collect$$$$00000001)
    _main_scatterload                        0x00000289   Thumb Code     0  entry5.o(.ARM.Collect$$$$00000004)
    __main_after_scatterload                 0x0000028d   Thumb Code     0  entry5.o(.ARM.Collect$$$$00000004)
    _main_clock                              0x0000028d   Thumb Code     0  entry7b.o(.ARM.Collect$$$$00000008)
    _main_cpp_init                           0x0000028d   Thumb Code     0  entry8b.o(.ARM.Collect$$$$0000000A)
    _main_init                               0x0000028d   Thumb Code     0  entry9a.o(.ARM.Collect$$$$0000000B)
    __rt_final_cpp                           0x00000295   Thumb Code     0  entry10a.o(.ARM.Collect$$$$0000000D)
    __rt_final_exit                          0x00000295   Thumb Code     0  entry11a.o(.ARM.Collect$$$$0000000F)
    Delay                                    0x00000299   Thumb Code     6  st7735.o(.emb_text)
    OS_DisableInterrupts                     0x000002a1   Thumb Code     0  osasm.o(.text)
    OS_EnableInterrupts                      0x000002a5   Thumb Code     0  osasm.o(.text)
    SysTick_Handler                          0x000002a9   Thumb Code     0  osasm.o(.text)
    PendSV_Handler                           0x000002cf   Thumb Code     0  osasm.o(.text)
    StartOS                                  0x000002eb   Thumb Code     0  osasm.o(.text)
    PID_stm32                                0x00000311   Thumb Code     0  pid_stm32.o(.text)
    DisableInterrupts                        0x00000359   Thumb Code     0  startup.o(.text)
    EnableInterrupts                         0x0000035d   Thumb Code     0  startup.o(.text)
    StartCritical                            0x00000361   Thumb Code     0  startup.o(.text)
    EndCritical                              0x00000369   Thumb Code     0  startup.o(.text)
    WaitForInterrupt                         0x0000036f   Thumb Code     0  startup.o(.text)
    __scatterload                            0x00000375   Thumb Code    28  init.o(.text)
    __scatterload_rt2                        0x00000375   Thumb Code     0  init.o(.text)
    __decompress                             0x00000399   Thumb Code     0  __dczerorl2.o(.text)
    __decompress1                            0x00000399   Thumb Code    92  __dczerorl2.o(.text)
    ADC0Seq3_Handler                         0x000003f5   Thumb Code    20  adc.o(i.ADC0Seq3_Handler)
    ButtonWork                               0x00000415   Thumb Code   116  st7735testmain.o(i.ButtonWork)
    CAN0_GetMailNonBlock                     0x000004d9   Thumb Code    70  can0.o(i.CAN0_GetMailNonBlock)
    CAN0_Handler                             0x00000529   Thumb Code   138  can0.o(i.CAN0_Handler)
    CAN0_Open                                0x000005c1   Thumb Code   168  can0.o(i.CAN0_Open)
    CAN0_SendData                            0x00000689   Thumb Code    26  can0.o(i.CAN0_SendData)
    CANBitRateSet                            0x000006d5   Thumb Code   142  can.o(i.CANBitRateSet)
    CANEnable                                0x000007d5   Thumb Code    24  can.o(i.CANEnable)
    CANInit                                  0x000007ed   Thumb Code   148  can.o(i.CANInit)
    CANIntClear                              0x00000881   Thumb Code    76  can.o(i.CANIntClear)
    CANIntEnable                             0x000008cd   Thumb Code    26  can.o(i.CANIntEnable)
    CANIntStatus                             0x00000919   Thumb Code    60  can.o(i.CANIntStatus)
    CANMessageGet                            0x00000955   Thumb Code   434  can.o(i.CANMessageGet)
    CANMessageSet                            0x00000b07   Thumb Code   434  can.o(i.CANMessageSet)
    CANStatusGet                             0x00000d21   Thumb Code   124  can.o(i.CANStatusGet)
    CANTest                                  0x00000d9d   Thumb Code    22  st7735testmain.o(i.CANTest)
    Delay1ms                                 0x00000dbd   Thumb Code    22  st7735.o(i.Delay1ms)
    GPIOPortF_Handler                        0x00000dd5   Thumb Code   160  pfedgetrigger.o(i.GPIOPortF_Handler)
    HardFault_Handler                        0x00000e99   Thumb Code     8  os.o(i.HardFault_Handler)
    IntDisable                               0x00000ea5   Thumb Code   116  interrupt.o(i.IntDisable)
    IntEnable                                0x00000f25   Thumb Code   116  interrupt.o(i.IntEnable)
    NothingTask                              0x00000fa5   Thumb Code     2  pfedgetrigger.o(i.NothingTask)
    OS_AddSW2Task                            0x00000fa7   Thumb Code    24  os.o(i.OS_AddSW2Task)
    OS_AddThread                             0x00000fc1   Thumb Code   324  os.o(i.OS_AddThread)
    OS_ClearMsTime                           0x00001119   Thumb Code     8  os.o(i.OS_ClearMsTime)
    OS_Fifo_Init                             0x00001125   Thumb Code    46  os.o(i.OS_Fifo_Init)
    OS_Id                                    0x00001171   Thumb Code     8  os.o(i.OS_Id)
    OS_Init                                  0x0000117d   Thumb Code   100  os.o(i.OS_Init)
    OS_InitDriverInitSemaphore               0x000011f5   Thumb Code    12  os.o(i.OS_InitDriverInitSemaphore)
    OS_InitSemaphore                         0x00001205   Thumb Code    22  os.o(i.OS_InitSemaphore)
    OS_Kill                                  0x0000121d   Thumb Code    78  os.o(i.OS_Kill)
    OS_KilledSuspend                         0x00001279   Thumb Code    18  os.o(i.OS_KilledSuspend)
    OS_Launch                                0x00001291   Thumb Code    30  os.o(i.OS_Launch)
    OS_MailBox_Init                          0x000012b5   Thumb Code    18  os.o(i.OS_MailBox_Init)
    OS_MsTime                                0x000012d5   Thumb Code     6  os.o(i.OS_MsTime)
    OS_Signal                                0x000012e1   Thumb Code    70  os.o(i.OS_Signal)
    OS_Sleep                                 0x00001331   Thumb Code    36  os.o(i.OS_Sleep)
    OS_Suspend                               0x00001359   Thumb Code    18  os.o(i.OS_Suspend)
    OS_Wait                                  0x00001371   Thumb Code   146  os.o(i.OS_Wait)
    OutCRLF                                  0x0000140d   Thumb Code    16  uart.o(i.OutCRLF)
    PF0Edge_Task                             0x0000141d   Thumb Code    16  pfedgetrigger.o(i.PF0Edge_Task)
    PFEdge_Init                              0x00001439   Thumb Code   200  pfedgetrigger.o(i.PFEdge_Init)
    PID                                      0x00001529   Thumb Code   108  st7735testmain.o(i.PID)
    PLL_Init                                 0x000015b5   Thumb Code   118  pll.o(i.PLL_Init)
    RxFifo_Init                              0x00001631   Thumb Code    26  uart.o(i.RxFifo_Init)
    RxFifo_Put                               0x00001655   Thumb Code    48  uart.o(i.RxFifo_Put)
    RxFifo_Size                              0x00001691   Thumb Code    14  uart.o(i.RxFifo_Size)
    ST7735_DrawCharS                         0x000016a9   Thumb Code   232  st7735.o(i.ST7735_DrawCharS)
    ST7735_DrawPixel                         0x0000179d   Thumb Code    64  st7735.o(i.ST7735_DrawPixel)
    ST7735_DrawString                        0x000017e5   Thumb Code    86  st7735.o(i.ST7735_DrawString)
    ST7735_DrawStringDivided                 0x0000183b   Thumb Code   164  st7735.o(i.ST7735_DrawStringDivided)
    ST7735_FillRect                          0x000018e1   Thumb Code   164  st7735.o(i.ST7735_FillRect)
    ST7735_FillScreen                        0x0000198d   Thumb Code    28  st7735.o(i.ST7735_FillScreen)
    ST7735_InitRDivided                      0x000019b1   Thumb Code   112  st7735.o(i.ST7735_InitRDivided)
    ST7735_Message                           0x00001a5d   Thumb Code    74  st7735.o(i.ST7735_Message)
    ST7735_MessageDecBody                    0x00001ac9   Thumb Code   280  st7735.o(i.ST7735_MessageDecBody)
    ST7735_MessageStringBody                 0x00001bfd   Thumb Code    36  st7735.o(i.ST7735_MessageStringBody)
    ST7735_OutCharDivided                    0x00001c21   Thumb Code   322  st7735.o(i.ST7735_OutCharDivided)
    ST7735_SetCursor                         0x00001d89   Thumb Code    22  st7735.o(i.ST7735_SetCursor)
    ST7735_SetCursorDivided                  0x00001da9   Thumb Code    32  st7735.o(i.ST7735_SetCursorDivided)
    SW2Push                                  0x00001dd1   Thumb Code    28  st7735testmain.o(i.SW2Push)
    Scheduler                                0x00001df5   Thumb Code    12  os.o(i.Scheduler)
    SetInitialStack                          0x00001e05   Thumb Code   326  os.o(i.SetInitialStack)
    Timer0A_Handler                          0x00001f55   Thumb Code    92  timer0a.o(i.Timer0A_Handler)
    Timer1A_Handler                          0x00001fc5   Thumb Code    16  timer1.o(i.Timer1A_Handler)
    Timer3A_Handler                          0x00001fdd   Thumb Code    78  timer3.o(i.Timer3A_Handler)
    Timer4A_Handler                          0x0000203d   Thumb Code    16  timer4.o(i.Timer4A_Handler)
    Timer4_Init                              0x00002055   Thumb Code    92  timer4.o(i.Timer4_Init)
    Timer5A_Handler                          0x000020c5   Thumb Code    16  timer5.o(i.Timer5A_Handler)
    Timer5_Init                              0x000020dd   Thumb Code   100  timer5.o(i.Timer5_Init)
    TxFifo_Get                               0x00002155   Thumb Code    46  uart.o(i.TxFifo_Get)
    TxFifo_Init                              0x00002191   Thumb Code    26  uart.o(i.TxFifo_Init)
    TxFifo_Put                               0x000021b5   Thumb Code    48  uart.o(i.TxFifo_Put)
    TxFifo_Size                              0x000021f1   Thumb Code    14  uart.o(i.TxFifo_Size)
    UART0_Handler                            0x00002209   Thumb Code    82  uart.o(i.UART0_Handler)
    UART_Init                                0x00002261   Thumb Code   178  uart.o(i.UART_Init)
    UART_OutChar                             0x0000232d   Thumb Code    46  uart.o(i.UART_OutChar)
    UART_OutString                           0x00002361   Thumb Code    24  uart.o(i.UART_OutString)
    UserTask                                 0x00002379   Thumb Code    52  st7735testmain.o(i.UserTask)
    __scatterload_copy                       0x000023b5   Thumb Code    14  handlers.o(i.__scatterload_copy)
    __scatterload_null                       0x000023c3   Thumb Code     2  handlers.o(i.__scatterload_null)
    __scatterload_zeroinit                   0x000023c5   Thumb Code    14  handlers.o(i.__scatterload_zeroinit)
    doSleepDecrement                         0x000026b1   Thumb Code    56  os.o(i.doSleepDecrement)
    fillDividedMessage                       0x000026ed   Thumb Code   134  st7735.o(i.fillDividedMessage)
    getMaxJitterT1                           0x00002785   Thumb Code     6  timer1.o(i.getMaxJitterT1)
    idQueuePop                               0x00002791   Thumb Code    48  idqueue.o(i.idQueuePop)
    idQueuePush                              0x000027cd   Thumb Code    66  idqueue.o(i.idQueuePush)
    initHardFault                            0x0000281d   Thumb Code    94  os.o(i.initHardFault)
    main                                     0x00002891   Thumb Code   118  st7735testmain.o(i.main)
    postLauntInits                           0x0000292d   Thumb Code    46  st7735testmain.o(i.postLauntInits)
    priQueuePeek                             0x00002975   Thumb Code    22  threadprioritypqueue.o(i.priQueuePeek)
    priQueuePeekAndRotate                    0x00002999   Thumb Code   110  threadprioritypqueue.o(i.priQueuePeekAndRotate)
    priQueuePush                             0x00002a15   Thumb Code   132  threadprioritypqueue.o(i.priQueuePush)
    priQueuePushBack                         0x00002aa9   Thumb Code    26  threadprioritypqueue.o(i.priQueuePushBack)
    priQueueRemove                           0x00002ac9   Thumb Code   120  threadprioritypqueue.o(i.priQueueRemove)
    priQueueShiftForward                     0x00002b51   Thumb Code    24  threadprioritypqueue.o(i.priQueueShiftForward)
    updateOSTime                             0x00002bf5   Thumb Code    22  os.o(i.updateOSTime)
    dBfs                                     0x00003296   Data         512  st7735.o(.constdata)
    Region$$Table$$Base                      0x000034a8   Number         0  anon$$obj.o(Region$$Table)
    Region$$Table$$Limit                     0x000034c8   Number         0  anon$$obj.o(Region$$Table)
    DataLost                                 0x20000000   Data           4  st7735testmain.o(.data)
    numCreated                               0x20000004   Data           4  st7735testmain.o(.data)
    numThreads                               0x20000008   Data           4  st7735testmain.o(.data)
    debugBlocked                             0x2000000c   Data           4  st7735testmain.o(.data)
    RcvCount                                 0x20000010   Data           4  st7735testmain.o(.data)
    sequenceNum                              0x20000014   Data           1  st7735testmain.o(.data)
    PIDWork                                  0x20000020   Data           4  st7735testmain.o(.data)
    FilterWork                               0x20000024   Data           4  st7735testmain.o(.data)
    NumSamples                               0x20000028   Data           4  st7735testmain.o(.data)
    DASoutput                                0x2000002c   Data           4  st7735testmain.o(.data)
    IntTerm                                  0x20000030   Data           2  st7735testmain.o(.data)
    PrevError                                0x20000032   Data           2  st7735testmain.o(.data)
    Coeff                                    0x20000034   Data           6  st7735testmain.o(.data)
    Actuator                                 0x2000003a   Data           2  st7735testmain.o(.data)
    XmtData                                  0x2000003c   Data           8  st7735testmain.o(.data)
    RcvData                                  0x20000044   Data           8  st7735testmain.o(.data)
    ProducerTask                             0x2000004c   Data           4  adc.o(.data)
    idQueueHead                              0x20000050   Data           4  idqueue.o(.data)
    idQueueTail                              0x20000054   Data           4  idqueue.o(.data)
    firstThreadEver                          0x20000058   Data           4  os.o(.data)
    numPeriodicThreads                       0x2000005c   Data           4  os.o(.data)
    lockCritical                             0x20000060   Data           4  os.o(.data)
    RunPt                                    0x20000068   Data           4  os.o(.data)
    OStime                                   0x2000006c   Data           4  os.o(.data)
    OStimeMS                                 0x20000070   Data           4  os.o(.data)
    PutPt                                    0x20000074   Data           4  os.o(.data)
    GetPt                                    0x20000078   Data           4  os.o(.data)
    LostData                                 0x2000007c   Data           4  os.o(.data)
    mailValue                                0x20000080   Data           4  os.o(.data)
    bPFNeedInit                              0x20000084   Data           4  pfedgetrigger.o(.data)
    bNothingAssignedToPF0                    0x20000088   Data           4  pfedgetrigger.o(.data)
    bNothingAssignedToPF4                    0x2000008c   Data           4  pfedgetrigger.o(.data)
    PF0Task                                  0x20000094   Data           4  pfedgetrigger.o(.data)
    PF4Task                                  0x20000098   Data           4  pfedgetrigger.o(.data)
    PF0Priority                              0x2000009c   Data           4  pfedgetrigger.o(.data)
    PF4Priority                              0x200000a0   Data           4  pfedgetrigger.o(.data)
    StX                                      0x200000a4   Data           4  st7735.o(.data)
    StY                                      0x200000a8   Data           4  st7735.o(.data)
    StTextColor                              0x200000ac   Data           2  st7735.o(.data)
    lastj                                    0x200000b4   Data           4  st7735.o(.data)
    Messageindex                             0x200000bc   Data           4  st7735.o(.data)
    Ymax                                     0x200000c0   Data           4  st7735.o(.data)
    Ymin                                     0x200000c4   Data           4  st7735.o(.data)
    X                                        0x200000c8   Data           4  st7735.o(.data)
    Yrange                                   0x200000cc   Data           4  st7735.o(.data)
    MessageindexDivided0                     0x200000d0   Data           4  st7735.o(.data)
    MessageindexDivided1                     0x200000d4   Data           4  st7735.o(.data)
    priQueueHead                             0x200000d8   Data           4  threadprioritypqueue.o(.data)
    priQueueTail                             0x200000dc   Data           4  threadprioritypqueue.o(.data)
    numPriItems                              0x200000e0   Data           4  threadprioritypqueue.o(.data)
    lastTimePing6_7                          0x200000e4   Data           4  timer0a.o(.data)
    nowTimePing6_7                           0x200000e8   Data           4  timer0a.o(.data)
    pulsePeriodPing6_7                       0x200000ec   Data           4  timer0a.o(.data)
    pingPB6_7_ready                          0x200000f0   Data           4  timer0a.o(.data)
    PeriodicTask0                            0x200000fc   Data           4  timer0a.o(.data)
    MaxJitterT0                              0x20000100   Data           4  timer0a.o(.data)
    FilterWorkT0                             0x20000104   Data           4  timer0a.o(.data)
    PERIODT0                                 0x20000108   Data           4  timer0a.o(.data)
    TIMER0A_ThreadPriority                   0x2000010c   Data           4  timer0a.o(.data)
    PeriodicTask3                            0x20000114   Data           4  timer1.o(.data)
    MaxJitterT1                              0x20000118   Data           4  timer1.o(.data)
    FilterWorkT1                             0x2000011c   Data           4  timer1.o(.data)
    PERIODT1                                 0x20000120   Data           4  timer1.o(.data)
    lastTime                                 0x20000124   Data           4  timer3.o(.data)
    nowTime                                  0x20000128   Data           4  timer3.o(.data)
    pulsePeriod                              0x2000012c   Data           4  timer3.o(.data)
    pingPB2_3_ready                          0x20000130   Data           4  timer3.o(.data)
    PeriodicTask                             0x20000138   Data           4  timer5.o(.data)
    RxPutI                                   0x2000013c   Data           4  uart.o(.data)
    RxGetI                                   0x20000140   Data           4  uart.o(.data)
    TxPutI                                   0x20000144   Data           4  uart.o(.data)
    TxGetI                                   0x20000148   Data           4  uart.o(.data)
    Timer4PeriodicTask                       0x20000158   Data           4  timer4.o(.data)
    idQueue                                  0x2000015c   Data          84  idqueue.o(.bss)
    tcbs                                     0x200001b0   Data         640  os.o(.bss)
    Stacks                                   0x20000430   Data        8000  os.o(.bss)
    CurrentSize                              0x200023f0   Data          20  os.o(.bss)
    RoomLeft                                 0x20002404   Data          20  os.o(.bss)
    FIFOmutex                                0x20002418   Data          20  os.o(.bss)
    mailSend                                 0x2000242c   Data          20  os.o(.bss)
    mailAck                                  0x20002440   Data          20  os.o(.bss)
    mutexPFInit                              0x20002454   Data          20  pfedgetrigger.o(.bss)
    StX_0                                    0x20002468   Data          28  st7735.o(.bss)
    StX_1                                    0x20002484   Data          28  st7735.o(.bss)
    mutexLCD                                 0x200024a0   Data          20  st7735.o(.bss)
    Message                                  0x200024b4   Data          12  st7735.o(.bss)
    MessageDivded0                           0x200024c0   Data          12  st7735.o(.bss)
    MessageDivded1                           0x200024cc   Data          12  st7735.o(.bss)
    priQueue                                 0x200024d8   Data          84  threadprioritypqueue.o(.bss)
    __initial_sp                             0x20002950   Data           0  startup.o(STACK)



==============================================================================

Memory Map of the image

  Image Entry point : 0x0000026d

  Load Region LR_1 (Base: 0x00000000, Size: 0x00003624, Max: 0xffffffff, ABSOLUTE, COMPRESSED[0x000034dc])

    Execution Region ER_RO (Base: 0x00000000, Size: 0x000034c8, Max: 0xffffffff, ABSOLUTE)

    Base Addr    Size         Type   Attr      Idx    E Section Name        Object

    0x00000000   0x00000284   Code   RO         1665  * RESET               startup.o
    0x00000284   0x00000000   Code   RO         1672  * .ARM.Collect$$$$00000000  mc_w.l(entry.o)
    0x00000284   0x00000004   Code   RO         1675    .ARM.Collect$$$$00000001  mc_w.l(entry2.o)
    0x00000288   0x00000004   Code   RO         1678    .ARM.Collect$$$$00000004  mc_w.l(entry5.o)
    0x0000028c   0x00000000   Code   RO         1680    .ARM.Collect$$$$00000008  mc_w.l(entry7b.o)
    0x0000028c   0x00000000   Code   RO         1682    .ARM.Collect$$$$0000000A  mc_w.l(entry8b.o)
    0x0000028c   0x00000008   Code   RO         1683    .ARM.Collect$$$$0000000B  mc_w.l(entry9a.o)
    0x00000294   0x00000000   Code   RO         1685    .ARM.Collect$$$$0000000D  mc_w.l(entry10a.o)
    0x00000294   0x00000000   Code   RO         1687    .ARM.Collect$$$$0000000F  mc_w.l(entry11a.o)
    0x00000294   0x00000004   Code   RO         1676    .ARM.Collect$$$$00002712  mc_w.l(entry2.o)
    0x00000298   0x00000006   Code   RO          672    .emb_text           st7735.o
    0x0000029e   0x00000002   PAD
    0x000002a0   0x00000070   Code   RO         1657    .text               osasm.o
    0x00000310   0x00000048   Code   RO         1660    .text               pid_stm32.o
    0x00000358   0x0000001c   Code   RO         1666    .text               startup.o
    0x00000374   0x00000024   Code   RO         1689    .text               mc_w.l(init.o)
    0x00000398   0x0000005c   Code   RO         1699    .text               mc_w.l(__dczerorl2.o)
    0x000003f4   0x00000020   Code   RO          170    i.ADC0Seq3_Handler  adc.o
    0x00000414   0x000000c4   Code   RO            1    i.ButtonWork        st7735testmain.o
    0x000004d8   0x00000050   Code   RO         1494    i.CAN0_GetMailNonBlock  can0.o
    0x00000528   0x00000098   Code   RO         1495    i.CAN0_Handler      can0.o
    0x000005c0   0x000000c8   Code   RO         1496    i.CAN0_Open         can0.o
    0x00000688   0x0000001a   Code   RO         1497    i.CAN0_SendData     can0.o
    0x000006a2   0x00000002   PAD
    0x000006a4   0x00000030   Code   RO         1498    i.CAN0_Setup_Message_Object  can0.o
    0x000006d4   0x00000094   Code   RO         1333    i.CANBitRateSet     can.o
    0x00000768   0x00000036   Code   RO         1334    i.CANDataRegRead    can.o
    0x0000079e   0x00000036   Code   RO         1335    i.CANDataRegWrite   can.o
    0x000007d4   0x00000018   Code   RO         1337    i.CANEnable         can.o
    0x000007ec   0x00000094   Code   RO         1339    i.CANInit           can.o
    0x00000880   0x0000004c   Code   RO         1340    i.CANIntClear       can.o
    0x000008cc   0x0000001a   Code   RO         1342    i.CANIntEnable      can.o
    0x000008e6   0x00000002   PAD
    0x000008e8   0x00000030   Code   RO         1343    i.CANIntNumberGet   can.o
    0x00000918   0x0000003c   Code   RO         1345    i.CANIntStatus      can.o
    0x00000954   0x000001b2   Code   RO         1348    i.CANMessageGet     can.o
    0x00000b06   0x000001b2   Code   RO         1349    i.CANMessageSet     can.o
    0x00000cb8   0x00000050   Code   RO         1350    i.CANRegRead        can.o
    0x00000d08   0x00000018   Code   RO         1351    i.CANRegWrite       can.o
    0x00000d20   0x0000007c   Code   RO         1354    i.CANStatusGet      can.o
    0x00000d9c   0x00000020   Code   RO            2    i.CANTest           st7735testmain.o
    0x00000dbc   0x00000016   Code   RO          673    i.Delay1ms          st7735.o
    0x00000dd2   0x00000002   PAD
    0x00000dd4   0x000000c4   Code   RO          609    i.GPIOPortF_Handler  pfedgetrigger.o
    0x00000e98   0x0000000c   Code   RO          356    i.HardFault_Handler  os.o
    0x00000ea4   0x00000080   Code   RO         1548    i.IntDisable        interrupt.o
    0x00000f24   0x00000080   Code   RO         1549    i.IntEnable         interrupt.o
    0x00000fa4   0x00000002   Code   RO          610    i.NothingTask       pfedgetrigger.o
    0x00000fa6   0x00000018   Code   RO          359    i.OS_AddSW2Task     os.o
    0x00000fbe   0x00000002   PAD
    0x00000fc0   0x00000158   Code   RO          360    i.OS_AddThread      os.o
    0x00001118   0x0000000c   Code   RO          361    i.OS_ClearMsTime    os.o
    0x00001124   0x0000004c   Code   RO          363    i.OS_Fifo_Init      os.o
    0x00001170   0x0000000c   Code   RO          366    i.OS_Id             os.o
    0x0000117c   0x00000078   Code   RO          367    i.OS_Init           os.o
    0x000011f4   0x00000010   Code   RO          368    i.OS_InitDriverInitSemaphore  os.o
    0x00001204   0x00000016   Code   RO          369    i.OS_InitSemaphore  os.o
    0x0000121a   0x00000002   PAD
    0x0000121c   0x0000005c   Code   RO          370    i.OS_Kill           os.o
    0x00001278   0x00000018   Code   RO          371    i.OS_KilledSuspend  os.o
    0x00001290   0x00000024   Code   RO          372    i.OS_Launch         os.o
    0x000012b4   0x00000020   Code   RO          374    i.OS_MailBox_Init   os.o
    0x000012d4   0x0000000c   Code   RO          377    i.OS_MsTime         os.o
    0x000012e0   0x00000050   Code   RO          378    i.OS_Signal         os.o
    0x00001330   0x00000028   Code   RO          379    i.OS_Sleep          os.o
    0x00001358   0x00000018   Code   RO          380    i.OS_Suspend        os.o
    0x00001370   0x0000009c   Code   RO          384    i.OS_Wait           os.o
    0x0000140c   0x00000010   Code   RO         1196    i.OutCRLF           uart.o
    0x0000141c   0x0000001c   Code   RO          611    i.PF0Edge_Task      pfedgetrigger.o
    0x00001438   0x000000f0   Code   RO          613    i.PFEdge_Init       pfedgetrigger.o
    0x00001528   0x0000008c   Code   RO            8    i.PID               st7735testmain.o
    0x000015b4   0x0000007c   Code   RO          657    i.PLL_Init          pll.o
    0x00001630   0x00000024   Code   RO         1198    i.RxFifo_Init       uart.o
    0x00001654   0x0000003c   Code   RO         1199    i.RxFifo_Put        uart.o
    0x00001690   0x00000018   Code   RO         1200    i.RxFifo_Size       uart.o
    0x000016a8   0x000000f4   Code   RO          682    i.ST7735_DrawCharS  st7735.o
    0x0000179c   0x00000048   Code   RO          685    i.ST7735_DrawPixel  st7735.o
    0x000017e4   0x00000056   Code   RO          686    i.ST7735_DrawString  st7735.o
    0x0000183a   0x000000a4   Code   RO          687    i.ST7735_DrawStringDivided  st7735.o
    0x000018de   0x00000002   PAD
    0x000018e0   0x000000ac   Code   RO          688    i.ST7735_FillRect   st7735.o
    0x0000198c   0x00000024   Code   RO          689    i.ST7735_FillScreen  st7735.o
    0x000019b0   0x000000ac   Code   RO          692    i.ST7735_InitRDivided  st7735.o
    0x00001a5c   0x0000006c   Code   RO          694    i.ST7735_Message    st7735.o
    0x00001ac8   0x00000134   Code   RO          696    i.ST7735_MessageDecBody  st7735.o
    0x00001bfc   0x00000024   Code   RO          698    i.ST7735_MessageStringBody  st7735.o
    0x00001c20   0x00000168   Code   RO          700    i.ST7735_OutCharDivided  st7735.o
    0x00001d88   0x00000020   Code   RO          711    i.ST7735_SetCursor  st7735.o
    0x00001da8   0x00000028   Code   RO          712    i.ST7735_SetCursorDivided  st7735.o
    0x00001dd0   0x00000024   Code   RO           15    i.SW2Push           st7735testmain.o
    0x00001df4   0x00000010   Code   RO          387    i.Scheduler         os.o
    0x00001e04   0x00000150   Code   RO          388    i.SetInitialStack   os.o
    0x00001f54   0x00000070   Code   RO         1078    i.Timer0A_Handler   timer0a.o
    0x00001fc4   0x00000018   Code   RO         1106    i.Timer1A_Handler   timer1.o
    0x00001fdc   0x00000060   Code   RO         1143    i.Timer3A_Handler   timer3.o
    0x0000203c   0x00000018   Code   RO         1630    i.Timer4A_Handler   timer4.o
    0x00002054   0x00000070   Code   RO         1631    i.Timer4_Init       timer4.o
    0x000020c4   0x00000018   Code   RO         1175    i.Timer5A_Handler   timer5.o
    0x000020dc   0x00000078   Code   RO         1176    i.Timer5_Init       timer5.o
    0x00002154   0x0000003c   Code   RO         1201    i.TxFifo_Get        uart.o
    0x00002190   0x00000024   Code   RO         1202    i.TxFifo_Init       uart.o
    0x000021b4   0x0000003c   Code   RO         1203    i.TxFifo_Put        uart.o
    0x000021f0   0x00000018   Code   RO         1204    i.TxFifo_Size       uart.o
    0x00002208   0x00000058   Code   RO         1205    i.UART0_Handler     uart.o
    0x00002260   0x000000cc   Code   RO         1210    i.UART_Init         uart.o
    0x0000232c   0x00000034   Code   RO         1211    i.UART_OutChar      uart.o
    0x00002360   0x00000018   Code   RO         1212    i.UART_OutString    uart.o
    0x00002378   0x0000003c   Code   RO           16    i.UserTask          st7735testmain.o
    0x000023b4   0x0000000e   Code   RO         1693    i.__scatterload_copy  mc_w.l(handlers.o)
    0x000023c2   0x00000002   Code   RO         1694    i.__scatterload_null  mc_w.l(handlers.o)
    0x000023c4   0x0000000e   Code   RO         1695    i.__scatterload_zeroinit  mc_w.l(handlers.o)
    0x000023d2   0x00000056   Code   RO          716    i.commandList       st7735.o
    0x00002428   0x00000234   Code   RO          717    i.commonInit        st7735.o
    0x0000265c   0x00000028   Code   RO         1215    i.copyHardwareToSoftware  uart.o
    0x00002684   0x0000002c   Code   RO         1216    i.copySoftwareToHardware  uart.o
    0x000026b0   0x0000003c   Code   RO          389    i.doSleepDecrement  os.o
    0x000026ec   0x00000098   Code   RO          720    i.fillDividedMessage  st7735.o
    0x00002784   0x0000000c   Code   RO         1109    i.getMaxJitterT1    timer1.o
    0x00002790   0x0000003c   Code   RO          239    i.idQueuePop        idqueue.o
    0x000027cc   0x00000050   Code   RO          240    i.idQueuePush       idqueue.o
    0x0000281c   0x00000074   Code   RO          390    i.initHardFault     os.o
    0x00002890   0x0000009c   Code   RO           17    i.main              st7735testmain.o
    0x0000292c   0x00000048   Code   RO           18    i.postLauntInits    st7735testmain.o
    0x00002974   0x00000024   Code   RO         1021    i.priQueuePeek      threadprioritypqueue.o
    0x00002998   0x0000007c   Code   RO         1022    i.priQueuePeekAndRotate  threadprioritypqueue.o
    0x00002a14   0x00000094   Code   RO         1024    i.priQueuePush      threadprioritypqueue.o
    0x00002aa8   0x00000020   Code   RO         1025    i.priQueuePushBack  threadprioritypqueue.o
    0x00002ac8   0x00000088   Code   RO         1026    i.priQueueRemove    threadprioritypqueue.o
    0x00002b50   0x0000001c   Code   RO         1027    i.priQueueShiftForward  threadprioritypqueue.o
    0x00002b6c   0x00000012   Code   RO          723    i.pushColor         st7735.o
    0x00002b7e   0x00000002   PAD
    0x00002b80   0x00000074   Code   RO          724    i.setAddrWindow     st7735.o
    0x00002bf4   0x00000020   Code   RO          391    i.updateOSTime      os.o
    0x00002c14   0x00000050   Code   RO          725    i.writecommand      st7735.o
    0x00002c64   0x00000050   Code   RO          726    i.writedata         st7735.o
    0x00002cb4   0x000007e2   Data   RO          728    .constdata          st7735.o
    0x00003496   0x00000012   Data   RO         1355    .constdata          can.o
    0x000034a8   0x00000020   Data   RO         1691    Region$$Table       anon$$obj.o


    Execution Region ER_RW (Base: 0x20000000, Size: 0x0000015c, Max: 0xffffffff, ABSOLUTE, COMPRESSED[0x00000014])

    Base Addr    Size         Type   Attr      Idx    E Section Name        Object

    0x20000000   0x0000004c   Data   RW           21    .data               st7735testmain.o
    0x2000004c   0x00000004   Data   RW          175    .data               adc.o
    0x20000050   0x00000008   Data   RW          242    .data               idqueue.o
    0x20000058   0x0000002c   Data   RW          394    .data               os.o
    0x20000084   0x00000020   Data   RW          616    .data               pfedgetrigger.o
    0x200000a4   0x00000034   Data   RW          729    .data               st7735.o
    0x200000d8   0x0000000c   Data   RW         1029    .data               threadprioritypqueue.o
    0x200000e4   0x0000002c   Data   RW         1082    .data               timer0a.o
    0x20000110   0x00000014   Data   RW         1112    .data               timer1.o
    0x20000124   0x00000014   Data   RW         1146    .data               timer3.o
    0x20000138   0x00000004   Data   RW         1177    .data               timer5.o
    0x2000013c   0x00000010   Data   RW         1218    .data               uart.o
    0x2000014c   0x0000000c   Data   RW         1499    .data               can0.o
    0x20000158   0x00000004   Data   RW         1632    .data               timer4.o


    Execution Region ER_ZI (Base: 0x2000015c, Size: 0x000027f4, Max: 0xffffffff, ABSOLUTE)

    Base Addr    Size         Type   Attr      Idx    E Section Name        Object

    0x2000015c   0x00000054   Zero   RW          241    .bss                idqueue.o
    0x200001b0   0x000022a4   Zero   RW          392    .bss                os.o
    0x20002454   0x00000014   Zero   RW          614    .bss                pfedgetrigger.o
    0x20002468   0x00000070   Zero   RW          727    .bss                st7735.o
    0x200024d8   0x00000054   Zero   RW         1028    .bss                threadprioritypqueue.o
    0x2000252c   0x00000020   Zero   RW         1217    .bss                uart.o
    0x2000254c   0x00000004   PAD
    0x20002550   0x00000400   Zero   RW         1663    STACK               startup.o


==============================================================================

Image component sizes


      Code (inc. data)   RO Data    RW Data    ZI Data      Debug   Object Name

        32         12          0          4          0       2242   adc.o
      1734         20         18          0          0      16857   can.o
       506         60          0         12          0       4298   can0.o
       140         26          0          8         84       2971   idqueue.o
         0          0          0          0          0        724   interpreter.o
       256         24          0          0          0       1237   interrupt.o
      1694        212          0         44       8868      17010   os.o
       112          6          0          0          0        364   osasm.o
       466         88          0         32         20       5174   pfedgetrigger.o
        72          8          0          0          0        352   pid_stm32.o
       124          6          0          0          0        571   pll.o
      2954        330       2018         52        112      21104   st7735.o
       692        202          0         76          0      11355   st7735testmain.o
       672        622          0          0       1024       1168   startup.o
       504         70          0         12         84       6112   threadprioritypqueue.o
       112         20          0         44          0       2176   timer0a.o
        36         14          0         20          0       2834   timer1.o
        96         18          0         20          0       1065   timer3.o
       136         28          0          4          0       1985   timer4.o
       144         28          0          4          0       2031   timer5.o
       768        126          0         16         32       9431   uart.o

    ----------------------------------------------------------------------
     11266       1920       2068        348      10228     111061   Object Totals
         0          0         32          0          0          0   (incl. Generated)
        16          0          0          0          4          0   (incl. Padding)

    ----------------------------------------------------------------------

      Code (inc. data)   RO Data    RW Data    ZI Data      Debug   Library Member Name

        92          0          0          0          0          0   __dczerorl2.o
         0          0          0          0          0          0   entry.o
         0          0          0          0          0          0   entry10a.o
         0          0          0          0          0          0   entry11a.o
         8          4          0          0          0          0   entry2.o
         4          0          0          0          0          0   entry5.o
         0          0          0          0          0          0   entry7b.o
         0          0          0          0          0          0   entry8b.o
         8          4          0          0          0          0   entry9a.o
        30          0          0          0          0          0   handlers.o
        36          8          0          0          0         68   init.o

    ----------------------------------------------------------------------
       178         16          0          0          0         68   Library Totals
         0          0          0          0          0          0   (incl. Padding)

    ----------------------------------------------------------------------

      Code (inc. data)   RO Data    RW Data    ZI Data      Debug   Library Name

       178         16          0          0          0         68   mc_w.l

    ----------------------------------------------------------------------
       178         16          0          0          0         68   Library Totals

    ----------------------------------------------------------------------

==============================================================================


      Code (inc. data)   RO Data    RW Data    ZI Data      Debug   

     11444       1936       2068        348      10228     105669   Grand Totals
     11444       1936       2068         20      10228     105669   ELF Image Totals (compressed)
     11444       1936       2068         20          0          0   ROM Totals

==============================================================================

    Total RO  Size (Code + RO Data)                13512 (  13.20kB)
    Total RW  Size (RW Data + ZI Data)             10576 (  10.33kB)
    Total ROM Size (Code + RO Data + RW Data)      13532 (  13.21kB)

==============================================================================

