<html>
<body>
<pre>
<h1>µVision Build Log</h1>
<h2>Project:</h2>
C:\Users\Admin\Documents\School\Junior 2\EE445M\ValvanoWareTM4C123\robot-lab6-7-ar47986_lk7236_jl57566_ecl625\OS_Motor\Lab3Working3PriorityBlockingFinal\lab1.uvproj
Project File Date:  04/19/2017

<h2>Output:</h2>
Build target 'ST7735'
linking...
Program Size: Code=10692 RO-data=2068 RW-data=344 ZI-data=10224  
".\ST7735.axf" - 0 Error(s), 0 Warning(s).
Load "C:\\Users\\Admin\\Documents\\School\\Junior 2\\EE445M\\ValvanoWareTM4C123\\robot-lab6-7-ar47986_lk7236_jl57566_ecl625\\OS_Motor\\Lab3Working3PriorityBlockingFinal\\ST7735.axf" 
Connecting: Mode=JTAG, Speed=1000000Hz
Erase Done.
Programming Done.
Verify OK.
</pre>
</body>
</html>
;
ST7735TestMain.c(352): warning:  #177-D: variable "RightPower" was declared but never referenced
    uint32_t RightPower = 5;
ST7735TestMain.c(425): warning:  #111-D: statement is unreachable
        LEDS = RED;
ST7735TestMain.c(393): warning:  #177-D: variable "LeftPower" was declared but never referenced
        uint32_t LeftPower = 5;
ST7735TestMain.c(394): warning:  #177-D: variable "RightPower" was declared but never referenced
    uint32_t RightPower = 5;
ST7735TestMain.c: 8 warnings, 0 errors
linking...
Program Size: Code=10692 RO-data=2068 RW-data=344 ZI-data=10224  
".\ST7735.axf" - 0 Error(s), 8 Warning(s).
Load "C:\\Users\\Admin\\Documents\\School\\Junior 2\\EE445M\\ValvanoWareTM4C123\\robot-lab6-7-ar47986_lk7236_jl57566_ecl625\\OS_Motor\\Lab3Working3PriorityBlockingFinal\\ST7735.axf" 
Connecting: Mode=JTAG, Speed=1000000Hz
Connection failed!, error code=&d
Error: Flash Download failed  -  Target DLL has been cancelled
ng osasm.s...
assembling PID_stm32.s...
assembling startup.s...
compiling PFEdgeTrigger.c...
compiling PWM.c...
linking...
Program Size: Code=10596 RO-data=2068 RW-data=344 ZI-data=10224  
".\ST7735.axf" - 0 Error(s), 8 Warning(s).
