ARM Linker, 5.03 [Build 76] [MDK-ARM Professional]

==============================================================================

Section Cross References

    st7735testmain.o(i.CANTest) refers to can0.o(i.CAN0_GetMailNonBlock) for CAN0_GetMailNonBlock
    st7735testmain.o(i.CANTest) refers to uart.o(i.UART_OutChar) for UART_OutChar
    st7735testmain.o(i.CANTest) refers to uart.o(i.OutCRLF) for OutCRLF
    st7735testmain.o(i.CANTest) refers to os.o(i.OS_Sleep) for OS_Sleep
    st7735testmain.o(i.CANTest) refers to st7735testmain.o(.data) for RcvData
    st7735testmain.o(i.CanSendMessage) refers to can0.o(i.CAN0_SendData) for CAN0_SendData
    st7735testmain.o(i.CanSendMessage) refers to st7735testmain.o(.data) for XmtData
    st7735testmain.o(i.Consumer) refers to os.o(i.OS_Id) for OS_Id
    st7735testmain.o(i.Consumer) refers to adc.o(i.IR_Sensor_Init) for IR_Sensor_Init
    st7735testmain.o(i.Consumer) refers to os.o(i.OS_AddThread) for OS_AddThread
    st7735testmain.o(i.Consumer) refers to os.o(i.OS_Fifo_Get) for OS_Fifo_Get
    st7735testmain.o(i.Consumer) refers to cr4_fft_64_stm32.o(.text) for cr4_fft_64_stm32
    st7735testmain.o(i.Consumer) refers to os.o(i.OS_MailBox_Send) for OS_MailBox_Send
    st7735testmain.o(i.Consumer) refers to os.o(i.OS_Kill) for OS_Kill
    st7735testmain.o(i.Consumer) refers to st7735testmain.o(.data) for DataLost
    st7735testmain.o(i.Consumer) refers to st7735testmain.o(i.Producer) for Producer
    st7735testmain.o(i.Consumer) refers to st7735testmain.o(i.Display) for Display
    st7735testmain.o(i.Consumer) refers to st7735testmain.o(.bss) for xBottomLeft
    st7735testmain.o(i.Display) refers to os.o(i.OS_MailBox_Recv) for OS_MailBox_Recv
    st7735testmain.o(i.Display) refers to st7735testmain.o(i.adcToDistance) for adcToDistance
    st7735testmain.o(i.Display) refers to st7735testmain.o(i.uartIRData) for uartIRData
    st7735testmain.o(i.Display) refers to os.o(i.OS_Kill) for OS_Kill
    st7735testmain.o(i.Display) refers to timer0a.o(.data) for pingPB6_7_ready
    st7735testmain.o(i.Display) refers to st7735testmain.o(.data) for NumSamples
    st7735testmain.o(i.LCDIRData) refers to st7735.o(i.ST7735_MessageString) for ST7735_MessageString
    st7735testmain.o(i.LCDIRData) refers to st7735.o(i.Delay1ms) for Delay1ms
    st7735testmain.o(i.LCDIRData) refers to st7735.o(i.ST7735_MessageDec) for ST7735_MessageDec
    st7735testmain.o(i.PID) refers to os.o(i.OS_Id) for OS_Id
    st7735testmain.o(i.PID) refers to pid_stm32.o(.text) for PID_stm32
    st7735testmain.o(i.PID) refers to st7735testmain.o(.data) for PIDWork
    st7735testmain.o(i.PingTest) refers to timer0a.o(i.Timer0A_Init) for Timer0A_Init
    st7735testmain.o(i.PingTest) refers to uart.o(i.UART_OutString) for UART_OutString
    st7735testmain.o(i.PingTest) refers to uart.o(i.OutCRLF) for OutCRLF
    st7735testmain.o(i.PingTest) refers to uart.o(i.UART_OutUDec) for UART_OutUDec
    st7735testmain.o(i.PingTest) refers to os.o(i.OS_Sleep) for OS_Sleep
    st7735testmain.o(i.PingTest) refers to timer0a.o(.data) for pingPB6_7_ready
    st7735testmain.o(i.Producer) refers to os.o(i.OS_Fifo_Put) for OS_Fifo_Put
    st7735testmain.o(i.Producer) refers to st7735testmain.o(.data) for NumSamples
    st7735testmain.o(i.StateMachine) refers to os.o(i.OS_MailBox_Recv) for OS_MailBox_Recv
    st7735testmain.o(i.StateMachine) refers to st7735testmain.o(i.adcToDistance) for adcToDistance
    st7735testmain.o(i.StateMachine) refers to st7735testmain.o(i.findIndexLUT) for findIndexLUT
    st7735testmain.o(i.StateMachine) refers to can0.o(i.CAN0_SendData) for CAN0_SendData
    st7735testmain.o(i.StateMachine) refers to os.o(i.OS_Sleep) for OS_Sleep
    st7735testmain.o(i.StateMachine) refers to os.o(i.OS_Kill) for OS_Kill
    st7735testmain.o(i.StateMachine) refers to timer0a.o(.data) for pingPB6_7_ready
    st7735testmain.o(i.StateMachine) refers to st7735testmain.o(.data) for newLutIndex
    st7735testmain.o(i.adcToDistance) refers to st7735testmain.o(.data) for calibrationChartBottomLeft
    st7735testmain.o(i.findIndexLUT) refers to st7735testmain.o(.data) for CONTROL_LUT
    st7735testmain.o(i.main) refers to os.o(i.OS_Init) for OS_Init
    st7735testmain.o(i.main) refers to os.o(i.OS_MailBox_Init) for OS_MailBox_Init
    st7735testmain.o(i.main) refers to os.o(i.OS_Fifo_Init) for OS_Fifo_Init
    st7735testmain.o(i.main) refers to st7735.o(i.ST7735_InitRDivided) for ST7735_InitRDivided
    st7735testmain.o(i.main) refers to os.o(i.OS_AddPeriodicThread) for OS_AddPeriodicThread
    st7735testmain.o(i.main) refers to os.o(i.OS_AddThread) for OS_AddThread
    st7735testmain.o(i.main) refers to os.o(i.OS_Launch) for OS_Launch
    st7735testmain.o(i.main) refers to st7735testmain.o(.data) for DataLost
    st7735testmain.o(i.main) refers to timer0a.o(i.StartPingSensorPB6_7) for StartPingSensorPB6_7
    st7735testmain.o(i.main) refers to st7735testmain.o(i.postLauntInits) for postLauntInits
[...]
    threadprioritypqueue.o(i.priQueueRemove) refers to threadprioritypqueue.o(.bss) for priQueue
    threadprioritypqueue.o(i.priQueueShiftForward) refers to threadprioritypqueue.o(.bss) for priQueue
    timer0a.o(i.StartPingSensorPB6_7) refers to startup.o(.text) for StartCritical
    timer0a.o(i.StartPingSensorPB6_7) refers to leds.o(i.DelayWait10us) for DelayWait10us
    timer0a.o(i.Timer0A_Handler) refers to startup.o(.text) for StartCritical
    timer0a.o(i.Timer0A_Handler) refers to timer0a.o(.data) for First
    timer0a.o(i.Timer0A_Init) refers to startup.o(.text) for StartCritical
    timer1.o(i.Timer1A_Handler) refers to timer1.o(.data) for PeriodicTask3
    timer1.o(i.Timer1_Init) refers to startup.o(.text) for StartCritical
    timer1.o(i.Timer1_Init) refers to timer1.o(.data) for PeriodicTask3
    timer1.o(i.getJitterTimer1) refers to os.o(i.OS_Time) for OS_Time
    timer1.o(i.getJitterTimer1) refers to os.o(i.OS_TimeDifference) for OS_TimeDifference
    timer1.o(i.getJitterTimer1) refers to timer1.o(.data) for FilterWorkT1
    timer1.o(i.getJitterTimer1) refers to timer1.o(.bss) for JitterHistogramT1
    timer1.o(i.getMaxJitterT1) refers to timer1.o(.data) for MaxJitterT1
    timer3.o(i.StartPingSensorPB2_3) refers to startup.o(.text) for StartCritical
    timer3.o(i.StartPingSensorPB2_3) refers to leds.o(i.DelayWait10us) for DelayWait10us
    timer3.o(i.Timer3A_Handler) refers to startup.o(.text) for StartCritical
    timer3.o(i.Timer3A_Handler) refers to timer3.o(.data) for pulsePeriod
    timer3.o(i.Timer3_Init) refers to startup.o(.text) for StartCritical
    timer5.o(i.Timer5A_Handler) refers to timer5.o(.data) for PeriodicTask
    timer5.o(i.Timer5_Init) refers to startup.o(.text) for StartCritical
    timer5.o(i.Timer5_Init) refers to timer5.o(.data) for PeriodicTask
    uart.o(i.OutCRLF) refers to uart.o(i.UART_OutChar) for UART_OutChar
    uart.o(i.RxFifo_Get) refers to uart.o(.data) for RxPutI
    uart.o(i.RxFifo_Get) refers to uart.o(.bss) for RxFifo
    uart.o(i.RxFifo_Init) refers to startup.o(.text) for StartCritical
    uart.o(i.RxFifo_Init) refers to uart.o(.data) for RxGetI
    uart.o(i.RxFifo_Put) refers to uart.o(.data) for RxPutI
    uart.o(i.RxFifo_Put) refers to uart.o(.bss) for RxFifo
    uart.o(i.RxFifo_Size) refers to uart.o(.data) for RxPutI
    uart.o(i.TxFifo_Get) refers to uart.o(.data) for TxPutI
    uart.o(i.TxFifo_Get) refers to uart.o(.bss) for TxFifo
    uart.o(i.TxFifo_Init) refers to startup.o(.text) for StartCritical
    uart.o(i.TxFifo_Init) refers to uart.o(.data) for TxGetI
    uart.o(i.TxFifo_Put) refers to uart.o(.data) for TxPutI
    uart.o(i.TxFifo_Put) refers to uart.o(.bss) for TxFifo
    uart.o(i.TxFifo_Size) refers to uart.o(.data) for TxPutI
    uart.o(i.UART0_Handler) refers to uart.o(i.copySoftwareToHardware) for copySoftwareToHardware
    uart.o(i.UART0_Handler) refers to uart.o(i.TxFifo_Size) for TxFifo_Size
    uart.o(i.UART0_Handler) refers to uart.o(i.copyHardwareToSoftware) for copyHardwareToSoftware
    uart.o(i.UART_InChar) refers to uart.o(i.RxFifo_Get) for RxFifo_Get
    uart.o(i.UART_InString) refers to uart.o(i.UART_InChar) for UART_InChar
    uart.o(i.UART_InString) refers to uart.o(i.UART_OutChar) for UART_OutChar
    uart.o(i.UART_InUDec) refers to uart.o(i.UART_InChar) for UART_InChar
    uart.o(i.UART_InUDec) refers to uart.o(i.UART_OutChar) for UART_OutChar
    uart.o(i.UART_InUHex) refers to uart.o(i.UART_InChar) for UART_InChar
    uart.o(i.UART_InUHex) refers to uart.o(i.UART_OutChar) for UART_OutChar
    uart.o(i.UART_Init) refers to uart.o(i.RxFifo_Init) for RxFifo_Init
    uart.o(i.UART_Init) refers to uart.o(i.TxFifo_Init) for TxFifo_Init
    uart.o(i.UART_Init) refers to startup.o(.text) for EnableInterrupts
    uart.o(i.UART_OutChar) refers to uart.o(i.TxFifo_Put) for TxFifo_Put
    uart.o(i.UART_OutChar) refers to uart.o(i.copySoftwareToHardware) for copySoftwareToHardware
    uart.o(i.UART_OutString) refers to uart.o(i.UART_OutChar) for UART_OutChar
    uart.o(i.UART_OutUDec) refers to uart.o(i.UART_OutChar) for UART_OutChar
    uart.o(i.UART_OutUHex) refers to uart.o(i.UART_OutChar) for UART_OutChar
    uart.o(i.copyHardwareToSoftware) refers to uart.o(i.RxFifo_Put) for RxFifo_Put
    uart.o(i.copyHardwareToSoftware) refers to uart.o(i.RxFifo_Size) for RxFifo_Size
    uart.o(i.copySoftwareToHardware) refers to uart.o(i.TxFifo_Get) for TxFifo_Get
    uart.o(i.copySoftwareToHardware) refers to uart.o(i.TxFifo_Size) for TxFifo_Size
    adc.o(i.ADC0Seq2_Handler) refers to adc.o(.bss) for PEdata
    adc.o(i.ADC0Seq2_Handler) refers to adc.o(.data) for ProducerTask
    adc.o(i.IR_Sensor_Init) refers to startup.o(.text) for DisableInterrupts
    adc.o(i.IR_Sensor_Init) refers to adc.o(.data) for ProducerTask
    startup.o(RESET) refers to startup.o(STACK) for StackMem
    startup.o(RESET) refers to os.o(i.HardFault_Handler) for HardFault_Handler
    startup.o(RESET) refers to osasm.o(.text) for PendSV_Handler
    startup.o(RESET) refers to uart.o(i.UART0_Handler) for UART0_Handler
    startup.o(RESET) refers to adc.o(i.ADC0Seq2_Handler) for ADC0Seq2_Handler
    startup.o(RESET) refers to timer0a.o(i.Timer0A_Handler) for Timer0A_Handler
    startup.o(RESET) refers to timer1.o(i.Timer1A_Handler) for Timer1A_Handler
    startup.o(RESET) refers to pfedgetrigger.o(i.GPIOPortF_Handler) for GPIOPortF_Handler
    startup.o(RESET) refers to timer3.o(i.Timer3A_Handler) for Timer3A_Handler
    startup.o(RESET) refers to can0.o(i.CAN0_Handler) for CAN0_Handler
    startup.o(RESET) refers to timer4.o(i.Timer4A_Handler) for Timer4A_Handler
    startup.o(RESET) refers to timer5.o(i.Timer5A_Handler) for Timer5A_Handler
    startup.o(RESET) refers to entry.o(.ARM.Collect$$$$00000000) for __main
    pid_stm32.o(.text) refers to st7735testmain.o(.data) for IntTerm
    osasm.o(.text) refers to os.o(i.Scheduler) for Scheduler
    osasm.o(.text) refers to os.o(.data) for RunPt
    can.o(i.CANBitRateSet) refers to can.o(i.CANRegRead) for CANRegRead
    can.o(i.CANBitRateSet) refers to can.o(i.CANRegWrite) for CANRegWrite
    can.o(i.CANBitRateSet) refers to can.o(.constdata) for g_usCANBitValues
    can.o(i.CANDataRegRead) refers to can.o(i.CANRegRead) for CANRegRead
    can.o(i.CANDataRegWrite) refers to can.o(i.CANRegWrite) for CANRegWrite
    can.o(i.CANDisable) refers to can.o(i.CANRegRead) for CANRegRead
    can.o(i.CANDisable) refers to can.o(i.CANRegWrite) for CANRegWrite
    can.o(i.CANEnable) refers to can.o(i.CANRegRead) for CANRegRead
    can.o(i.CANEnable) refers to can.o(i.CANRegWrite) for CANRegWrite
    can.o(i.CANErrCntrGet) refers to can.o(i.CANRegRead) for CANRegRead
    can.o(i.CANInit) refers to can.o(i.CANRegWrite) for CANRegWrite
    can.o(i.CANInit) refers to can.o(i.CANRegRead) for CANRegRead
    can.o(i.CANIntClear) refers to can.o(i.CANRegRead) for CANRegRead
    can.o(i.CANIntClear) refers to can.o(i.CANRegWrite) for CANRegWrite
    can.o(i.CANIntDisable) refers to can.o(i.CANRegRead) for CANRegRead
    can.o(i.CANIntDisable) refers to can.o(i.CANRegWrite) for CANRegWrite
    can.o(i.CANIntEnable) refers to can.o(i.CANRegRead) for CANRegRead
    can.o(i.CANIntEnable) refers to can.o(i.CANRegWrite) for CANRegWrite
    can.o(i.CANIntRegister) refers to can.o(i.CANIntNumberGet) for CANIntNumberGet
    can.o(i.CANIntRegister) refers to interrupt.o(i.IntRegister) for IntRegister
    can.o(i.CANIntRegister) refers to interrupt.o(i.IntEnable) for IntEnable
    can.o(i.CANIntStatus) refers to can.o(i.CANRegRead) for CANRegRead
    can.o(i.CANIntUnregister) refers to can.o(i.CANIntNumberGet) for CANIntNumberGet
    can.o(i.CANIntUnregister) refers to interrupt.o(i.IntUnregister) for IntUnregister
    can.o(i.CANIntUnregister) refers to interrupt.o(i.IntDisable) for IntDisable
    can.o(i.CANMessageClear) refers to can.o(i.CANRegRead) for CANRegRead
    can.o(i.CANMessageClear) refers to can.o(i.CANRegWrite) for CANRegWrite
    can.o(i.CANMessageGet) refers to can.o(i.CANRegWrite) for CANRegWrite
    can.o(i.CANMessageGet) refers to can.o(i.CANRegRead) for CANRegRead
    can.o(i.CANMessageGet) refers to can.o(i.CANDataRegRead) for CANDataRegRead
    can.o(i.CANMessageSet) refers to can.o(i.CANRegRead) for CANRegRead
    can.o(i.CANMessageSet) refers to can.o(i.CANDataRegWrite) for CANDataRegWrite
    can.o(i.CANMessageSet) refers to can.o(i.CANRegWrite) for CANRegWrite
    can.o(i.CANRegRead) refers to can.o(i.CANIntNumberGet) for CANIntNumberGet
    can.o(i.CANRegRead) refers to interrupt.o(i.IntDisable) for IntDisable
    can.o(i.CANRegRead) refers to interrupt.o(i.IntEnable) for IntEnable
    can.o(i.CANRetryGet) refers to can.o(i.CANRegRead) for CANRegRead
    can.o(i.CANRetrySet) refers to can.o(i.CANRegRead) for CANRegRead
    can.o(i.CANRetrySet) refers to can.o(i.CANRegWrite) for CANRegWrite
    can.o(i.CANStatusGet) refers to can.o(i.CANRegRead) for CANRegRead
    can.o(i.CANStatusGet) refers to can.o(i.CANRegWrite) for CANRegWrite
    can0.o(i.CAN0_CheckMail) refers to can0.o(.data) for MailFlag
    can0.o(i.CAN0_GetMail) refers to can0.o(.data) for MailFlag
    can0.o(i.CAN0_GetMailNonBlock) refers to can0.o(.data) for MailFlag
    can0.o(i.CAN0_Handler) refers to can.o(i.CANIntStatus) for CANIntStatus
    can0.o(i.CAN0_Handler) refers to can.o(i.CANStatusGet) for CANStatusGet
    can0.o(i.CAN0_Handler) refers to can.o(i.CANMessageGet) for CANMessageGet
    can0.o(i.CAN0_Handler) refers to can.o(i.CANIntClear) for CANIntClear
    can0.o(i.CAN0_Handler) refers to can0.o(.data) for RCVData
    can0.o(i.CAN0_Open) refers to can.o(i.CANInit) for CANInit
    can0.o(i.CAN0_Open) refers to can.o(i.CANBitRateSet) for CANBitRateSet
    can0.o(i.CAN0_Open) refers to can.o(i.CANEnable) for CANEnable
    can0.o(i.CAN0_Open) refers to can.o(i.CANIntEnable) for CANIntEnable
    can0.o(i.CAN0_Open) refers to can0.o(i.CAN0_Setup_Message_Object) for CAN0_Setup_Message_Object
    can0.o(i.CAN0_Open) refers to can0.o(.data) for MailFlag
    can0.o(i.CAN0_SendData) refers to can0.o(i.CAN0_Setup_Message_Object) for CAN0_Setup_Message_Object
    can0.o(i.CAN0_Setup_Message_Object) refers to can.o(i.CANMessageSet) for CANMessageSet
    interrupt.o(i.IntPriorityGet) refers to interrupt.o(.constdata) for g_pulRegs
    interrupt.o(i.IntPriorityGroupingGet) refers to interrupt.o(.constdata) for g_pulPriority
    interrupt.o(i.IntPriorityGroupingSet) refers to interrupt.o(.constdata) for g_pulPriority
    interrupt.o(i.IntPrioritySet) refers to interrupt.o(.constdata) for g_pulRegs
    interrupt.o(i.IntRegister) refers to interrupt.o(vtable) for g_pfnRAMVectors
    interrupt.o(i.IntUnregister) refers to interrupt.o(i.IntDefaultHandler) for IntDefaultHandler
    interrupt.o(i.IntUnregister) refers to interrupt.o(vtable) for g_pfnRAMVectors
    timer4.o(i.Timer4A_Handler) refers to timer4.o(.data) for Timer4PeriodicTask
    timer4.o(i.Timer4_Init) refers to startup.o(.text) for StartCritical
    timer4.o(i.Timer4_Init) refers to timer4.o(.data) for Timer4PeriodicTask
    entry.o(.ARM.Collect$$$$00000000) refers (Special) to entry10a.o(.ARM.Collect$$$$0000000D) for __rt_final_cpp
    entry.o(.ARM.Collect$$$$00000000) refers (Special) to entry11a.o(.ARM.Collect$$$$0000000F) for __rt_final_exit
    entry.o(.ARM.Collect$$$$00000000) refers (Special) to entry7b.o(.ARM.Collect$$$$00000008) for _main_clock
    entry.o(.ARM.Collect$$$$00000000) refers (Special) to entry8b.o(.ARM.Collect$$$$0000000A) for _main_cpp_init
    entry.o(.ARM.Collect$$$$00000000) refers (Special) to entry9a.o(.ARM.Collect$$$$0000000B) for _main_init
    entry.o(.ARM.Collect$$$$00000000) refers (Special) to entry5.o(.ARM.Collect$$$$00000004) for _main_scatterload
    entry.o(.ARM.Collect$$$$00000000) refers (Special) to entry2.o(.ARM.Collect$$$$00000001) for _main_stk
    entry2.o(.ARM.Collect$$$$00000001) refers to entry2.o(.ARM.Collect$$$$00002712) for __lit__00000000
    entry2.o(.ARM.Collect$$$$00002712) refers to startup.o(STACK) for __initial_sp
    entry2.o(__vectab_stack_and_reset_area) refers to startup.o(STACK) for __initial_sp
    entry2.o(__vectab_stack_and_reset_area) refers to entry.o(.ARM.Collect$$$$00000000) for __main
    entry5.o(.ARM.Collect$$$$00000004) refers to init.o(.text) for __scatterload
    entry9a.o(.ARM.Collect$$$$0000000B) refers to st7735testmain.o(i.main) for main
    entry9b.o(.ARM.Collect$$$$0000000C) refers to st7735testmain.o(i.main) for main
    init.o(.text) refers to entry5.o(.ARM.Collect$$$$00000004) for __main_after_scatterload


==============================================================================

Removing Unused input sections from the image.

    Removing st7735testmain.o(i.CANTest), (108 bytes).
    Removing st7735testmain.o(i.CanSendMessage), (60 bytes).
    Removing st7735testmain.o(i.LCDIRData), (116 bytes).
    Removing st7735testmain.o(i.PingTest), (88 bytes).
    Removing st7735testmain.o(i.StateMachine), (308 bytes).
    Removing st7735testmain.o(i.findIndexLUT), (188 bytes).
    Removing st7735testmain.o(i.inBetween), (18 bytes).
    Removing st7735testmain.o(.constdata), (32 bytes).
    Removing filter.o(i.Median), (46 bytes).
    Removing filter.o(i.Median9), (50 bytes).
    Removing interpreter.o(i.ProcessCommand), (668 bytes).
    Removing interpreter.o(.bss), (100 bytes).
    Removing jimstring.o(i.StringToInt), (32 bytes).
    Removing jimstring.o(i.strLengthByNullCount), (16 bytes).
    Removing jimstring.o(i.strLengthBySpaceCount), (16 bytes).
    Removing leds.o(i.DelayWait10ms), (2 bytes).
    Removing leds.o(.constdata), (32 bytes).
    Removing leds.o(.data), (4 bytes).
    Removing os.o(i.OS_AddSW1Task), (24 bytes).
    Removing os.o(i.OS_AddSW2Task), (24 bytes).
    Removing os.o(i.OS_Fifo_Size), (12 bytes).
    Removing os.o(i.OS_LockScheduler), (16 bytes).
    Removing os.o(i.OS_Sleep), (40 bytes).
    Removing os.o(i.OS_Time), (36 bytes).
    Removing os.o(i.OS_TimeDifference), (6 bytes).
    Removing os.o(i.OS_UnLockScheduler), (8 bytes).
    Removing os.o(i.OS_bSignal), (18 bytes).
    Removing os.o(i.OS_bWait), (34 bytes).
    Removing os.o(.constdata), (36 bytes).
    Removing pfedgetrigger.o(i.NothingTask), (2 bytes).
    Removing pfedgetrigger.o(i.PF0Edge_Task), (28 bytes).
    Removing pfedgetrigger.o(i.PF4Edge_Task), (28 bytes).
    Removing pfedgetrigger.o(i.PFEdge_Init), (240 bytes).
    Removing pfedgetrigger.o(.constdata), (32 bytes).
    Removing st7735.o(i.Output_Clear), (10 bytes).
    Removing st7735.o(i.Output_Color), (12 bytes).
    Removing st7735.o(i.Output_Init), (16 bytes).
    Removing st7735.o(i.Output_Off), (8 bytes).
    Removing st7735.o(i.Output_On), (8 bytes).
    Removing st7735.o(i.ST7735_Color565), (24 bytes).
    Removing st7735.o(i.ST7735_DrawBitmap), (288 bytes).
    Removing st7735.o(i.ST7735_DrawChar), (268 bytes).
    Removing st7735.o(i.ST7735_DrawFastHLine), (124 bytes).
    Removing st7735.o(i.ST7735_DrawFastVLine), (124 bytes).
    Removing st7735.o(i.ST7735_DrawStringDivided), (164 bytes).
    Removing st7735.o(i.ST7735_InitB), (40 bytes).
    Removing st7735.o(i.ST7735_InitR), (124 bytes).
    Removing st7735.o(i.ST7735_InvertDisplay), (22 bytes).
    Removing st7735.o(i.ST7735_Message), (108 bytes).
    Removing st7735.o(i.ST7735_MessageDec), (96 bytes).
    Removing st7735.o(i.ST7735_MessageDecBody), (308 bytes).
    Removing st7735.o(i.ST7735_MessageString), (96 bytes).
    Removing st7735.o(i.ST7735_MessageStringBody), (36 bytes).
    Removing st7735.o(i.ST7735_OutChar), (212 bytes).
    Removing st7735.o(i.ST7735_OutCharDivided), (360 bytes).
    Removing st7735.o(i.ST7735_OutString), (24 bytes).
    Removing st7735.o(i.ST7735_OutUDec), (140 bytes).
    Removing st7735.o(i.ST7735_PlotBar), (88 bytes).
    Removing st7735.o(i.ST7735_PlotClear), (92 bytes).
    Removing st7735.o(i.ST7735_PlotLine), (264 bytes).
    Removing st7735.o(i.ST7735_PlotNext), (32 bytes).
    Removing st7735.o(i.ST7735_PlotNextErase), (64 bytes).
    Removing st7735.o(i.ST7735_PlotPoint), (152 bytes).
    Removing st7735.o(i.ST7735_PlotPoints), (172 bytes).
    Removing st7735.o(i.ST7735_PlotdBfs), (60 bytes).
    Removing st7735.o(i.ST7735_SetCursorDivided), (40 bytes).
    Removing st7735.o(i.ST7735_SetRotation), (212 bytes).
    Removing st7735.o(i.ST7735_SetTextColor), (12 bytes).
    Removing st7735.o(i.ST7735_SwapColor), (18 bytes).
    Removing st7735.o(i.ferror), (8 bytes).
    Removing st7735.o(i.fgetc), (6 bytes).
    Removing st7735.o(i.fillDividedMessage), (152 bytes).
    Removing st7735.o(i.fillmessage), (72 bytes).
    Removing st7735.o(i.fputc), (16 bytes).
    Removing systickints.o(i.SysTick_Init), (64 bytes).
    Removing threadprioritypqueue.o(i.priQueuePop), (72 bytes).
    Removing timer0a.o(.bss), (256 bytes).
    Removing timer0a.o(.constdata), (36 bytes).
    Removing timer1.o(i.getJitterTimer1), (128 bytes).
    Removing timer1.o(i.getMaxJitterT1), (12 bytes).
    Removing timer1.o(.bss), (256 bytes).
    Removing timer1.o(.constdata), (4 bytes).
    Removing timer3.o(i.PortBActivation), (60 bytes).
    Removing timer3.o(i.StartPingSensorPB2_3), (40 bytes).
    Removing timer3.o(i.Timer3_Init), (296 bytes).
    Removing timer3.o(.constdata), (32 bytes).
    Removing uart.o(i.RxFifo_Get), (60 bytes).
    Removing uart.o(i.UART_InChar), (20 bytes).
    Removing uart.o(i.UART_InString), (70 bytes).
    Removing uart.o(i.UART_InUDec), (76 bytes).
    Removing uart.o(i.UART_InUHex), (108 bytes).
    Removing uart.o(i.UART_OutUHex), (52 bytes).
    Removing adc.o(i.ADC_Status), (4 bytes).
    Removing startup.o(HEAP), (0 bytes).
    Removing can.o(i.CANDisable), (24 bytes).
    Removing can.o(i.CANErrCntrGet), (46 bytes).
    Removing can.o(i.CANIntDisable), (26 bytes).
    Removing can.o(i.CANIntRegister), (30 bytes).
    Removing can.o(i.CANIntUnregister), (26 bytes).
    Removing can.o(i.CANMessageClear), (66 bytes).
    Removing can.o(i.CANRetryGet), (24 bytes).
    Removing can.o(i.CANRetrySet), (36 bytes).
    Removing can0.o(i.CAN0_CheckMail), (12 bytes).
    Removing can0.o(i.CAN0_GetMail), (76 bytes).
    Removing can0.o(i.CAN0_GetMailNonBlock), (80 bytes).
    Removing can0.o(i.CAN0_SendData), (26 bytes).
    Removing interrupt.o(i.IntDefaultHandler), (4 bytes).
    Removing interrupt.o(i.IntPendClear), (88 bytes).
    Removing interrupt.o(i.IntPendSet), (108 bytes).
    Removing interrupt.o(i.IntPriorityGet), (28 bytes).
    Removing interrupt.o(i.IntPriorityGroupingGet), (44 bytes).
    Removing interrupt.o(i.IntPriorityGroupingSet), (28 bytes).
    Removing interrupt.o(i.IntPrioritySet), (52 bytes).
    Removing interrupt.o(i.IntRegister), (60 bytes).
    Removing interrupt.o(i.IntUnregister), (20 bytes).
    Removing interrupt.o(.constdata), (104 bytes).
    Removing interrupt.o(vtable), (284 bytes).
    Removing timer4.o(i.Timer4_Init), (112 bytes).

118 unused section(s) (total 9590 bytes) removed from the image.

==============================================================================

Image Symbol Table

    Local Symbols

    Symbol Name                              Value     Ov Type        Size  Object(Section)

    RESET                                    0x00000000   Section      644  startup.o(RESET)
    ../clib/../cmprslib/zerorunl2.c          0x00000000   Number         0  __dczerorl2.o ABSOLUTE
    ../clib/microlib/init/entry.s            0x00000000   Number         0  entry11b.o ABSOLUTE
    ../clib/microlib/init/entry.s            0x00000000   Number         0  entry8b.o ABSOLUTE
    ../clib/microlib/init/entry.s            0x00000000   Number         0  entry7b.o ABSOLUTE
    ../clib/microlib/init/entry.s            0x00000000   Number         0  entry8a.o ABSOLUTE
    ../clib/microlib/init/entry.s            0x00000000   Number         0  entry.o ABSOLUTE
    ../clib/microlib/init/entry.s            0x00000000   Number         0  entry11a.o ABSOLUTE
    ../clib/microlib/init/entry.s            0x00000000   Number         0  entry10b.o ABSOLUTE
    ../clib/microlib/init/entry.s            0x00000000   Number         0  entry2.o ABSOLUTE
    ../clib/microlib/init/entry.s            0x00000000   Number         0  entry10a.o ABSOLUTE
    ../clib/microlib/init/entry.s            0x00000000   Number         0  entry9b.o ABSOLUTE
    ../clib/microlib/init/entry.s            0x00000000   Number         0  entry5.o ABSOLUTE
    ../clib/microlib/init/entry.s            0x00000000   Number         0  entry9a.o ABSOLUTE
    ../clib/microlib/init/entry.s            0x00000000   Number         0  entry7a.o ABSOLUTE
    ..\LiuWareTM4C123Lab3\ADC.c              0x00000000   Number         0  adc.o ABSOLUTE
    ..\LiuWareTM4C123Lab3\CAN\Timer4.c       0x00000000   Number         0  timer4.o ABSOLUTE
    ..\LiuWareTM4C123Lab3\CAN\can.c          0x00000000   Number         0  can.o ABSOLUTE
    ..\LiuWareTM4C123Lab3\CAN\can0.c         0x00000000   Number         0  can0.o ABSOLUTE
    ..\LiuWareTM4C123Lab3\CAN\interrupt.c    0x00000000   Number         0  interrupt.o ABSOLUTE
    ..\LiuWareTM4C123Lab3\Filter.c           0x00000000   Number         0  filter.o ABSOLUTE
    ..\LiuWareTM4C123Lab3\IDQueue.c          0x00000000   Number         0  idqueue.o ABSOLUTE
    ..\LiuWareTM4C123Lab3\Interpreter.c      0x00000000   Number         0  interpreter.o ABSOLUTE
    ..\LiuWareTM4C123Lab3\JimString.c        0x00000000   Number         0  jimstring.o ABSOLUTE
    ..\LiuWareTM4C123Lab3\LEDS.c             0x00000000   Number         0  leds.o ABSOLUTE
    ..\LiuWareTM4C123Lab3\OS.c               0x00000000   Number         0  os.o ABSOLUTE
    ..\LiuWareTM4C123Lab3\PFEdgeTrigger.c    0x00000000   Number         0  pfedgetrigger.o ABSOLUTE
    ..\LiuWareTM4C123Lab3\PID_stm32.s        0x00000000   Number         0  pid_stm32.o ABSOLUTE
    ..\LiuWareTM4C123Lab3\PLL.c              0x00000000   Number         0  pll.o ABSOLUTE
    ..\LiuWareTM4C123Lab3\ST7735.c           0x00000000   Number         0  st7735.o ABSOLUTE
    ..\LiuWareTM4C123Lab3\SysTickInts.c      0x00000000   Number         0  systickints.o ABSOLUTE
    ..\LiuWareTM4C123Lab3\ThreadPriorityPQueue.c 0x00000000   Number         0  threadprioritypqueue.o ABSOLUTE
    ..\LiuWareTM4C123Lab3\Timer0A.c          0x00000000   Number         0  timer0a.o ABSOLUTE
    ..\LiuWareTM4C123Lab3\Timer1.c           0x00000000   Number         0  timer1.o ABSOLUTE
    ..\LiuWareTM4C123Lab3\Timer3.c           0x00000000   Number         0  timer3.o ABSOLUTE
    ..\LiuWareTM4C123Lab3\Timer5.c           0x00000000   Number         0  timer5.o ABSOLUTE
    ..\LiuWareTM4C123Lab3\UART.c             0x00000000   Number         0  uart.o ABSOLUTE
    ..\LiuWareTM4C123Lab3\cr4_fft_64_stm32.s 0x00000000   Number         0  cr4_fft_64_stm32.o ABSOLUTE
    ..\LiuWareTM4C123Lab3\osasm.s            0x00000000   Number         0  osasm.o ABSOLUTE
    ..\LiuWareTM4C123Lab3\startup.s          0x00000000   Number         0  startup.o ABSOLUTE
    ..\\LiuWareTM4C123Lab3\\ST7735.c         0x00000000   Number         0  st7735.o ABSOLUTE
    ST7735TestMain.c                         0x00000000   Number         0  st7735testmain.o ABSOLUTE
    dc.s                                     0x00000000   Number         0  dc.o ABSOLUTE
    handlers.s                               0x00000000   Number         0  handlers.o ABSOLUTE
    init.s                                   0x00000000   Number         0  init.o ABSOLUTE
    .ARM.Collect$$$$00000000                 0x00000284   Section        0  entry.o(.ARM.Collect$$$$00000000)
    .ARM.Collect$$$$00000001                 0x00000284   Section        4  entry2.o(.ARM.Collect$$$$00000001)
    .ARM.Collect$$$$00000004                 0x00000288   Section        4  entry5.o(.ARM.Collect$$$$00000004)
    .ARM.Collect$$$$00000008                 0x0000028c   Section        0  entry7b.o(.ARM.Collect$$$$00000008)
    .ARM.Collect$$$$0000000A                 0x0000028c   Section        0  entry8b.o(.ARM.Collect$$$$0000000A)
    .ARM.Collect$$$$0000000B                 0x0000028c   Section        8  entry9a.o(.ARM.Collect$$$$0000000B)
    .ARM.Collect$$$$0000000D                 0x00000294   Section        0  entry10a.o(.ARM.Collect$$$$0000000D)
    .ARM.Collect$$$$0000000F                 0x00000294   Section        0  entry11a.o(.ARM.Collect$$$$0000000F)
    .ARM.Collect$$$$00002712                 0x00000294   Section        4  entry2.o(.ARM.Collect$$$$00002712)
    __lit__00000000                          0x00000294   Data           4  entry2.o(.ARM.Collect$$$$00002712)
    .emb_text                                0x00000298   Section        6  st7735.o(.emb_text)
    .text                                    0x000002a0   Section       28  startup.o(.text)
    .text                                    0x000002bc   Section       72  pid_stm32.o(.text)
    .text                                    0x00000304   Section      112  osasm.o(.text)
    .text                                    0x00000374   Section      718  cr4_fft_64_stm32.o(.text)
    .text                                    0x00000644   Section       36  init.o(.text)
    .text                                    0x00000668   Section        0  __dczerorl2.o(.text)
    i.ADC0Seq2_Handler                       0x000006c4   Section        0  adc.o(i.ADC0Seq2_Handler)
    i.CAN0_Handler                           0x00000704   Section        0  can0.o(i.CAN0_Handler)
    i.CAN0_Open                              0x0000079c   Section        0  can0.o(i.CAN0_Open)
    i.CAN0_Setup_Message_Object              0x00000868   Section        0  can0.o(i.CAN0_Setup_Message_Object)
    CAN0_Setup_Message_Object                0x00000869   Thumb Code    44  can0.o(i.CAN0_Setup_Message_Object)
    i.CANBitRateSet                          0x00000898   Section        0  can.o(i.CANBitRateSet)
    i.CANDataRegRead                         0x0000092c   Section        0  can.o(i.CANDataRegRead)
    CANDataRegRead                           0x0000092d   Thumb Code    54  can.o(i.CANDataRegRead)
    i.CANDataRegWrite                        0x00000962   Section        0  can.o(i.CANDataRegWrite)
    CANDataRegWrite                          0x00000963   Thumb Code    54  can.o(i.CANDataRegWrite)
    i.CANEnable                              0x00000998   Section        0  can.o(i.CANEnable)
    i.CANInit                                0x000009b0   Section        0  can.o(i.CANInit)
    i.CANIntClear                            0x00000a44   Section        0  can.o(i.CANIntClear)
    i.CANIntEnable                           0x00000a90   Section        0  can.o(i.CANIntEnable)
    i.CANIntNumberGet                        0x00000aac   Section        0  can.o(i.CANIntNumberGet)
    CANIntNumberGet                          0x00000aad   Thumb Code    44  can.o(i.CANIntNumberGet)
    i.CANIntStatus                           0x00000adc   Section        0  can.o(i.CANIntStatus)
    i.CANMessageGet                          0x00000b18   Section        0  can.o(i.CANMessageGet)
    i.CANMessageSet                          0x00000cca   Section        0  can.o(i.CANMessageSet)
    i.CANRegRead                             0x00000e7c   Section        0  can.o(i.CANRegRead)
    CANRegRead                               0x00000e7d   Thumb Code    76  can.o(i.CANRegRead)
    i.CANRegWrite                            0x00000ecc   Section        0  can.o(i.CANRegWrite)
    CANRegWrite                              0x00000ecd   Thumb Code    24  can.o(i.CANRegWrite)
    i.CANStatusGet                           0x00000ee4   Section        0  can.o(i.CANStatusGet)
    i.Consumer                               0x00000f60   Section        0  st7735testmain.o(i.Consumer)
    i.Delay1ms                               0x00001070   Section        0  st7735.o(i.Delay1ms)
    i.DelayWait10us                          0x00001086   Section        0  leds.o(i.DelayWait10us)
    i.Display                                0x00001094   Section        0  st7735testmain.o(i.Display)
    i.GPIOPortF_Handler                      0x0000113c   Section        0  pfedgetrigger.o(i.GPIOPortF_Handler)
    i.HardFault_Handler                      0x00001200   Section        0  os.o(i.HardFault_Handler)
    i.IR_Sensor_Init                         0x00001210   Section        0  adc.o(i.IR_Sensor_Init)
    i.IntDisable                             0x00001414   Section        0  interrupt.o(i.IntDisable)
    i.IntEnable                              0x00001494   Section        0  interrupt.o(i.IntEnable)
    i.OS_AddPeriodicThread                   0x00001514   Section        0  os.o(i.OS_AddPeriodicThread)
    i.OS_AddThread                           0x00001558   Section        0  os.o(i.OS_AddThread)
    i.OS_ClearMsTime                         0x000016b0   Section        0  os.o(i.OS_ClearMsTime)
    i.OS_Fifo_Get                            0x000016bc   Section        0  os.o(i.OS_Fifo_Get)
    i.OS_Fifo_Init                           0x00001734   Section        0  os.o(i.OS_Fifo_Init)
    i.OS_Fifo_Put                            0x00001780   Section        0  os.o(i.OS_Fifo_Put)
    i.OS_Id                                  0x0000180c   Section        0  os.o(i.OS_Id)
    i.OS_Init                                0x00001818   Section        0  os.o(i.OS_Init)
    i.OS_InitDriverInitSemaphore             0x00001890   Section        0  os.o(i.OS_InitDriverInitSemaphore)
    i.OS_InitSemaphore                       0x000018a0   Section        0  os.o(i.OS_InitSemaphore)
    i.OS_Kill                                0x000018b8   Section        0  os.o(i.OS_Kill)
    i.OS_KilledSuspend                       0x00001914   Section        0  os.o(i.OS_KilledSuspend)
    i.OS_Launch                              0x0000192c   Section        0  os.o(i.OS_Launch)
    i.OS_MailBox_Init                        0x00001950   Section        0  os.o(i.OS_MailBox_Init)
    i.OS_MailBox_Recv                        0x00001974   Section        0  os.o(i.OS_MailBox_Recv)
    i.OS_MailBox_Send                        0x000019b8   Section        0  os.o(i.OS_MailBox_Send)
    i.OS_MsTime                              0x000019dc   Section        0  os.o(i.OS_MsTime)
    i.OS_Signal                              0x000019e8   Section        0  os.o(i.OS_Signal)
    i.OS_Suspend                             0x00001a28   Section        0  os.o(i.OS_Suspend)
    i.OS_Wait                                0x00001a40   Section        0  os.o(i.OS_Wait)
    i.OutCRLF                                0x00001ac4   Section        0  uart.o(i.OutCRLF)
    i.PID                                    0x00001ad4   Section        0  st7735testmain.o(i.PID)
    i.PLL_Init                               0x00001b64   Section        0  pll.o(i.PLL_Init)
    i.Producer                               0x00001be0   Section        0  st7735testmain.o(i.Producer)
    i.RxFifo_Init                            0x00001c1c   Section        0  uart.o(i.RxFifo_Init)
    i.RxFifo_Put                             0x00001c40   Section        0  uart.o(i.RxFifo_Put)
    i.RxFifo_Size                            0x00001c7c   Section        0  uart.o(i.RxFifo_Size)
    i.ST7735_DrawCharS                       0x00001c94   Section        0  st7735.o(i.ST7735_DrawCharS)
    i.ST7735_DrawPixel                       0x00001d88   Section        0  st7735.o(i.ST7735_DrawPixel)
    i.ST7735_DrawString                      0x00001dd0   Section        0  st7735.o(i.ST7735_DrawString)
    i.ST7735_FillRect                        0x00001e28   Section        0  st7735.o(i.ST7735_FillRect)
    i.ST7735_FillScreen                      0x00001ed4   Section        0  st7735.o(i.ST7735_FillScreen)
    i.ST7735_InitRDivided                    0x00001ef8   Section        0  st7735.o(i.ST7735_InitRDivided)
    i.ST7735_SetCursor                       0x00001fa4   Section        0  st7735.o(i.ST7735_SetCursor)
    i.Scheduler                              0x00001fc4   Section        0  os.o(i.Scheduler)
    i.SetInitialStack                        0x00001fd4   Section        0  os.o(i.SetInitialStack)
    i.StartPingSensorPB6_7                   0x00002124   Section        0  timer0a.o(i.StartPingSensorPB6_7)
    i.Timer0A_Handler                        0x00002154   Section        0  timer0a.o(i.Timer0A_Handler)
    i.Timer0A_Init                           0x000021c4   Section        0  timer0a.o(i.Timer0A_Init)
    i.Timer1A_Handler                        0x00002314   Section        0  timer1.o(i.Timer1A_Handler)
    i.Timer1_Init                            0x0000232c   Section        0  timer1.o(i.Timer1_Init)
    i.Timer3A_Handler                        0x000023b0   Section        0  timer3.o(i.Timer3A_Handler)
    i.Timer4A_Handler                        0x00002410   Section        0  timer4.o(i.Timer4A_Handler)
    i.Timer5A_Handler                        0x00002428   Section        0  timer5.o(i.Timer5A_Handler)
    i.Timer5_Init                            0x00002440   Section        0  timer5.o(i.Timer5_Init)
    i.TxFifo_Get                             0x000024b8   Section        0  uart.o(i.TxFifo_Get)
    i.TxFifo_Init                            0x000024f4   Section        0  uart.o(i.TxFifo_Init)
    i.TxFifo_Put                             0x00002518   Section        0  uart.o(i.TxFifo_Put)
    i.TxFifo_Size                            0x00002554   Section        0  uart.o(i.TxFifo_Size)
    i.UART0_Handler                          0x0000256c   Section        0  uart.o(i.UART0_Handler)
    i.UART_Init                              0x000025c4   Section        0  uart.o(i.UART_Init)
    i.UART_OutChar                           0x00002690   Section        0  uart.o(i.UART_OutChar)
    i.UART_OutString                         0x000026c4   Section        0  uart.o(i.UART_OutString)
    i.UART_OutUDec                           0x000026dc   Section        0  uart.o(i.UART_OutUDec)
    i.__scatterload_copy                     0x00002706   Section       14  handlers.o(i.__scatterload_copy)
    i.__scatterload_null                     0x00002714   Section        2  handlers.o(i.__scatterload_null)
    i.__scatterload_zeroinit                 0x00002716   Section       14  handlers.o(i.__scatterload_zeroinit)
    i.adcToDistance                          0x00002724   Section        0  st7735testmain.o(i.adcToDistance)
    i.commandList                            0x000028c0   Section        0  st7735.o(i.commandList)
    commandList                              0x000028c1   Thumb Code    86  st7735.o(i.commandList)
    i.commonInit                             0x00002918   Section        0  st7735.o(i.commonInit)
    commonInit                               0x00002919   Thumb Code   502  st7735.o(i.commonInit)
    i.copyHardwareToSoftware                 0x00002b4c   Section        0  uart.o(i.copyHardwareToSoftware)
    copyHardwareToSoftware                   0x00002b4d   Thumb Code    36  uart.o(i.copyHardwareToSoftware)
    i.copySoftwareToHardware                 0x00002b74   Section        0  uart.o(i.copySoftwareToHardware)
    copySoftwareToHardware                   0x00002b75   Thumb Code    38  uart.o(i.copySoftwareToHardware)
    i.doSleepDecrement                       0x00002ba0   Section        0  os.o(i.doSleepDecrement)
    i.idQueuePop                             0x00002bdc   Section        0  idqueue.o(i.idQueuePop)
    i.idQueuePush                            0x00002c18   Section        0  idqueue.o(i.idQueuePush)
    i.initHardFault                          0x00002c68   Section        0  os.o(i.initHardFault)
    i.main                                   0x00002cdc   Section        0  st7735testmain.o(i.main)
    i.postLauntInits                         0x00002d7c   Section        0  st7735testmain.o(i.postLauntInits)
    i.priQueuePeek                           0x00002d9c   Section        0  threadprioritypqueue.o(i.priQueuePeek)
    i.priQueuePeekAndRotate                  0x00002dc0   Section        0  threadprioritypqueue.o(i.priQueuePeekAndRotate)
    i.priQueuePush                           0x00002e3c   Section        0  threadprioritypqueue.o(i.priQueuePush)
    i.priQueuePushBack                       0x00002ed0   Section        0  threadprioritypqueue.o(i.priQueuePushBack)
    i.priQueueRemove                         0x00002ef0   Section        0  threadprioritypqueue.o(i.priQueueRemove)
    i.priQueueShiftForward                   0x00002f78   Section        0  threadprioritypqueue.o(i.priQueueShiftForward)
    i.pushColor                              0x00002f94   Section        0  st7735.o(i.pushColor)
    pushColor                                0x00002f95   Thumb Code    18  st7735.o(i.pushColor)
    i.setAddrWindow                          0x00002fa8   Section        0  st7735.o(i.setAddrWindow)
    setAddrWindow                            0x00002fa9   Thumb Code   106  st7735.o(i.setAddrWindow)
    i.uartIRData                             0x0000301c   Section        0  st7735testmain.o(i.uartIRData)
    i.updateOSTime                           0x00003078   Section        0  os.o(i.updateOSTime)
    i.writecommand                           0x00003098   Section        0  st7735.o(i.writecommand)
    writecommand                             0x00003099   Thumb Code    66  st7735.o(i.writecommand)
    i.writedata                              0x000030e8   Section        0  st7735.o(i.writedata)
    writedata                                0x000030e9   Thumb Code    68  st7735.o(i.writedata)
    .constdata                               0x00003138   Section     2018  st7735.o(.constdata)
    Font                                     0x00003138   Data        1275  st7735.o(.constdata)
    Bcmd                                     0x00003633   Data         103  st7735.o(.constdata)
    Rcmd1                                    0x0000369a   Data          59  st7735.o(.constdata)
    Rcmd2green                               0x000036d5   Data          13  st7735.o(.constdata)
    Rcmd2red                                 0x000036e2   Data          13  st7735.o(.constdata)
    Rcmd3                                    0x000036ef   Data          43  st7735.o(.constdata)
    .constdata                               0x0000391a   Section       18  can.o(.constdata)
    g_usCANBitValues                         0x0000391a   Data          18  can.o(.constdata)
    .data                                    0x20000000   Section     1032  st7735testmain.o(.data)
    wheelCounter                             0x200003d8   Data           4  st7735testmain.o(.data)
    .data                                    0x20000408   Section        8  idqueue.o(.data)
    .data                                    0x20000410   Section       40  os.o(.data)
    wheelCounter                             0x2000041c   Data           4  os.o(.data)
    .data                                    0x20000438   Section       32  pfedgetrigger.o(.data)
    wheelCounter                             0x20000444   Data           4  pfedgetrigger.o(.data)
    .data                                    0x20000458   Section       52  st7735.o(.data)
    _width                                   0x20000462   Data           2  st7735.o(.data)
    _height                                  0x20000464   Data           2  st7735.o(.data)
    ColStart                                 0x2000046c   Data           1  st7735.o(.data)
    RowStart                                 0x2000046d   Data           1  st7735.o(.data)
    Rotation                                 0x2000046e   Data           1  st7735.o(.data)
    TabColor                                 0x2000046f   Data           1  st7735.o(.data)
    .data                                    0x2000048c   Section       12  threadprioritypqueue.o(.data)
    .data                                    0x20000498   Section       44  timer0a.o(.data)
    First                                    0x200004a8   Data           4  timer0a.o(.data)
    wheelCounter                             0x200004ac   Data           4  timer0a.o(.data)
    .data                                    0x200004c4   Section       20  timer1.o(.data)
    LastTime                                 0x200004c4   Data           4  timer1.o(.data)
    .data                                    0x200004d8   Section       20  timer3.o(.data)
    wheelCounter                             0x200004e8   Data           4  timer3.o(.data)
    .data                                    0x200004ec   Section        4  timer5.o(.data)
    .data                                    0x200004f0   Section       16  uart.o(.data)
    .data                                    0x20000500   Section        4  adc.o(.data)
    .data                                    0x20000504   Section       12  can0.o(.data)
    RCVData                                  0x20000504   Data           8  can0.o(.data)
    MailFlag                                 0x2000050c   Data           4  can0.o(.data)
    .data                                    0x20000510   Section        4  timer4.o(.data)
    .bss                                     0x20000514   Section     2060  st7735testmain.o(.bss)
    .bss                                     0x20000d20   Section       84  idqueue.o(.bss)
    .bss                                     0x20000d74   Section    10820  os.o(.bss)
    Fifo                                     0x20002f34   Data        2048  os.o(.bss)
    .bss                                     0x200037b8   Section       20  pfedgetrigger.o(.bss)
    .bss                                     0x200037cc   Section      112  st7735.o(.bss)
    .bss                                     0x2000383c   Section       84  threadprioritypqueue.o(.bss)
    .bss                                     0x20003890   Section       32  uart.o(.bss)
    RxFifo                                   0x20003890   Data          16  uart.o(.bss)
    TxFifo                                   0x200038a0   Data          16  uart.o(.bss)
    .bss                                     0x200038b0   Section       16  adc.o(.bss)
    STACK                                    0x200038c0   Section     1024  startup.o(STACK)
    StackMem                                 0x200038c0   Data           0  startup.o(STACK)

    Global Symbols

    Symbol Name                              Value     Ov Type        Size  Object(Section)

    BuildAttributes$$THM_ISAv4$E$P$D$K$B$S$7EM$PE$A:L22UL41UL21$X:L11$S22US41US21$IEEE1$IW$USESV6$~STKCKD$USESV7$~SHL$OSPACE$EBA8$MICROLIB$REQ8$PRES8$EABIv2 0x00000000   Number         0  anon$$obj.o ABSOLUTE
    __ARM_use_no_argv                        0x00000000   Number         0  st7735testmain.o ABSOLUTE
    __Vectors                                0x00000000   Data           0  startup.o(RESET)
    __cpp_initialize__aeabi_                  - Undefined Weak Reference
    __cxa_finalize                            - Undefined Weak Reference
    _clock_init                               - Undefined Weak Reference
    _microlib_exit                            - Undefined Weak Reference
    Reset_Handler                            0x0000026d   Thumb Code     0  startup.o(RESET)
    NMI_Handler                              0x00000271   Thumb Code     2  startup.o(RESET)
    MemManage_Handler                        0x00000275   Thumb Code     2  startup.o(RESET)
    BusFault_Handler                         0x00000277   Thumb Code     2  startup.o(RESET)
    UsageFault_Handler                       0x00000279   Thumb Code     2  startup.o(RESET)
    SVC_Handler                              0x0000027b   Thumb Code     2  startup.o(RESET)
    DebugMon_Handler                         0x0000027d   Thumb Code     2  startup.o(RESET)
    ADC0Seq0_Handler                         0x00000283   Thumb Code     0  startup.o(RESET)
    ADC0Seq1_Handler                         0x00000283   Thumb Code     0  startup.o(RESET)
    ADC0Seq3_Handler                         0x00000283   Thumb Code     0  startup.o(RESET)
    ADC1Seq0_Handler                         0x00000283   Thumb Code     0  startup.o(RESET)
    ADC1Seq1_Handler                         0x00000283   Thumb Code     0  startup.o(RESET)
    ADC1Seq2_Handler                         0x00000283   Thumb Code     0  startup.o(RESET)
    ADC1Seq3_Handler                         0x00000283   Thumb Code     0  startup.o(RESET)
    CAN1_Handler                             0x00000283   Thumb Code     0  startup.o(RESET)
    CAN2_Handler                             0x00000283   Thumb Code     0  startup.o(RESET)
    Comp0_Handler                            0x00000283   Thumb Code     0  startup.o(RESET)
    Comp1_Handler                            0x00000283   Thumb Code     0  startup.o(RESET)
    Comp2_Handler                            0x00000283   Thumb Code     0  startup.o(RESET)
    Ethernet_Handler                         0x00000283   Thumb Code     0  startup.o(RESET)
    ExtBus_Handler                           0x00000283   Thumb Code     0  startup.o(RESET)
    FPU_Handler                              0x00000283   Thumb Code     0  startup.o(RESET)
    Fan0_Handler                             0x00000283   Thumb Code     0  startup.o(RESET)
    FlashCtl_Handler                         0x00000283   Thumb Code     0  startup.o(RESET)
    GPIOPortA_Handler                        0x00000283   Thumb Code     0  startup.o(RESET)
    GPIOPortB_Handler                        0x00000283   Thumb Code     0  startup.o(RESET)
    GPIOPortC_Handler                        0x00000283   Thumb Code     0  startup.o(RESET)
    GPIOPortD_Handler                        0x00000283   Thumb Code     0  startup.o(RESET)
    GPIOPortE_Handler                        0x00000283   Thumb Code     0  startup.o(RESET)
    GPIOPortG_Handler                        0x00000283   Thumb Code     0  startup.o(RESET)
    GPIOPortH_Handler                        0x00000283   Thumb Code     0  startup.o(RESET)
    GPIOPortJ_Handler                        0x00000283   Thumb Code     0  startup.o(RESET)
    GPIOPortK_Handler                        0x00000283   Thumb Code     0  startup.o(RESET)
    GPIOPortL_Handler                        0x00000283   Thumb Code     0  startup.o(RESET)
    GPIOPortM_Handler                        0x00000283   Thumb Code     0  startup.o(RESET)
    GPIOPortN_Handler                        0x00000283   Thumb Code     0  startup.o(RESET)
    GPIOPortP1_Handler                       0x00000283   Thumb Code     0  startup.o(RESET)
    GPIOPortP2_Handler                       0x00000283   Thumb Code     0  startup.o(RESET)
    GPIOPortP3_Handler                       0x00000283   Thumb Code     0  startup.o(RESET)
    GPIOPortP4_Handler                       0x00000283   Thumb Code     0  startup.o(RESET)
    GPIOPortP5_Handler                       0x00000283   Thumb Code     0  startup.o(RESET)
    GPIOPortP6_Handler                       0x00000283   Thumb Code     0  startup.o(RESET)
    GPIOPortP7_Handler                       0x00000283   Thumb Code     0  startup.o(RESET)
    GPIOPortP_Handler                        0x00000283   Thumb Code     0  startup.o(RESET)
    GPIOPortQ1_Handler                       0x00000283   Thumb Code     0  startup.o(RESET)
    GPIOPortQ2_Handler                       0x00000283   Thumb Code     0  startup.o(RESET)
    GPIOPortQ3_Handler                       0x00000283   Thumb Code     0  startup.o(RESET)
    GPIOPortQ4_Handler                       0x00000283   Thumb Code     0  startup.o(RESET)
    GPIOPortQ5_Handler                       0x00000283   Thumb Code     0  startup.o(RESET)
    GPIOPortQ6_Handler                       0x00000283   Thumb Code     0  startup.o(RESET)
    GPIOPortQ7_Handler                       0x00000283   Thumb Code     0  startup.o(RESET)
    GPIOPortQ_Handler                        0x00000283   Thumb Code     0  startup.o(RESET)
    GPIOPortR_Handler                        0x00000283   Thumb Code     0  startup.o(RESET)
    GPIOPortS_Handler                        0x00000283   Thumb Code     0  startup.o(RESET)
    Hibernate_Handler                        0x00000283   Thumb Code     0  startup.o(RESET)
    I2C0_Handler                             0x00000283   Thumb Code     0  startup.o(RESET)
    I2C1_Handler                             0x00000283   Thumb Code     0  startup.o(RESET)
    I2C2_Handler                             0x00000283   Thumb Code     0  startup.o(RESET)
    I2C3_Handler                             0x00000283   Thumb Code     0  startup.o(RESET)
    I2C4_Handler                             0x00000283   Thumb Code     0  startup.o(RESET)
    I2C5_Handler                             0x00000283   Thumb Code     0  startup.o(RESET)
    I2S0_Handler                             0x00000283   Thumb Code     0  startup.o(RESET)
    LPC0_Handler                             0x00000283   Thumb Code     0  startup.o(RESET)
    PECI0_Handler                            0x00000283   Thumb Code     0  startup.o(RESET)
    PWM0Fault_Handler                        0x00000283   Thumb Code     0  startup.o(RESET)
    PWM0Generator0_Handler                   0x00000283   Thumb Code     0  startup.o(RESET)
    PWM0Generator1_Handler                   0x00000283   Thumb Code     0  startup.o(RESET)
    PWM0Generator2_Handler                   0x00000283   Thumb Code     0  startup.o(RESET)
    PWM0Generator3_Handler                   0x00000283   Thumb Code     0  startup.o(RESET)
    PWM1Fault_Handler                        0x00000283   Thumb Code     0  startup.o(RESET)
    PWM1Generator0_Handler                   0x00000283   Thumb Code     0  startup.o(RESET)
    PWM1Generator1_Handler                   0x00000283   Thumb Code     0  startup.o(RESET)
    PWM1Generator2_Handler                   0x00000283   Thumb Code     0  startup.o(RESET)
    PWM1Generator3_Handler                   0x00000283   Thumb Code     0  startup.o(RESET)
    Quadrature0_Handler                      0x00000283   Thumb Code     0  startup.o(RESET)
    Quadrature1_Handler                      0x00000283   Thumb Code     0  startup.o(RESET)
    Quadrature2_Handler                      0x00000283   Thumb Code     0  startup.o(RESET)
    SSI0_Handler                             0x00000283   Thumb Code     0  startup.o(RESET)
    SSI1_Handler                             0x00000283   Thumb Code     0  startup.o(RESET)
    SSI2_Handler                             0x00000283   Thumb Code     0  startup.o(RESET)
    SSI3_Handler                             0x00000283   Thumb Code     0  startup.o(RESET)
    SysCtl_Handler                           0x00000283   Thumb Code     0  startup.o(RESET)
    Timer0B_Handler                          0x00000283   Thumb Code     0  startup.o(RESET)
    Timer1B_Handler                          0x00000283   Thumb Code     0  startup.o(RESET)
    Timer2A_Handler                          0x00000283   Thumb Code     0  startup.o(RESET)
    Timer2B_Handler                          0x00000283   Thumb Code     0  startup.o(RESET)
    Timer3B_Handler                          0x00000283   Thumb Code     0  startup.o(RESET)
    Timer4B_Handler                          0x00000283   Thumb Code     0  startup.o(RESET)
    Timer5B_Handler                          0x00000283   Thumb Code     0  startup.o(RESET)
    UART1_Handler                            0x00000283   Thumb Code     0  startup.o(RESET)
    UART2_Handler                            0x00000283   Thumb Code     0  startup.o(RESET)
    UART3_Handler                            0x00000283   Thumb Code     0  startup.o(RESET)
    UART4_Handler                            0x00000283   Thumb Code     0  startup.o(RESET)
    UART5_Handler                            0x00000283   Thumb Code     0  startup.o(RESET)
    UART6_Handler                            0x00000283   Thumb Code     0  startup.o(RESET)
    UART7_Handler                            0x00000283   Thumb Code     0  startup.o(RESET)
    USB0_Handler                             0x00000283   Thumb Code     0  startup.o(RESET)
    WDT_Handler                              0x00000283   Thumb Code     0  startup.o(RESET)
    WideTimer0A_Handler                      0x00000283   Thumb Code     0  startup.o(RESET)
    WideTimer0B_Handler                      0x00000283   Thumb Code     0  startup.o(RESET)
    WideTimer1A_Handler                      0x00000283   Thumb Code     0  startup.o(RESET)
    WideTimer1B_Handler                      0x00000283   Thumb Code     0  startup.o(RESET)
    WideTimer2A_Handler                      0x00000283   Thumb Code     0  startup.o(RESET)
    WideTimer2B_Handler                      0x00000283   Thumb Code     0  startup.o(RESET)
    WideTimer3A_Handler                      0x00000283   Thumb Code     0  startup.o(RESET)
    WideTimer3B_Handler                      0x00000283   Thumb Code     0  startup.o(RESET)
    WideTimer4A_Handler                      0x00000283   Thumb Code     0  startup.o(RESET)
    WideTimer4B_Handler                      0x00000283   Thumb Code     0  startup.o(RESET)
    WideTimer5A_Handler                      0x00000283   Thumb Code     0  startup.o(RESET)
    WideTimer5B_Handler                      0x00000283   Thumb Code     0  startup.o(RESET)
    uDMA_Error                               0x00000283   Thumb Code     0  startup.o(RESET)
    uDMA_Handler                             0x00000283   Thumb Code     0  startup.o(RESET)
    __main                                   0x00000285   Thumb Code     0  entry.o(.ARM.Collect$$$$00000000)
    _main_stk                                0x00000285   Thumb Code     0  entry2.o(.ARM.Collect$$$$00000001)
    _main_scatterload                        0x00000289   Thumb Code     0  entry5.o(.ARM.Collect$$$$00000004)
    __main_after_scatterload                 0x0000028d   Thumb Code     0  entry5.o(.ARM.Collect$$$$00000004)
    _main_clock                              0x0000028d   Thumb Code     0  entry7b.o(.ARM.Collect$$$$00000008)
    _main_cpp_init                           0x0000028d   Thumb Code     0  entry8b.o(.ARM.Collect$$$$0000000A)
    _main_init                               0x0000028d   Thumb Code     0  entry9a.o(.ARM.Collect$$$$0000000B)
    __rt_final_cpp                           0x00000295   Thumb Code     0  entry10a.o(.ARM.Collect$$$$0000000D)
    __rt_final_exit                          0x00000295   Thumb Code     0  entry11a.o(.ARM.Collect$$$$0000000F)
    Delay                                    0x00000299   Thumb Code     6  st7735.o(.emb_text)
    DisableInterrupts                        0x000002a1   Thumb Code     0  startup.o(.text)
    EnableInterrupts                         0x000002a5   Thumb Code     0  startup.o(.text)
    StartCritical                            0x000002a9   Thumb Code     0  startup.o(.text)
    EndCritical                              0x000002b1   Thumb Code     0  startup.o(.text)
    WaitForInterrupt                         0x000002b7   Thumb Code     0  startup.o(.text)
    PID_stm32                                0x000002bd   Thumb Code     0  pid_stm32.o(.text)
    OS_DisableInterrupts                     0x00000305   Thumb Code     0  osasm.o(.text)
    OS_EnableInterrupts                      0x00000309   Thumb Code     0  osasm.o(.text)
    SysTick_Handler                          0x0000030d   Thumb Code     0  osasm.o(.text)
    PendSV_Handler                           0x00000333   Thumb Code     0  osasm.o(.text)
    StartOS                                  0x0000034f   Thumb Code     0  osasm.o(.text)
    cr4_fft_64_stm32                         0x00000375   Thumb Code     0  cr4_fft_64_stm32.o(.text)
    __scatterload                            0x00000645   Thumb Code    28  init.o(.text)
    __scatterload_rt2                        0x00000645   Thumb Code     0  init.o(.text)
    __decompress                             0x00000669   Thumb Code     0  __dczerorl2.o(.text)
    __decompress1                            0x00000669   Thumb Code    92  __dczerorl2.o(.text)
    ADC0Seq2_Handler                         0x000006c5   Thumb Code    46  adc.o(i.ADC0Seq2_Handler)
    CAN0_Handler                             0x00000705   Thumb Code   138  can0.o(i.CAN0_Handler)
    CAN0_Open                                0x0000079d   Thumb Code   172  can0.o(i.CAN0_Open)
    CANBitRateSet                            0x00000899   Thumb Code   142  can.o(i.CANBitRateSet)
    CANEnable                                0x00000999   Thumb Code    24  can.o(i.CANEnable)
    CANInit                                  0x000009b1   Thumb Code   148  can.o(i.CANInit)
    CANIntClear                              0x00000a45   Thumb Code    76  can.o(i.CANIntClear)
    CANIntEnable                             0x00000a91   Thumb Code    26  can.o(i.CANIntEnable)
    CANIntStatus                             0x00000add   Thumb Code    60  can.o(i.CANIntStatus)
    CANMessageGet                            0x00000b19   Thumb Code   434  can.o(i.CANMessageGet)
    CANMessageSet                            0x00000ccb   Thumb Code   434  can.o(i.CANMessageSet)
    CANStatusGet                             0x00000ee5   Thumb Code   124  can.o(i.CANStatusGet)
    Consumer                                 0x00000f61   Thumb Code   212  st7735testmain.o(i.Consumer)
    Delay1ms                                 0x00001071   Thumb Code    22  st7735.o(i.Delay1ms)
    DelayWait10us                            0x00001087   Thumb Code    14  leds.o(i.DelayWait10us)
    Display                                  0x00001095   Thumb Code   142  st7735testmain.o(i.Display)
    GPIOPortF_Handler                        0x0000113d   Thumb Code   160  pfedgetrigger.o(i.GPIOPortF_Handler)
    HardFault_Handler                        0x00001201   Thumb Code    10  os.o(i.HardFault_Handler)
    IR_Sensor_Init                           0x00001211   Thumb Code   474  adc.o(i.IR_Sensor_Init)
    IntDisable                               0x00001415   Thumb Code   116  interrupt.o(i.IntDisable)
    IntEnable                                0x00001495   Thumb Code   116  interrupt.o(i.IntEnable)
    OS_AddPeriodicThread                     0x00001515   Thumb Code    64  os.o(i.OS_AddPeriodicThread)
    OS_AddThread                             0x00001559   Thumb Code   324  os.o(i.OS_AddThread)
    OS_ClearMsTime                           0x000016b1   Thumb Code     8  os.o(i.OS_ClearMsTime)
    OS_Fifo_Get                              0x000016bd   Thumb Code    98  os.o(i.OS_Fifo_Get)
    OS_Fifo_Init                             0x00001735   Thumb Code    46  os.o(i.OS_Fifo_Init)
    OS_Fifo_Put                              0x00001781   Thumb Code   116  os.o(i.OS_Fifo_Put)
    OS_Id                                    0x0000180d   Thumb Code     8  os.o(i.OS_Id)
    OS_Init                                  0x00001819   Thumb Code   100  os.o(i.OS_Init)
    OS_InitDriverInitSemaphore               0x00001891   Thumb Code    12  os.o(i.OS_InitDriverInitSemaphore)
    OS_InitSemaphore                         0x000018a1   Thumb Code    22  os.o(i.OS_InitSemaphore)
    OS_Kill                                  0x000018b9   Thumb Code    78  os.o(i.OS_Kill)
    OS_KilledSuspend                         0x00001915   Thumb Code    18  os.o(i.OS_KilledSuspend)
    OS_Launch                                0x0000192d   Thumb Code    30  os.o(i.OS_Launch)
    OS_MailBox_Init                          0x00001951   Thumb Code    24  os.o(i.OS_MailBox_Init)
    OS_MailBox_Recv                          0x00001975   Thumb Code    52  os.o(i.OS_MailBox_Recv)
    OS_MailBox_Send                          0x000019b9   Thumb Code    24  os.o(i.OS_MailBox_Send)
    OS_MsTime                                0x000019dd   Thumb Code     6  os.o(i.OS_MsTime)
    OS_Signal                                0x000019e9   Thumb Code    60  os.o(i.OS_Signal)
    OS_Suspend                               0x00001a29   Thumb Code    18  os.o(i.OS_Suspend)
    OS_Wait                                  0x00001a41   Thumb Code   126  os.o(i.OS_Wait)
    OutCRLF                                  0x00001ac5   Thumb Code    16  uart.o(i.OutCRLF)
    PID                                      0x00001ad5   Thumb Code   108  st7735testmain.o(i.PID)
    PLL_Init                                 0x00001b65   Thumb Code   118  pll.o(i.PLL_Init)
    Producer                                 0x00001be1   Thumb Code    46  st7735testmain.o(i.Producer)
    RxFifo_Init                              0x00001c1d   Thumb Code    26  uart.o(i.RxFifo_Init)
    RxFifo_Put                               0x00001c41   Thumb Code    48  uart.o(i.RxFifo_Put)
    RxFifo_Size                              0x00001c7d   Thumb Code    14  uart.o(i.RxFifo_Size)
    ST7735_DrawCharS                         0x00001c95   Thumb Code   232  st7735.o(i.ST7735_DrawCharS)
    ST7735_DrawPixel                         0x00001d89   Thumb Code    64  st7735.o(i.ST7735_DrawPixel)
    ST7735_DrawString                        0x00001dd1   Thumb Code    86  st7735.o(i.ST7735_DrawString)
    ST7735_FillRect                          0x00001e29   Thumb Code   164  st7735.o(i.ST7735_FillRect)
    ST7735_FillScreen                        0x00001ed5   Thumb Code    28  st7735.o(i.ST7735_FillScreen)
    ST7735_InitRDivided                      0x00001ef9   Thumb Code   112  st7735.o(i.ST7735_InitRDivided)
    ST7735_SetCursor                         0x00001fa5   Thumb Code    22  st7735.o(i.ST7735_SetCursor)
    Scheduler                                0x00001fc5   Thumb Code    12  os.o(i.Scheduler)
    SetInitialStack                          0x00001fd5   Thumb Code   326  os.o(i.SetInitialStack)
    StartPingSensorPB6_7                     0x00002125   Thumb Code    38  timer0a.o(i.StartPingSensorPB6_7)
    Timer0A_Handler                          0x00002155   Thumb Code    92  timer0a.o(i.Timer0A_Handler)
    Timer0A_Init                             0x000021c5   Thumb Code   302  timer0a.o(i.Timer0A_Init)
    Timer1A_Handler                          0x00002315   Thumb Code    16  timer1.o(i.Timer1A_Handler)
    Timer1_Init                              0x0000232d   Thumb Code   110  timer1.o(i.Timer1_Init)
    Timer3A_Handler                          0x000023b1   Thumb Code    78  timer3.o(i.Timer3A_Handler)
    Timer4A_Handler                          0x00002411   Thumb Code    16  timer4.o(i.Timer4A_Handler)
    Timer5A_Handler                          0x00002429   Thumb Code    16  timer5.o(i.Timer5A_Handler)
    Timer5_Init                              0x00002441   Thumb Code   100  timer5.o(i.Timer5_Init)
    TxFifo_Get                               0x000024b9   Thumb Code    46  uart.o(i.TxFifo_Get)
    TxFifo_Init                              0x000024f5   Thumb Code    26  uart.o(i.TxFifo_Init)
    TxFifo_Put                               0x00002519   Thumb Code    48  uart.o(i.TxFifo_Put)
    TxFifo_Size                              0x00002555   Thumb Code    14  uart.o(i.TxFifo_Size)
    UART0_Handler                            0x0000256d   Thumb Code    82  uart.o(i.UART0_Handler)
    UART_Init                                0x000025c5   Thumb Code   178  uart.o(i.UART_Init)
    UART_OutChar                             0x00002691   Thumb Code    46  uart.o(i.UART_OutChar)
    UART_OutString                           0x000026c5   Thumb Code    24  uart.o(i.UART_OutString)
    UART_OutUDec                             0x000026dd   Thumb Code    42  uart.o(i.UART_OutUDec)
    __scatterload_copy                       0x00002707   Thumb Code    14  handlers.o(i.__scatterload_copy)
    __scatterload_null                       0x00002715   Thumb Code     2  handlers.o(i.__scatterload_null)
    __scatterload_zeroinit                   0x00002717   Thumb Code    14  handlers.o(i.__scatterload_zeroinit)
    adcToDistance                            0x00002725   Thumb Code   396  st7735testmain.o(i.adcToDistance)
    doSleepDecrement                         0x00002ba1   Thumb Code    56  os.o(i.doSleepDecrement)
    idQueuePop                               0x00002bdd   Thumb Code    48  idqueue.o(i.idQueuePop)
    idQueuePush                              0x00002c19   Thumb Code    66  idqueue.o(i.idQueuePush)
    initHardFault                            0x00002c69   Thumb Code    94  os.o(i.initHardFault)
    main                                     0x00002cdd   Thumb Code   120  st7735testmain.o(i.main)
    postLauntInits                           0x00002d7d   Thumb Code    32  st7735testmain.o(i.postLauntInits)
    priQueuePeek                             0x00002d9d   Thumb Code    22  threadprioritypqueue.o(i.priQueuePeek)
    priQueuePeekAndRotate                    0x00002dc1   Thumb Code   110  threadprioritypqueue.o(i.priQueuePeekAndRotate)
    priQueuePush                             0x00002e3d   Thumb Code   132  threadprioritypqueue.o(i.priQueuePush)
    priQueuePushBack                         0x00002ed1   Thumb Code    26  threadprioritypqueue.o(i.priQueuePushBack)
    priQueueRemove                           0x00002ef1   Thumb Code   120  threadprioritypqueue.o(i.priQueueRemove)
    priQueueShiftForward                     0x00002f79   Thumb Code    24  threadprioritypqueue.o(i.priQueueShiftForward)
    uartIRData                               0x0000301d   Thumb Code    66  st7735testmain.o(i.uartIRData)
    updateOSTime                             0x00003079   Thumb Code    22  os.o(i.updateOSTime)
    dBfs                                     0x0000371a   Data         512  st7735.o(.constdata)
    Region$$Table$$Base                      0x0000392c   Number         0  anon$$obj.o(Region$$Table)
    Region$$Table$$Limit                     0x0000394c   Number         0  anon$$obj.o(Region$$Table)
    DataLost                                 0x20000000   Data           4  st7735testmain.o(.data)
    numCreated                               0x20000004   Data           4  st7735testmain.o(.data)
    numThreads                               0x20000008   Data           4  st7735testmain.o(.data)
    calibrationChartBottomLeft               0x2000000c   Data         168  st7735testmain.o(.data)
    calibrationChartTopLeft                  0x200000b4   Data         168  st7735testmain.o(.data)
    calibrationChartTopRight                 0x2000015c   Data         168  st7735testmain.o(.data)
    calibrationChartBottomRight              0x20000204   Data         168  st7735testmain.o(.data)
    CONTROL_LUT                              0x200002ac   Data         280  st7735testmain.o(.data)
    RcvCount                                 0x200003c4   Data           4  st7735testmain.o(.data)
    lastState                                0x200003c8   Data           4  st7735testmain.o(.data)
    reverseState                             0x200003cc   Data           4  st7735testmain.o(.data)
    oldLutIndex                              0x200003d0   Data           4  st7735testmain.o(.data)
    sequenceNum                              0x200003d4   Data           1  st7735testmain.o(.data)
    PIDWork                                  0x200003dc   Data           4  st7735testmain.o(.data)
    FilterWork                               0x200003e0   Data           4  st7735testmain.o(.data)
    NumSamples                               0x200003e4   Data           4  st7735testmain.o(.data)
    XmtData                                  0x200003e8   Data           8  st7735testmain.o(.data)
    RcvData                                  0x200003f0   Data           8  st7735testmain.o(.data)
    newLutIndex                              0x200003f8   Data           4  st7735testmain.o(.data)
    IntTerm                                  0x200003fc   Data           2  st7735testmain.o(.data)
    PrevError                                0x200003fe   Data           2  st7735testmain.o(.data)
    Coeff                                    0x20000400   Data           6  st7735testmain.o(.data)
    Actuator                                 0x20000406   Data           2  st7735testmain.o(.data)
    idQueueHead                              0x20000408   Data           4  idqueue.o(.data)
    idQueueTail                              0x2000040c   Data           4  idqueue.o(.data)
    firstThreadEver                          0x20000410   Data           4  os.o(.data)
    numPeriodicThreads                       0x20000414   Data           4  os.o(.data)
    lockCritical                             0x20000418   Data           4  os.o(.data)
    RunPt                                    0x20000420   Data           4  os.o(.data)
    OStime                                   0x20000424   Data           4  os.o(.data)
    OStimeMS                                 0x20000428   Data           4  os.o(.data)
    PutPt                                    0x2000042c   Data           4  os.o(.data)
    GetPt                                    0x20000430   Data           4  os.o(.data)
    LostData                                 0x20000434   Data           4  os.o(.data)
    bPFNeedInit                              0x20000438   Data           4  pfedgetrigger.o(.data)
    bNothingAssignedToPF0                    0x2000043c   Data           4  pfedgetrigger.o(.data)
    bNothingAssignedToPF4                    0x20000440   Data           4  pfedgetrigger.o(.data)
    PF0Task                                  0x20000448   Data           4  pfedgetrigger.o(.data)
    PF4Task                                  0x2000044c   Data           4  pfedgetrigger.o(.data)
    PF0Priority                              0x20000450   Data           4  pfedgetrigger.o(.data)
    PF4Priority                              0x20000454   Data           4  pfedgetrigger.o(.data)
    StX                                      0x20000458   Data           4  st7735.o(.data)
    StY                                      0x2000045c   Data           4  st7735.o(.data)
    StTextColor                              0x20000460   Data           2  st7735.o(.data)
    lastj                                    0x20000468   Data           4  st7735.o(.data)
    Messageindex                             0x20000470   Data           4  st7735.o(.data)
    Ymax                                     0x20000474   Data           4  st7735.o(.data)
    Ymin                                     0x20000478   Data           4  st7735.o(.data)
    X                                        0x2000047c   Data           4  st7735.o(.data)
    Yrange                                   0x20000480   Data           4  st7735.o(.data)
    MessageindexDivided0                     0x20000484   Data           4  st7735.o(.data)
    MessageindexDivided1                     0x20000488   Data           4  st7735.o(.data)
    priQueueHead                             0x2000048c   Data           4  threadprioritypqueue.o(.data)
    priQueueTail                             0x20000490   Data           4  threadprioritypqueue.o(.data)
    numPriItems                              0x20000494   Data           4  threadprioritypqueue.o(.data)
    lastTimePing6_7                          0x20000498   Data           4  timer0a.o(.data)
    nowTimePing6_7                           0x2000049c   Data           4  timer0a.o(.data)
    pulsePeriodPing6_7                       0x200004a0   Data           4  timer0a.o(.data)
    pingPB6_7_ready                          0x200004a4   Data           4  timer0a.o(.data)
    PeriodicTask0                            0x200004b0   Data           4  timer0a.o(.data)
    MaxJitterT0                              0x200004b4   Data           4  timer0a.o(.data)
    FilterWorkT0                             0x200004b8   Data           4  timer0a.o(.data)
    PERIODT0                                 0x200004bc   Data           4  timer0a.o(.data)
    TIMER0A_ThreadPriority                   0x200004c0   Data           4  timer0a.o(.data)
    PeriodicTask3                            0x200004c8   Data           4  timer1.o(.data)
    MaxJitterT1                              0x200004cc   Data           4  timer1.o(.data)
    FilterWorkT1                             0x200004d0   Data           4  timer1.o(.data)
    PERIODT1                                 0x200004d4   Data           4  timer1.o(.data)
    lastTime                                 0x200004d8   Data           4  timer3.o(.data)
    nowTime                                  0x200004dc   Data           4  timer3.o(.data)
    pulsePeriod                              0x200004e0   Data           4  timer3.o(.data)
    pingPB2_3_ready                          0x200004e4   Data           4  timer3.o(.data)
    PeriodicTask                             0x200004ec   Data           4  timer5.o(.data)
    RxPutI                                   0x200004f0   Data           4  uart.o(.data)
    RxGetI                                   0x200004f4   Data           4  uart.o(.data)
    TxPutI                                   0x200004f8   Data           4  uart.o(.data)
    TxGetI                                   0x200004fc   Data           4  uart.o(.data)
    ProducerTask                             0x20000500   Data           4  adc.o(.data)
    Timer4PeriodicTask                       0x20000510   Data           4  timer4.o(.data)
    xBottomLeft                              0x20000514   Data         256  st7735testmain.o(.bss)
    yBottomLeft                              0x20000614   Data         256  st7735testmain.o(.bss)
    xTopLeft                                 0x20000714   Data         256  st7735testmain.o(.bss)
    yTopLeft                                 0x20000814   Data         256  st7735testmain.o(.bss)
    xTopRight                                0x20000914   Data         256  st7735testmain.o(.bss)
    yTopRight                                0x20000a14   Data         256  st7735testmain.o(.bss)
    xBottomRight                             0x20000b14   Data         256  st7735testmain.o(.bss)
    yBottomRight                             0x20000c14   Data         256  st7735testmain.o(.bss)
    result                                   0x20000d14   Data          12  st7735testmain.o(.bss)
    idQueue                                  0x20000d20   Data          84  idqueue.o(.bss)
    tcbs                                     0x20000d74   Data         640  os.o(.bss)
    Stacks                                   0x20000ff4   Data        8000  os.o(.bss)
    CurrentSize                              0x20003734   Data          20  os.o(.bss)
    RoomLeft                                 0x20003748   Data          20  os.o(.bss)
    FIFOmutex                                0x2000375c   Data          20  os.o(.bss)
    mailValue                                0x20003770   Data          16  os.o(.bss)
    mailSend                                 0x20003780   Data          20  os.o(.bss)
    mailAck                                  0x20003794   Data          20  os.o(.bss)
    theData                                  0x200037a8   Data          16  os.o(.bss)
    mutexPFInit                              0x200037b8   Data          20  pfedgetrigger.o(.bss)
    StX_0                                    0x200037cc   Data          28  st7735.o(.bss)
    StX_1                                    0x200037e8   Data          28  st7735.o(.bss)
    mutexLCD                                 0x20003804   Data          20  st7735.o(.bss)
    Message                                  0x20003818   Data          12  st7735.o(.bss)
    MessageDivded0                           0x20003824   Data          12  st7735.o(.bss)
    MessageDivded1                           0x20003830   Data          12  st7735.o(.bss)
    priQueue                                 0x2000383c   Data          84  threadprioritypqueue.o(.bss)
    PEdata                                   0x200038b0   Data          16  adc.o(.bss)
    __initial_sp                             0x20003cc0   Data           0  startup.o(STACK)



==============================================================================

Memory Map of the image

  Image Entry point : 0x0000026d

  Load Region LR_1 (Base: 0x00000000, Size: 0x00003e60, Max: 0xffffffff, ABSOLUTE, COMPRESSED[0x00003aa4])

    Execution Region ER_RO (Base: 0x00000000, Size: 0x0000394c, Max: 0xffffffff, ABSOLUTE)

    Base Addr    Size         Type   Attr      Idx    E Section Name        Object

    0x00000000   0x00000284   Code   RO         1301  * RESET               startup.o
    0x00000284   0x00000000   Code   RO         1638  * .ARM.Collect$$$$00000000  mc_w.l(entry.o)
    0x00000284   0x00000004   Code   RO         1641    .ARM.Collect$$$$00000001  mc_w.l(entry2.o)
    0x00000288   0x00000004   Code   RO         1644    .ARM.Collect$$$$00000004  mc_w.l(entry5.o)
    0x0000028c   0x00000000   Code   RO         1646    .ARM.Collect$$$$00000008  mc_w.l(entry7b.o)
    0x0000028c   0x00000000   Code   RO         1648    .ARM.Collect$$$$0000000A  mc_w.l(entry8b.o)
    0x0000028c   0x00000008   Code   RO         1649    .ARM.Collect$$$$0000000B  mc_w.l(entry9a.o)
    0x00000294   0x00000000   Code   RO         1651    .ARM.Collect$$$$0000000D  mc_w.l(entry10a.o)
    0x00000294   0x00000000   Code   RO         1653    .ARM.Collect$$$$0000000F  mc_w.l(entry11a.o)
    0x00000294   0x00000004   Code   RO         1642    .ARM.Collect$$$$00002712  mc_w.l(entry2.o)
    0x00000298   0x00000006   Code   RO          603    .emb_text           st7735.o
    0x0000029e   0x00000002   PAD
    0x000002a0   0x0000001c   Code   RO         1302    .text               startup.o
    0x000002bc   0x00000048   Code   RO         1308    .text               pid_stm32.o
    0x00000304   0x00000070   Code   RO         1311    .text               osasm.o
    0x00000374   0x000002ce   Code   RO         1314    .text               cr4_fft_64_stm32.o
    0x00000642   0x00000002   PAD
    0x00000644   0x00000024   Code   RO         1655    .text               mc_w.l(init.o)
    0x00000668   0x0000005c   Code   RO         1665    .text               mc_w.l(__dczerorl2.o)
    0x000006c4   0x00000040   Code   RO         1267    i.ADC0Seq2_Handler  adc.o
    0x00000704   0x00000098   Code   RO         1479    i.CAN0_Handler      can0.o
    0x0000079c   0x000000cc   Code   RO         1480    i.CAN0_Open         can0.o
    0x00000868   0x00000030   Code   RO         1482    i.CAN0_Setup_Message_Object  can0.o
    0x00000898   0x00000094   Code   RO         1317    i.CANBitRateSet     can.o
    0x0000092c   0x00000036   Code   RO         1318    i.CANDataRegRead    can.o
    0x00000962   0x00000036   Code   RO         1319    i.CANDataRegWrite   can.o
    0x00000998   0x00000018   Code   RO         1321    i.CANEnable         can.o
    0x000009b0   0x00000094   Code   RO         1323    i.CANInit           can.o
    0x00000a44   0x0000004c   Code   RO         1324    i.CANIntClear       can.o
    0x00000a90   0x0000001a   Code   RO         1326    i.CANIntEnable      can.o
    0x00000aaa   0x00000002   PAD
    0x00000aac   0x00000030   Code   RO         1327    i.CANIntNumberGet   can.o
    0x00000adc   0x0000003c   Code   RO         1329    i.CANIntStatus      can.o
    0x00000b18   0x000001b2   Code   RO         1332    i.CANMessageGet     can.o
    0x00000cca   0x000001b2   Code   RO         1333    i.CANMessageSet     can.o
    0x00000e7c   0x00000050   Code   RO         1334    i.CANRegRead        can.o
    0x00000ecc   0x00000018   Code   RO         1335    i.CANRegWrite       can.o
    0x00000ee4   0x0000007c   Code   RO         1338    i.CANStatusGet      can.o
    0x00000f60   0x00000110   Code   RO            3    i.Consumer          st7735testmain.o
    0x00001070   0x00000016   Code   RO          604    i.Delay1ms          st7735.o
    0x00001086   0x0000000e   Code   RO          271    i.DelayWait10us     leds.o
    0x00001094   0x000000a8   Code   RO            4    i.Display           st7735testmain.o
    0x0000113c   0x000000c4   Code   RO          546    i.GPIOPortF_Handler  pfedgetrigger.o
    0x00001200   0x00000010   Code   RO          294    i.HardFault_Handler  os.o
    0x00001210   0x00000204   Code   RO         1269    i.IR_Sensor_Init    adc.o
    0x00001414   0x00000080   Code   RO         1532    i.IntDisable        interrupt.o
    0x00001494   0x00000080   Code   RO         1533    i.IntEnable         interrupt.o
    0x00001514   0x00000044   Code   RO          295    i.OS_AddPeriodicThread  os.o
    0x00001558   0x00000158   Code   RO          298    i.OS_AddThread      os.o
    0x000016b0   0x0000000c   Code   RO          299    i.OS_ClearMsTime    os.o
    0x000016bc   0x00000078   Code   RO          300    i.OS_Fifo_Get       os.o
    0x00001734   0x0000004c   Code   RO          301    i.OS_Fifo_Init      os.o
    0x00001780   0x0000008c   Code   RO          302    i.OS_Fifo_Put       os.o
    0x0000180c   0x0000000c   Code   RO          304    i.OS_Id             os.o
    0x00001818   0x00000078   Code   RO          305    i.OS_Init           os.o
    0x00001890   0x00000010   Code   RO          306    i.OS_InitDriverInitSemaphore  os.o
    0x000018a0   0x00000016   Code   RO          307    i.OS_InitSemaphore  os.o
    0x000018b6   0x00000002   PAD
    0x000018b8   0x0000005c   Code   RO          308    i.OS_Kill           os.o
    0x00001914   0x00000018   Code   RO          309    i.OS_KilledSuspend  os.o
    0x0000192c   0x00000024   Code   RO          310    i.OS_Launch         os.o
    0x00001950   0x00000024   Code   RO          312    i.OS_MailBox_Init   os.o
    0x00001974   0x00000044   Code   RO          313    i.OS_MailBox_Recv   os.o
    0x000019b8   0x00000024   Code   RO          314    i.OS_MailBox_Send   os.o
    0x000019dc   0x0000000c   Code   RO          315    i.OS_MsTime         os.o
    0x000019e8   0x00000040   Code   RO          316    i.OS_Signal         os.o
    0x00001a28   0x00000018   Code   RO          318    i.OS_Suspend        os.o
    0x00001a40   0x00000084   Code   RO          322    i.OS_Wait           os.o
    0x00001ac4   0x00000010   Code   RO         1130    i.OutCRLF           uart.o
    0x00001ad4   0x00000090   Code   RO            6    i.PID               st7735testmain.o
    0x00001b64   0x0000007c   Code   RO          591    i.PLL_Init          pll.o
    0x00001be0   0x0000003c   Code   RO            8    i.Producer          st7735testmain.o
    0x00001c1c   0x00000024   Code   RO         1132    i.RxFifo_Init       uart.o
    0x00001c40   0x0000003c   Code   RO         1133    i.RxFifo_Put        uart.o
    0x00001c7c   0x00000018   Code   RO         1134    i.RxFifo_Size       uart.o
    0x00001c94   0x000000f4   Code   RO          613    i.ST7735_DrawCharS  st7735.o
    0x00001d88   0x00000048   Code   RO          616    i.ST7735_DrawPixel  st7735.o
    0x00001dd0   0x00000056   Code   RO          617    i.ST7735_DrawString  st7735.o
    0x00001e26   0x00000002   PAD
    0x00001e28   0x000000ac   Code   RO          619    i.ST7735_FillRect   st7735.o
    0x00001ed4   0x00000024   Code   RO          620    i.ST7735_FillScreen  st7735.o
    0x00001ef8   0x000000ac   Code   RO          623    i.ST7735_InitRDivided  st7735.o
    0x00001fa4   0x00000020   Code   RO          642    i.ST7735_SetCursor  st7735.o
    0x00001fc4   0x00000010   Code   RO          325    i.Scheduler         os.o
    0x00001fd4   0x00000150   Code   RO          326    i.SetInitialStack   os.o
    0x00002124   0x00000030   Code   RO         1011    i.StartPingSensorPB6_7  timer0a.o
    0x00002154   0x00000070   Code   RO         1012    i.Timer0A_Handler   timer0a.o
    0x000021c4   0x00000150   Code   RO         1013    i.Timer0A_Init      timer0a.o
    0x00002314   0x00000018   Code   RO         1040    i.Timer1A_Handler   timer1.o
    0x0000232c   0x00000084   Code   RO         1041    i.Timer1_Init       timer1.o
    0x000023b0   0x00000060   Code   RO         1077    i.Timer3A_Handler   timer3.o
    0x00002410   0x00000018   Code   RO         1614    i.Timer4A_Handler   timer4.o
    0x00002428   0x00000018   Code   RO         1109    i.Timer5A_Handler   timer5.o
    0x00002440   0x00000078   Code   RO         1110    i.Timer5_Init       timer5.o
    0x000024b8   0x0000003c   Code   RO         1135    i.TxFifo_Get        uart.o
    0x000024f4   0x00000024   Code   RO         1136    i.TxFifo_Init       uart.o
    0x00002518   0x0000003c   Code   RO         1137    i.TxFifo_Put        uart.o
    0x00002554   0x00000018   Code   RO         1138    i.TxFifo_Size       uart.o
    0x0000256c   0x00000058   Code   RO         1139    i.UART0_Handler     uart.o
    0x000025c4   0x000000cc   Code   RO         1144    i.UART_Init         uart.o
    0x00002690   0x00000034   Code   RO         1145    i.UART_OutChar      uart.o
    0x000026c4   0x00000018   Code   RO         1146    i.UART_OutString    uart.o
    0x000026dc   0x0000002a   Code   RO         1147    i.UART_OutUDec      uart.o
    0x00002706   0x0000000e   Code   RO         1659    i.__scatterload_copy  mc_w.l(handlers.o)
    0x00002714   0x00000002   Code   RO         1660    i.__scatterload_null  mc_w.l(handlers.o)
    0x00002716   0x0000000e   Code   RO         1661    i.__scatterload_zeroinit  mc_w.l(handlers.o)
    0x00002724   0x0000019c   Code   RO           10    i.adcToDistance     st7735testmain.o
    0x000028c0   0x00000056   Code   RO          647    i.commandList       st7735.o
    0x00002916   0x00000002   PAD
    0x00002918   0x00000234   Code   RO          648    i.commonInit        st7735.o
    0x00002b4c   0x00000028   Code   RO         1149    i.copyHardwareToSoftware  uart.o
    0x00002b74   0x0000002c   Code   RO         1150    i.copySoftwareToHardware  uart.o
    0x00002ba0   0x0000003c   Code   RO          327    i.doSleepDecrement  os.o
    0x00002bdc   0x0000003c   Code   RO          173    i.idQueuePop        idqueue.o
    0x00002c18   0x00000050   Code   RO          174    i.idQueuePush       idqueue.o
    0x00002c68   0x00000074   Code   RO          328    i.initHardFault     os.o
    0x00002cdc   0x000000a0   Code   RO           13    i.main              st7735testmain.o
    0x00002d7c   0x00000020   Code   RO           14    i.postLauntInits    st7735testmain.o
    0x00002d9c   0x00000024   Code   RO          952    i.priQueuePeek      threadprioritypqueue.o
    0x00002dc0   0x0000007c   Code   RO          953    i.priQueuePeekAndRotate  threadprioritypqueue.o
    0x00002e3c   0x00000094   Code   RO          955    i.priQueuePush      threadprioritypqueue.o
    0x00002ed0   0x00000020   Code   RO          956    i.priQueuePushBack  threadprioritypqueue.o
    0x00002ef0   0x00000088   Code   RO          957    i.priQueueRemove    threadprioritypqueue.o
    0x00002f78   0x0000001c   Code   RO          958    i.priQueueShiftForward  threadprioritypqueue.o
    0x00002f94   0x00000012   Code   RO          654    i.pushColor         st7735.o
    0x00002fa6   0x00000002   PAD
    0x00002fa8   0x00000074   Code   RO          655    i.setAddrWindow     st7735.o
    0x0000301c   0x0000005c   Code   RO           15    i.uartIRData        st7735testmain.o
    0x00003078   0x00000020   Code   RO          329    i.updateOSTime      os.o
    0x00003098   0x00000050   Code   RO          656    i.writecommand      st7735.o
    0x000030e8   0x00000050   Code   RO          657    i.writedata         st7735.o
    0x00003138   0x000007e2   Data   RO          659    .constdata          st7735.o
    0x0000391a   0x00000012   Data   RO         1339    .constdata          can.o
    0x0000392c   0x00000020   Data   RO         1657    Region$$Table       anon$$obj.o


    Execution Region ER_RW (Base: 0x20000000, Size: 0x00000514, Max: 0xffffffff, ABSOLUTE, COMPRESSED[0x00000158])

    Base Addr    Size         Type   Attr      Idx    E Section Name        Object

    0x20000000   0x00000408   Data   RW           18    .data               st7735testmain.o
    0x20000408   0x00000008   Data   RW          176    .data               idqueue.o
    0x20000410   0x00000028   Data   RW          332    .data               os.o
    0x20000438   0x00000020   Data   RW          553    .data               pfedgetrigger.o
    0x20000458   0x00000034   Data   RW          660    .data               st7735.o
    0x2000048c   0x0000000c   Data   RW          960    .data               threadprioritypqueue.o
    0x20000498   0x0000002c   Data   RW         1016    .data               timer0a.o
    0x200004c4   0x00000014   Data   RW         1046    .data               timer1.o
    0x200004d8   0x00000014   Data   RW         1080    .data               timer3.o
    0x200004ec   0x00000004   Data   RW         1111    .data               timer5.o
    0x200004f0   0x00000010   Data   RW         1152    .data               uart.o
    0x20000500   0x00000004   Data   RW         1271    .data               adc.o
    0x20000504   0x0000000c   Data   RW         1483    .data               can0.o
    0x20000510   0x00000004   Data   RW         1616    .data               timer4.o


    Execution Region ER_ZI (Base: 0x20000514, Size: 0x000037ac, Max: 0xffffffff, ABSOLUTE)

    Base Addr    Size         Type   Attr      Idx    E Section Name        Object

    0x20000514   0x0000080c   Zero   RW           16    .bss                st7735testmain.o
    0x20000d20   0x00000054   Zero   RW          175    .bss                idqueue.o
    0x20000d74   0x00002a44   Zero   RW          330    .bss                os.o
    0x200037b8   0x00000014   Zero   RW          551    .bss                pfedgetrigger.o
    0x200037cc   0x00000070   Zero   RW          658    .bss                st7735.o
    0x2000383c   0x00000054   Zero   RW          959    .bss                threadprioritypqueue.o
    0x20003890   0x00000020   Zero   RW         1151    .bss                uart.o
    0x200038b0   0x00000010   Zero   RW         1270    .bss                adc.o
    0x200038c0   0x00000400   Zero   RW         1299    STACK               startup.o


==============================================================================

Image component sizes


      Code (inc. data)   RO Data    RW Data    ZI Data      Debug   Object Name

       580         60          0          4         16       4208   adc.o
      1734         20         18          0          0      17093   can.o
       404         50          0         12          0       3151   can0.o
       718        240          0          0          0        396   cr4_fft_64_stm32.o
       140         26          0          8         84       3139   idqueue.o
         0          0          0          0          0       1830   interpreter.o
       256         24          0          0          0       1265   interrupt.o
        14          0          0          0          0       1160   leds.o
      2030        276          0         40      10820      18295   os.o
       112          6          0          0          0        372   osasm.o
       196         36          0         32         20       2979   pfedgetrigger.o
        72          8          0          0          0        360   pid_stm32.o
       124          6          0          0          0        575   pll.o
      1786        204       2018         52        112      16042   st7735.o
      1340        218          0       1032       2060      14585   st7735testmain.o
       672        622          0          0       1024       1176   startup.o
       504         70          0         12         84       6348   threadprioritypqueue.o
       496         64          0         44          0       3506   timer0a.o
       156         30          0         20          0       3091   timer1.o
        96         18          0         20          0       1089   timer3.o
        24          8          0          4          0       1363   timer4.o
       144         28          0          4          0       2087   timer5.o
       810        126          0         16         32      10118   uart.o

    ----------------------------------------------------------------------
     12422       2142       2068       1300      14252     114228   Object Totals
         0          0         32          0          0          0   (incl. Generated)
        14          2          0          0          0          0   (incl. Padding)

    ----------------------------------------------------------------------

      Code (inc. data)   RO Data    RW Data    ZI Data      Debug   Library Member Name

        92          0          0          0          0          0   __dczerorl2.o
         0          0          0          0          0          0   entry.o
         0          0          0          0          0          0   entry10a.o
         0          0          0          0          0          0   entry11a.o
         8          4          0          0          0          0   entry2.o
         4          0          0          0          0          0   entry5.o
         0          0          0          0          0          0   entry7b.o
         0          0          0          0          0          0   entry8b.o
         8          4          0          0          0          0   entry9a.o
        30          0          0          0          0          0   handlers.o
        36          8          0          0          0         68   init.o

    ----------------------------------------------------------------------
       178         16          0          0          0         68   Library Totals
         0          0          0          0          0          0   (incl. Padding)

    ----------------------------------------------------------------------

      Code (inc. data)   RO Data    RW Data    ZI Data      Debug   Library Name

       178         16          0          0          0         68   mc_w.l

    ----------------------------------------------------------------------
       178         16          0          0          0         68   Library Totals

    ----------------------------------------------------------------------

==============================================================================


      Code (inc. data)   RO Data    RW Data    ZI Data      Debug   

     12600       2158       2068       1300      14252     108992   Grand Totals
     12600       2158       2068        344      14252     108992   ELF Image Totals (compressed)
     12600       2158       2068        344          0          0   ROM Totals

==============================================================================

    Total RO  Size (Code + RO Data)                14668 (  14.32kB)
    Total RW  Size (RW Data + ZI Data)             15552 (  15.19kB)
    Total ROM Size (Code + RO Data + RW Data)      15012 (  14.66kB)

==============================================================================

