<html>
<body>
<pre>
<h1>µVision Build Log</h1>
<h2>Project:</h2>
C:\Users\Admin\Documents\School\Junior 2\EE445M\ValvanoWareTM4C123\robot-lab6-7-ar47986_lk7236_jl57566_ecl625\OS_Sensor_Brains\Lab3Working3PriorityBlockingFinal\lab1.uvproj
Project File Date:  04/16/2017

<h2>Output:</h2>
Build target 'ST7735'
linking...
Program Size: Code=13868 RO-data=2068 RW-data=336 ZI-data=10752  
".\ST7735.axf" - 0 Error(s), 0 Warning(s).
" - 0 Error(s), 0 Warning(s).
Load "C:\\Users\\Admin\\Documents\\School\\Junior 2\\EE445M\\ValvanoWareTM4C123\\robot-lab6-7-ar47986_lk7236_jl57566_ecl625\\OS_Sensor_Brains\\Lab3Working3PriorityBlockingFinal\\ST7735.axf" 
Connecting: Mode=JTAG, Speed=1000000Hz
Erase Done.
Programming Done.
Verify OK.
...
compiling PFEdgeTrigger.c...
compiling PLL.c...
compiling ST7735.c...
compiling SysTickInts.c...
compiling ThreadPriorityPQueue.c...
compiling Timer0A.c...
compiling Timer1.c...
compiling Timer3.c...
compiling Timer5.c...
compiling UART.c...
compiling ADC.c...
assembling startup.s...
assembling PID_stm32.s...
assembling osasm.s...
assembling cr4_fft_64_stm32.s...
compiling can.c...
compiling can0.c...
compiling interrupt.c...
compiling Timer4.c...
linking...
Prog