<html>
<body>
<pre>
<h1>µVision Build Log</h1>
<h2>Project:</h2>
C:\Users\Admin\Documents\School\Junior 2\EE445M\ValvanoWareTM4C123\robot-lab6-7-ar47986_lk7236_jl57566_ecl625\OS_Sensor_Brains\Lab3Working3PriorityBlockingFinal\lab1.uvproj
Project File Date:  04/16/2017

<h2>Output:</h2>
Build target 'ST7735'
compiling ADC.c...
linking...
Program Size: Code=13692 RO-data=2068 RW-data=332 ZI-data=12716  
".\ST7735.axf" - 0 Error(s), 0 Warning(s).
Load "C:\\Users\\Admin\\Documents\\School\\Junior 2\\EE445M\\ValvanoWareTM4C123\\robot-lab6-7-ar47986_lk7236_jl57566_ecl625\\OS_Sensor_Brains\\Lab3Working3PriorityBlockingFinal\\ST7735.axf" 
Connecting: Mode=JTAG, Speed=1000000Hz
Erase Done.
Programming Done.
Verify OK.
 Done.
Programming Done.
Verify OK.
EE445M\\ValvanoWareTM4C123\\robot-lab6-7-ar47986_lk7236_jl57566_ecl625\\OS_Sensor_Brains\\Lab3Working3PriorityBlockingFinal\\ST7735.axf" 
Connecting: Mode=JTAG, Speed=1000000Hz
Erase Done.
Programming Done.
Verify OK.
5TestMain.c(195): error:  #513: a value of type "IR_Data_Type" cannot be assigned to an entity of type "unsigned long"
        data[0] = OS_Fifo_Get();    // get from producer - if we get stuck here then display may have been killed
ST7735TestMain.c(196): error:  #513: a value of type "IR_Data_Type" cannot be assigned to an entity of type "unsigned long"
        data[1] = OS_Fifo_Get();
ST7735TestMain.c(197): error:  #513: a value of type "IR_Data_Type" cannot be assigned to an entity of type "unsigned long"
                        data[2] = OS_Fifo_Get();
ST7735TestMain.c(198): error:  #513: a value of type "IR_Data_Type" cannot be assigned to an entity of type "unsigned long"
                        data[3] = OS_Fifo_Get();
ST7735TestMain.c: 0 warnings, 8 errors
compiling Interpreter.c...
compiling OS.c...
compiling ADC.c...
".\ST7735.axf" - 8 Error(s), 0 Warning(s).
Target not created
gned long"
                        data[3] = OS_Fifo_Get();
ST7735TestMain.c: 1 warning, 8 errors
compiling IDQueue.c...
compiling Interpreter.c...
compiling OS.c...
compiling PFEdgeTrigger.c...
compiling ST7735.c...
compiling ThreadPriorityPQueue.c...
compiling Timer0A.c...
compiling Timer1.c...
compiling Timer3.c...
compiling ADC.c...
..\LiuWareTM4C123Lab3\ADC.c(127): error:  #167: argument of type "IR_Data_Type" is incompatible with parameter of type "unsigned long *"
        ProducerTask(PEdata);
..\LiuWareTM4C123Lab3\ADC.c: 0 warnings, 1 error
".\ST7735.axf" - 9 Error(s), 1 Warning(s).
Target not created
LiuWareTM4C123Lab3/OS.h(251): error:  #40: expected an identifier
  unsigned long[] OS_MailBox_Recv(void);
..\LiuWareTM4C123Lab3\../LiuWareTM4C123Lab3/OS.h(251): error:  #65: expected a ";"
  unsigned long[] OS_MailBox_Recv(void);
..\LiuWareTM4C123Lab3\PFEdgeTrigger.c: 0 warnings, 2 errors
compiling ST7735.c...
..\LiuWareTM4C123Lab3\../LiuWareTM4C123Lab3/OS.h(251): error:  #40: expected an identifier
  unsigned long[] OS_MailBox_Recv(void);
..\LiuWareTM4C123Lab3\../LiuWareTM4C123Lab3/OS.h(251): error:  #65: expected a ";"
  unsigned long[] OS_MailBox_Recv(void);
..\LiuWareTM4C123Lab3\ST7735.c: 0 warnings, 2 errors
compiling ThreadPriorityPQueue.c...
..\LiuWareTM4C123Lab3\../LiuWareTM4C123Lab3/../LiuWareTM4C123Lab3/OS.h(251): error:  #40: expected an identifier
  unsigned long[] OS_MailBox_Recv(void);
..\LiuWareTM4C123Lab3\../LiuWareTM4C123Lab3/../LiuWareTM4C123Lab3/OS.h(251): error:  #65: expected a ";"
  unsigned long[] OS_MailBox_Recv(void);
..\LiuWareTM4C123Lab3\ThreadPriorityPQueue.c: 0 warnings, 2 errors
compiling Timer0A.c...
..\LiuWareTM4C123Lab3\../LiuWareTM4C123Lab3/OS.h(251): error:  #40: expected an identifier
  unsigned long[] OS_MailBox_Recv(void);
..\LiuWareTM4C123Lab3\../LiuWareTM4C123Lab3/OS.h(251): error:  #65: expected a ";"
  unsigned long[] OS_MailBox_Recv(void);
..\LiuWareTM4C123Lab3\Timer0A.c: 0 warnings, 2 errors
compiling Timer1.c...
..\LiuWareTM4C123Lab3\../LiuWareTM4C123Lab3/OS.h(251): error:  #40: expected an identifier
  unsigned long[] OS_MailBox_Recv(void);
..\LiuWareTM4C123Lab3\../LiuWareTM4C123Lab3/OS.h(251): error:  #65: expected a ";"
  unsigned long[] OS_MailBox_Recv(void);
..\LiuWareTM4C123Lab3\Timer1.c: 0 warnings, 2 errors
compiling Timer3.c...
..\LiuWareTM4C123Lab3\../LiuWareTM4C123Lab3/OS.h(251): error:  #40: expected an identifier
  unsigned long[] OS_MailBox_Recv(void);
..\LiuWareTM4C123Lab3\../LiuWareTM4C123Lab3/OS.h(251): error:  #65: expected a ";"
  unsigned long[] OS_MailBox_Recv(void);
..\LiuWareTM4C123Lab3\Timer3.c: 0 warnings, 2 errors
compiling ADC.c...
".\ST7735.axf" - 25 Error(s), 1 Warning(s).
Target not created
