<html>
<body>
<pre>
<h1>µVision Build Log</h1>
<h2>Project:</h2>
C:\Users\Admin\Documents\School\Junior 2\EE445M\ValvanoWareTM4C123\Heap_4C123\robot-lab6-7-ar47986_lk7236_jl57566_ecl625\OldLab3_Jim_Eric\Lab3Working3PriorityBlockingFinal\lab1.uvproj
Project File Date:  04/08/2017

<h2>Output:</h2>
Rebuild target 'ST7735'
compiling ST7735TestMain.c...
compiling ADC.c...
compiling IDQueue.c...
compiling Interpreter.c...
compiling OS.c...
compiling PFEdgeTrigger.c...
compiling PLL.c...
compiling ST7735.c...
compiling SysTickInts.c...
compiling ThreadPriorityPQueue.c...
compiling Timer0A.c...
compiling Timer1.c...
compiling Timer4A.c...
compiling UART.c...
assembling cr4_fft_64_stm32.s...
assembling osasm.s...
assembling PID_stm32.s...
assembling startup.s...
compiling LEDS.c...
linking...
Program Size: Code=14304 RO-data=2084 RW-data=392 ZI-data=6744  
".\ST7735.axf" - 0 Error(s), 0 Warning(s).
Load "C:\\Users\\Admin\\Documents\\School\\Junior 2\\EE445M\\ValvanoWareTM4C123\\Heap_4C123\\robot-lab6-7-ar47986_lk7236_jl57566_ecl625\\OldLab3_Jim_Eric\\Lab3Working3PriorityBlockingFinal\\ST7735.axf" 
Connecting: Mode=JTAG, Speed=1000000Hz
Erase Done.
Programming Done.
Verify OK.
ash Download failed  -  Target DLL has been cancelled
Load "C:\\Users\\Admin\\Documents\\School\\Junior 2\\EE445M\\ValvanoWareTM4C123\\Heap_4C123\\robot-lab6-7-ar47986_lk7236_jl57566_ecl625\\OldLab3_Jim_Eric\\Lab3Working3PriorityBlockingFinal\\ST7735.axf" 
Connecting: Mode=JTAG, Speed=1000000Hz
Erase Done.
Programming Done.
Verify OK.
mbol numThreads multiply defined (by timer1.o and st7735testmain.o).
.\ST7735.axf: Error: L6200E: Symbol debugBlocked multiply defined (by idqueue.o and st7735testmain.o).
.\ST7735.axf: Error: L6200E: Symbol debugBlocked multiply defined (by interpreter.o and st7735testmain.o).
.\ST7735.axf: Error: L6200E: Symbol debugBlocked multiply defined (by os.o and st7735testmain.o).
.\ST7735.axf: Error: L6200E: Symbol debugBlocked multiply defined (by pfedgetrigger.o and st7735testmain.o).
.\ST7735.axf: Error: L6200E: Symbol debugBlocked multiply defined (by st7735.o and st7735testmain.o).
.\ST7735.axf: Error: L6200E: Symbol debugBlocked multiply defined (by threadprioritypqueue.o and st7735testmain.o).
.\ST7735.axf: Error: L6200E: Symbol debugBlocked multiply defined (by timer0a.o and st7735testmain.o).
.\ST7735.axf: Error: L6200E: Symbol debugBlocked multiply defined (by timer1.o and st7735testmain.o).
.\ST7735.axf: Error: L6200E: Symbol DataLost multiply defined (by idqueue.o and st7735testmain.o).
.\ST7735.axf: Error: L6200E: Symbol DataLost multiply defined (by interpreter.o and st7735testmain.o).
.\ST7735.axf: Error: L6200E: Symbol DataLost multiply defined (by os.o and st7735testmain.o).
.\ST7735.axf: Error: L6200E: Symbol DataLost multiply defined (by pfedgetrigger.o and st7735testmain.o).
.\ST7735.axf: Error: L6200E: Symbol DataLost multiply defined (by st7735.o and st7735testmain.o).
.\ST7735.axf: Error: L6200E: Symbol DataLost multiply defined (by threadprioritypqueue.o and st7735testmain.o).
.\ST7735.axf: Error: L6200E: Symbol DataLost multiply defined (by timer0a.o and st7735testmain.o).
.\ST7735.axf: Error: L6200E: Symbol DataLost multiply defined (by timer1.o and st7735testmain.o).
.\ST7735.axf: Error: L6200E: Symbol NumCreated multiply defined (by idqueue.o and st7735testmain.o).
.\ST7735.axf: Error: L6200E: Symbol NumCreated multiply defined (by interpreter.o and st7735testmain.o).
.\ST7735.axf: Error: L6200E: Symbol NumCreated multiply defined (by os.o and st7735testmain.o).
.\ST7735.axf: Error: L6200E: Symbol NumCreated multiply defined (by pfedgetrigger.o and st7735testmain.o).
.\ST7735.axf: Error: L6200E: Symbol NumCreated multiply defined (by st7735.o and st7735testmain.o).
.\ST7735.axf: Error: L6200E: Symbol NumCreated multiply defined (by threadprioritypqueue.o and st7735testmain.o).
.\ST7735.axf: Error: L6200E: Symbol NumCreated multiply defined (by timer0a.o and st7735testmain.o).
.\ST7735.axf: Error: L6200E: Symbol NumCreated multiply defined (by timer1.o and st7735testmain.o).
Not enough information to list image symbols.
Not enough information to list the image map.
Finished: 2 information, 0 warning and 32 error messages.
".\ST7735.axf" - 32 Error(s), 0 Warning(s).
Target not created
