ARM Linker, 5.03 [Build 76] [MDK-ARM Professional]

==============================================================================

Section Cross References

    st7735testmain.o(i.ButtonWork) refers to os.o(i.OS_Id) for OS_Id
    st7735testmain.o(i.ButtonWork) refers to st7735.o(i.ST7735_Message) for ST7735_Message
    st7735testmain.o(i.ButtonWork) refers to os.o(i.OS_Sleep) for OS_Sleep
    st7735testmain.o(i.ButtonWork) refers to timer0a.o(i.TIMER0A_getMaxJitter) for TIMER0A_getMaxJitter
    st7735testmain.o(i.ButtonWork) refers to os.o(i.OS_Kill) for OS_Kill
    st7735testmain.o(i.ButtonWork) refers to st7735testmain.o(.data) for numCreated
    st7735testmain.o(i.Consumer) refers to os.o(i.OS_Id) for OS_Id
    st7735testmain.o(i.Consumer) refers to adc.o(i.ADC_Collect_Init) for ADC_Collect_Init
    st7735testmain.o(i.Consumer) refers to os.o(i.OS_AddThread) for OS_AddThread
    st7735testmain.o(i.Consumer) refers to os.o(i.OS_Fifo_Get) for OS_Fifo_Get
    st7735testmain.o(i.Consumer) refers to cr4_fft_64_stm32.o(.text) for cr4_fft_64_stm32
    st7735testmain.o(i.Consumer) refers to os.o(i.OS_MailBox_Send) for OS_MailBox_Send
    st7735testmain.o(i.Consumer) refers to os.o(i.OS_Kill) for OS_Kill
    st7735testmain.o(i.Consumer) refers to st7735testmain.o(.data) for DataLost
    st7735testmain.o(i.Consumer) refers to st7735testmain.o(i.Producer) for Producer
    st7735testmain.o(i.Consumer) refers to st7735testmain.o(i.Display) for Display
    st7735testmain.o(i.Consumer) refers to st7735testmain.o(.bss) for x
    st7735testmain.o(i.DAS) refers to os.o(i.OS_Id) for OS_Id
    st7735testmain.o(i.DAS) refers to adc.o(i.ADC_In) for ADC_In
    st7735testmain.o(i.DAS) refers to st7735testmain.o(i.Filter) for Filter
    st7735testmain.o(i.DAS) refers to timer0a.o(i.TIMER0A_doJitterTimer) for TIMER0A_doJitterTimer
    st7735testmain.o(i.DAS) refers to st7735testmain.o(.data) for NumSamples
    st7735testmain.o(i.Display) refers to os.o(i.OS_Id) for OS_Id
    st7735testmain.o(i.Display) refers to st7735.o(i.ST7735_Message) for ST7735_Message
    st7735testmain.o(i.Display) refers to os.o(i.OS_MailBox_Recv) for OS_MailBox_Recv
    st7735testmain.o(i.Display) refers to os.o(i.OS_Kill) for OS_Kill
    st7735testmain.o(i.Display) refers to st7735testmain.o(.data) for NumSamples
    st7735testmain.o(i.Filter) refers to st7735testmain.o(.data) for n
    st7735testmain.o(i.Filter) refers to st7735testmain.o(.bss) for x
    st7735testmain.o(i.Interpreter) refers to uart.o(i.UART_Init) for UART_Init
    st7735testmain.o(i.Interpreter) refers to uart.o(i.UART_OutString) for UART_OutString
    st7735testmain.o(i.Interpreter) refers to interpreter.o(i.OutCRLF) for OutCRLF
    st7735testmain.o(i.Interpreter) refers to interpreter.o(i.ProcessCommand) for ProcessCommand
    st7735testmain.o(i.PID) refers to os.o(i.OS_Id) for OS_Id
    st7735testmain.o(i.PID) refers to pid_stm32.o(.text) for PID_stm32
    st7735testmain.o(i.PID) refers to st7735testmain.o(.data) for PIDWork
    st7735testmain.o(i.Producer) refers to os.o(i.OS_Fifo_Put) for OS_Fifo_Put
    st7735testmain.o(i.Producer) refers to st7735testmain.o(.data) for NumSamples
    st7735testmain.o(i.SW1Push) refers to os.o(i.OS_AddThread) for OS_AddThread
    st7735testmain.o(i.SW1Push) refers to os.o(i.OS_Kill) for OS_Kill
    st7735testmain.o(i.SW1Push) refers to st7735testmain.o(i.ButtonWork) for ButtonWork
    st7735testmain.o(i.SW1Push) refers to st7735testmain.o(.data) for numCreated
    st7735testmain.o(i.SW2Push) refers to os.o(i.OS_AddThread) for OS_AddThread
    st7735testmain.o(i.SW2Push) refers to os.o(i.OS_Kill) for OS_Kill
    st7735testmain.o(i.SW2Push) refers to st7735testmain.o(i.ButtonWork) for ButtonWork
    st7735testmain.o(i.SW2Push) refers to st7735testmain.o(.data) for numCreated
    st7735testmain.o(i.main) refers to os.o(i.OS_Init) for OS_Init
    st7735testmain.o(i.main) refers to st7735testmain.o(i.PortB_Init) for PortB_Init
    st7735testmain.o(i.main) refers to st7735.o(i.ST7735_InitRDivided) for ST7735_InitRDivided
    st7735testmain.o(i.main) refers to os.o(i.OS_MailBox_Init) for OS_MailBox_Init
    st7735testmain.o(i.main) refers to os.o(i.OS_Fifo_Init) for OS_Fifo_Init
    st7735testmain.o(i.main) refers to os.o(i.OS_AddSW1Task) for OS_AddSW1Task
    st7735testmain.o(i.main) refers to os.o(i.OS_AddSW2Task) for OS_AddSW2Task
    st7735testmain.o(i.main) refers to adc.o(i.ADC_Init) for ADC_Init
    st7735testmain.o(i.main) refers to os.o(i.OS_AddPeriodicThread) for OS_AddPeriodicThread
    st7735testmain.o(i.main) refers to os.o(i.OS_AddThread) for OS_AddThread
    st7735testmain.o(i.main) refers to os.o(i.OS_Launch) for OS_Launch
    st7735testmain.o(i.main) refers to st7735testmain.o(.data) for DataLost
    st7735testmain.o(i.main) refers to st7735testmain.o(i.SW1Push) for SW1Push
    st7735testmain.o(i.main) refers to st7735testmain.o(i.SW2Push) for SW2Push
    st7735testmain.o(i.main) refers to st7735testmain.o(i.DAS) for DAS
[...]
    st7735.o(i.ST7735_DrawFastVLine) refers to st7735.o(i.setAddrWindow) for setAddrWindow
    st7735.o(i.ST7735_DrawFastVLine) refers to st7735.o(i.writedata) for writedata
    st7735.o(i.ST7735_DrawFastVLine) refers to st7735.o(.data) for _width
    st7735.o(i.ST7735_DrawPixel) refers to st7735.o(i.setAddrWindow) for setAddrWindow
    st7735.o(i.ST7735_DrawPixel) refers to st7735.o(i.pushColor) for pushColor
    st7735.o(i.ST7735_DrawPixel) refers to st7735.o(.data) for _width
    st7735.o(i.ST7735_DrawString) refers to st7735.o(i.ST7735_DrawCharS) for ST7735_DrawCharS
    st7735.o(i.ST7735_DrawStringDivided) refers to st7735.o(i.ST7735_DrawCharS) for ST7735_DrawCharS
    st7735.o(i.ST7735_FillRect) refers to st7735.o(i.setAddrWindow) for setAddrWindow
    st7735.o(i.ST7735_FillRect) refers to st7735.o(i.writedata) for writedata
    st7735.o(i.ST7735_FillRect) refers to st7735.o(.data) for _width
    st7735.o(i.ST7735_FillScreen) refers to st7735.o(i.ST7735_FillRect) for ST7735_FillRect
    st7735.o(i.ST7735_FillScreen) refers to st7735.o(.data) for _height
    st7735.o(i.ST7735_InitB) refers to st7735.o(i.commonInit) for commonInit
    st7735.o(i.ST7735_InitB) refers to st7735.o(i.ST7735_SetCursor) for ST7735_SetCursor
    st7735.o(i.ST7735_InitB) refers to st7735.o(i.ST7735_FillScreen) for ST7735_FillScreen
    st7735.o(i.ST7735_InitB) refers to st7735.o(.constdata) for Bcmd
    st7735.o(i.ST7735_InitB) refers to st7735.o(.data) for StTextColor
    st7735.o(i.ST7735_InitR) refers to st7735.o(i.commonInit) for commonInit
    st7735.o(i.ST7735_InitR) refers to st7735.o(i.commandList) for commandList
    st7735.o(i.ST7735_InitR) refers to st7735.o(i.writecommand) for writecommand
    st7735.o(i.ST7735_InitR) refers to st7735.o(i.writedata) for writedata
    st7735.o(i.ST7735_InitR) refers to st7735.o(i.ST7735_SetCursor) for ST7735_SetCursor
    st7735.o(i.ST7735_InitR) refers to st7735.o(i.ST7735_FillScreen) for ST7735_FillScreen
    st7735.o(i.ST7735_InitR) refers to st7735.o(.constdata) for Rcmd1
    st7735.o(i.ST7735_InitR) refers to st7735.o(.data) for ColStart
    st7735.o(i.ST7735_InitRDivided) refers to st7735.o(i.commonInit) for commonInit
    st7735.o(i.ST7735_InitRDivided) refers to st7735.o(i.commandList) for commandList
    st7735.o(i.ST7735_InitRDivided) refers to st7735.o(i.writecommand) for writecommand
    st7735.o(i.ST7735_InitRDivided) refers to st7735.o(i.writedata) for writedata
    st7735.o(i.ST7735_InitRDivided) refers to st7735.o(i.ST7735_SetCursor) for ST7735_SetCursor
    st7735.o(i.ST7735_InitRDivided) refers to st7735.o(i.ST7735_FillScreen) for ST7735_FillScreen
    st7735.o(i.ST7735_InitRDivided) refers to st7735.o(i.ST7735_DrawString) for ST7735_DrawString
    st7735.o(i.ST7735_InitRDivided) refers to os.o(i.OS_InitSemaphore) for OS_InitSemaphore
    st7735.o(i.ST7735_InitRDivided) refers to st7735.o(.constdata) for Rcmd1
    st7735.o(i.ST7735_InitRDivided) refers to st7735.o(.data) for ColStart
    st7735.o(i.ST7735_InitRDivided) refers to st7735.o(.bss) for mutexLCD
    st7735.o(i.ST7735_InvertDisplay) refers to st7735.o(i.writecommand) for writecommand
    st7735.o(i.ST7735_Message) refers to os.o(i.OS_Wait) for OS_Wait
    st7735.o(i.ST7735_Message) refers to st7735.o(i.ST7735_DrawStringDivided) for ST7735_DrawStringDivided
    st7735.o(i.ST7735_Message) refers to st7735.o(i.ST7735_SetCursorDivided) for ST7735_SetCursorDivided
    st7735.o(i.ST7735_Message) refers to st7735.o(i.ST7735_MessageStringBody) for ST7735_MessageStringBody
    st7735.o(i.ST7735_Message) refers to st7735.o(i.ST7735_MessageDecBody) for ST7735_MessageDecBody
    st7735.o(i.ST7735_Message) refers to os.o(i.OS_Signal) for OS_Signal
    st7735.o(i.ST7735_Message) refers to st7735.o(.bss) for mutexLCD
    st7735.o(i.ST7735_Message) refers to st7735.o(.data) for StTextColor
    st7735.o(i.ST7735_MessageDec) refers to os.o(i.OS_Wait) for OS_Wait
    st7735.o(i.ST7735_MessageDec) refers to st7735.o(i.ST7735_DrawStringDivided) for ST7735_DrawStringDivided
    st7735.o(i.ST7735_MessageDec) refers to st7735.o(i.ST7735_SetCursorDivided) for ST7735_SetCursorDivided
    st7735.o(i.ST7735_MessageDec) refers to st7735.o(i.ST7735_MessageDecBody) for ST7735_MessageDecBody
    st7735.o(i.ST7735_MessageDec) refers to os.o(i.OS_Signal) for OS_Signal
    st7735.o(i.ST7735_MessageDec) refers to st7735.o(.bss) for mutexLCD
    st7735.o(i.ST7735_MessageDec) refers to st7735.o(.data) for StTextColor
    st7735.o(i.ST7735_MessageDecBody) refers to st7735.o(i.fillDividedMessage) for fillDividedMessage
    st7735.o(i.ST7735_MessageDecBody) refers to st7735.o(i.ST7735_DrawStringDivided) for ST7735_DrawStringDivided
    st7735.o(i.ST7735_MessageDecBody) refers to st7735.o(i.ST7735_DrawCharS) for ST7735_DrawCharS
    st7735.o(i.ST7735_MessageDecBody) refers to st7735.o(.data) for MessageindexDivided0
    st7735.o(i.ST7735_MessageDecBody) refers to st7735.o(.bss) for MessageDivded0
    st7735.o(i.ST7735_MessageString) refers to os.o(i.OS_Wait) for OS_Wait
    st7735.o(i.ST7735_MessageString) refers to st7735.o(i.ST7735_DrawStringDivided) for ST7735_DrawStringDivided
    st7735.o(i.ST7735_MessageString) refers to st7735.o(i.ST7735_SetCursorDivided) for ST7735_SetCursorDivided
    st7735.o(i.ST7735_MessageString) refers to st7735.o(i.ST7735_MessageStringBody) for ST7735_MessageStringBody
    st7735.o(i.ST7735_MessageString) refers to os.o(i.OS_Signal) for OS_Signal
    st7735.o(i.ST7735_MessageString) refers to st7735.o(.bss) for mutexLCD
    st7735.o(i.ST7735_MessageString) refers to st7735.o(.data) for StTextColor
    st7735.o(i.ST7735_MessageStringBody) refers to st7735.o(i.ST7735_OutCharDivided) for ST7735_OutCharDivided
    st7735.o(i.ST7735_OutChar) refers to st7735.o(i.ST7735_DrawString) for ST7735_DrawString
    st7735.o(i.ST7735_OutChar) refers to st7735.o(i.ST7735_DrawCharS) for ST7735_DrawCharS
    st7735.o(i.ST7735_OutChar) refers to st7735.o(.data) for StY
    st7735.o(i.ST7735_OutCharDivided) refers to st7735.o(i.ST7735_DrawStringDivided) for ST7735_DrawStringDivided
    st7735.o(i.ST7735_OutCharDivided) refers to st7735.o(i.ST7735_DrawCharS) for ST7735_DrawCharS
    st7735.o(i.ST7735_OutCharDivided) refers to st7735.o(.data) for StTextColor
    st7735.o(i.ST7735_OutCharDivided) refers to st7735.o(.bss) for StX_0
    st7735.o(i.ST7735_OutString) refers to st7735.o(i.ST7735_OutChar) for ST7735_OutChar
    st7735.o(i.ST7735_OutUDec) refers to st7735.o(i.fillmessage) for fillmessage
    st7735.o(i.ST7735_OutUDec) refers to st7735.o(i.ST7735_DrawString) for ST7735_DrawString
    st7735.o(i.ST7735_OutUDec) refers to st7735.o(i.ST7735_DrawCharS) for ST7735_DrawCharS
    st7735.o(i.ST7735_OutUDec) refers to st7735.o(.data) for Messageindex
    st7735.o(i.ST7735_OutUDec) refers to st7735.o(.bss) for Message
    st7735.o(i.ST7735_PlotBar) refers to st7735.o(i.ST7735_DrawFastVLine) for ST7735_DrawFastVLine
    st7735.o(i.ST7735_PlotBar) refers to st7735.o(.data) for Ymin
    st7735.o(i.ST7735_PlotClear) refers to st7735.o(i.ST7735_Color565) for ST7735_Color565
    st7735.o(i.ST7735_PlotClear) refers to st7735.o(i.ST7735_FillRect) for ST7735_FillRect
    st7735.o(i.ST7735_PlotClear) refers to st7735.o(.data) for Ymax
    st7735.o(i.ST7735_PlotLine) refers to st7735.o(i.ST7735_DrawPixel) for ST7735_DrawPixel
    st7735.o(i.ST7735_PlotLine) refers to st7735.o(.data) for Ymin
    st7735.o(i.ST7735_PlotNext) refers to st7735.o(.data) for X
    st7735.o(i.ST7735_PlotNextErase) refers to st7735.o(i.ST7735_Color565) for ST7735_Color565
    st7735.o(i.ST7735_PlotNextErase) refers to st7735.o(i.ST7735_DrawFastVLine) for ST7735_DrawFastVLine
    st7735.o(i.ST7735_PlotNextErase) refers to st7735.o(.data) for X
    st7735.o(i.ST7735_PlotPoint) refers to st7735.o(i.ST7735_DrawPixel) for ST7735_DrawPixel
    st7735.o(i.ST7735_PlotPoint) refers to st7735.o(.data) for Ymin
    st7735.o(i.ST7735_PlotPoints) refers to st7735.o(i.ST7735_DrawPixel) for ST7735_DrawPixel
    st7735.o(i.ST7735_PlotPoints) refers to st7735.o(.data) for Ymin
    st7735.o(i.ST7735_PlotdBfs) refers to st7735.o(i.ST7735_DrawFastVLine) for ST7735_DrawFastVLine
    st7735.o(i.ST7735_PlotdBfs) refers to st7735.o(.constdata) for dBfs
    st7735.o(i.ST7735_PlotdBfs) refers to st7735.o(.data) for X
    st7735.o(i.ST7735_SetCursor) refers to st7735.o(.data) for StX
    st7735.o(i.ST7735_SetCursorDivided) refers to st7735.o(.bss) for StX_0
    st7735.o(i.ST7735_SetRotation) refers to st7735.o(i.writecommand) for writecommand
    st7735.o(i.ST7735_SetRotation) refers to st7735.o(i.writedata) for writedata
    st7735.o(i.ST7735_SetRotation) refers to st7735.o(.data) for Rotation
    st7735.o(i.ST7735_SetTextColor) refers to st7735.o(.data) for StTextColor
    st7735.o(i.commandList) refers to st7735.o(i.writecommand) for writecommand
    st7735.o(i.commandList) refers to st7735.o(i.writedata) for writedata
    st7735.o(i.commandList) refers to st7735.o(i.Delay1ms) for Delay1ms
    st7735.o(i.commonInit) refers to st7735.o(i.Delay1ms) for Delay1ms
    st7735.o(i.commonInit) refers to st7735.o(i.commandList) for commandList
    st7735.o(i.commonInit) refers to st7735.o(.data) for RowStart
    st7735.o(i.fillDividedMessage) refers to st7735.o(.bss) for MessageDivded0
    st7735.o(i.fillDividedMessage) refers to st7735.o(.data) for MessageindexDivided0
    st7735.o(i.fillmessage) refers to st7735.o(.bss) for Message
    st7735.o(i.fillmessage) refers to st7735.o(.data) for Messageindex
    st7735.o(i.fputc) refers to st7735.o(i.ST7735_OutChar) for ST7735_OutChar
    st7735.o(i.pushColor) refers to st7735.o(i.writedata) for writedata
    st7735.o(i.setAddrWindow) refers to st7735.o(i.writecommand) for writecommand
    st7735.o(i.setAddrWindow) refers to st7735.o(i.writedata) for writedata
    st7735.o(i.setAddrWindow) refers to st7735.o(.data) for ColStart
    systickints.o(i.SysTick_Init) refers to startup.o(.text) for StartCritical
    threadprioritypqueue.o(i.priQueuePeek) refers to threadprioritypqueue.o(.data) for numPriItems
    threadprioritypqueue.o(i.priQueuePeek) refers to threadprioritypqueue.o(.bss) for priQueue
    threadprioritypqueue.o(i.priQueuePeekAndRotate) refers to threadprioritypqueue.o(i.priQueueShiftForward) for priQueueShiftForward
    threadprioritypqueue.o(i.priQueuePeekAndRotate) refers to threadprioritypqueue.o(.data) for numPriItems
    threadprioritypqueue.o(i.priQueuePeekAndRotate) refers to threadprioritypqueue.o(.bss) for priQueue
    threadprioritypqueue.o(i.priQueuePop) refers to threadprioritypqueue.o(.data) for priQueueHead
    threadprioritypqueue.o(i.priQueuePop) refers to threadprioritypqueue.o(.bss) for priQueue
    threadprioritypqueue.o(i.priQueuePush) refers to threadprioritypqueue.o(i.priQueuePushBack) for priQueuePushBack
    threadprioritypqueue.o(i.priQueuePush) refers to threadprioritypqueue.o(.data) for priQueueTail
    threadprioritypqueue.o(i.priQueuePush) refers to threadprioritypqueue.o(.bss) for priQueue
    threadprioritypqueue.o(i.priQueuePushBack) refers to threadprioritypqueue.o(.bss) for priQueue
    threadprioritypqueue.o(i.priQueueRemove) refers to threadprioritypqueue.o(i.priQueueShiftForward) for priQueueShiftForward
    threadprioritypqueue.o(i.priQueueRemove) refers to threadprioritypqueue.o(.data) for priQueueHead
    threadprioritypqueue.o(i.priQueueRemove) refers to threadprioritypqueue.o(.bss) for priQueue
    threadprioritypqueue.o(i.priQueueShiftForward) refers to threadprioritypqueue.o(.bss) for priQueue
    timer0a.o(i.TIMER0A_doJitterTimer) refers to os.o(i.OS_Time) for OS_Time
    timer0a.o(i.TIMER0A_doJitterTimer) refers to os.o(i.OS_TimeDifference) for OS_TimeDifference
    timer0a.o(i.TIMER0A_doJitterTimer) refers to timer0a.o(.data) for FilterWorkT0
    timer0a.o(i.TIMER0A_doJitterTimer) refers to timer0a.o(.bss) for JitterHistogramT0
    timer0a.o(i.TIMER0A_getMaxJitter) refers to timer0a.o(.data) for MaxJitterT0
    timer0a.o(i.Timer0A_Handler) refers to timer0a.o(.data) for PeriodicTask0
    timer0a.o(i.Timer0A_Init) refers to startup.o(.text) for StartCritical
    timer0a.o(i.Timer0A_Init) refers to timer0a.o(.data) for TIMER0A_ThreadPriority
    timer1.o(i.Timer1A_Handler) refers to timer1.o(.data) for PeriodicTask
    timer1.o(i.Timer1_Init) refers to startup.o(.text) for StartCritical
    timer1.o(i.Timer1_Init) refers to timer1.o(.data) for PeriodicTask
    timer1.o(i.getJitterTimer1) refers to os.o(i.OS_Time) for OS_Time
    timer1.o(i.getJitterTimer1) refers to os.o(i.OS_TimeDifference) for OS_TimeDifference
    timer1.o(i.getJitterTimer1) refers to timer1.o(.data) for FilterWorkT1
    timer1.o(i.getJitterTimer1) refers to timer1.o(.bss) for JitterHistogramT1
    timer1.o(i.getMaxJitterT1) refers to timer1.o(.data) for MaxJitterT1
    timer4a.o(i.Timer4A_Handler) refers to timer4a.o(.data) for PeriodicTask4
    timer4a.o(i.Timer4A_Init) refers to startup.o(.text) for StartCritical
    timer4a.o(i.Timer4A_Init) refers to timer4a.o(.data) for PeriodicTask4
    uart.o(i.RxFifo_Get) refers to uart.o(.data) for RxPutI
    uart.o(i.RxFifo_Get) refers to uart.o(.bss) for RxFifo
    uart.o(i.RxFifo_Init) refers to startup.o(.text) for StartCritical
    uart.o(i.RxFifo_Init) refers to uart.o(.data) for RxGetI
    uart.o(i.RxFifo_Put) refers to uart.o(.data) for RxPutI
    uart.o(i.RxFifo_Put) refers to uart.o(.bss) for RxFifo
    uart.o(i.RxFifo_Size) refers to uart.o(.data) for RxPutI
    uart.o(i.TxFifo_Get) refers to uart.o(.data) for TxPutI
    uart.o(i.TxFifo_Get) refers to uart.o(.bss) for TxFifo
    uart.o(i.TxFifo_Init) refers to startup.o(.text) for StartCritical
    uart.o(i.TxFifo_Init) refers to uart.o(.data) for TxGetI
    uart.o(i.TxFifo_Put) refers to uart.o(.data) for TxPutI
    uart.o(i.TxFifo_Put) refers to uart.o(.bss) for TxFifo
    uart.o(i.TxFifo_Size) refers to uart.o(.data) for TxPutI
    uart.o(i.UART0_Handler) refers to uart.o(i.copySoftwareToHardware) for copySoftwareToHardware
    uart.o(i.UART0_Handler) refers to uart.o(i.TxFifo_Size) for TxFifo_Size
    uart.o(i.UART0_Handler) refers to uart.o(i.copyHardwareToSoftware) for copyHardwareToSoftware
    uart.o(i.UART_InChar) refers to uart.o(i.RxFifo_Get) for RxFifo_Get
    uart.o(i.UART_InString) refers to uart.o(i.UART_InChar) for UART_InChar
    uart.o(i.UART_InString) refers to uart.o(i.UART_OutChar) for UART_OutChar
    uart.o(i.UART_InUDec) refers to uart.o(i.UART_InChar) for UART_InChar
    uart.o(i.UART_InUDec) refers to uart.o(i.UART_OutChar) for UART_OutChar
    uart.o(i.UART_InUHex) refers to uart.o(i.UART_InChar) for UART_InChar
    uart.o(i.UART_InUHex) refers to uart.o(i.UART_OutChar) for UART_OutChar
    uart.o(i.UART_Init) refers to uart.o(i.RxFifo_Init) for RxFifo_Init
    uart.o(i.UART_Init) refers to uart.o(i.TxFifo_Init) for TxFifo_Init
    uart.o(i.UART_Init) refers to startup.o(.text) for EnableInterrupts
    uart.o(i.UART_OutChar) refers to uart.o(i.TxFifo_Put) for TxFifo_Put
    uart.o(i.UART_OutChar) refers to uart.o(i.copySoftwareToHardware) for copySoftwareToHardware
    uart.o(i.UART_OutString) refers to uart.o(i.UART_OutChar) for UART_OutChar
    uart.o(i.UART_OutUDec) refers to uart.o(i.UART_OutChar) for UART_OutChar
    uart.o(i.UART_OutUHex) refers to uart.o(i.UART_OutChar) for UART_OutChar
    uart.o(i.copyHardwareToSoftware) refers to uart.o(i.RxFifo_Put) for RxFifo_Put
    uart.o(i.copyHardwareToSoftware) refers to uart.o(i.RxFifo_Size) for RxFifo_Size
    uart.o(i.copySoftwareToHardware) refers to uart.o(i.TxFifo_Get) for TxFifo_Get
    uart.o(i.copySoftwareToHardware) refers to uart.o(i.TxFifo_Size) for TxFifo_Size
    osasm.o(.text) refers to os.o(i.Scheduler) for Scheduler
    osasm.o(.text) refers to os.o(.data) for RunPt
    pid_stm32.o(.text) refers to st7735testmain.o(.data) for IntTerm
    startup.o(RESET) refers to startup.o(STACK) for StackMem
    startup.o(RESET) refers to os.o(i.HardFault_Handler) for HardFault_Handler
    startup.o(RESET) refers to osasm.o(.text) for PendSV_Handler
    startup.o(RESET) refers to uart.o(i.UART0_Handler) for UART0_Handler
    startup.o(RESET) refers to adc.o(i.ADC0Seq3_Handler) for ADC0Seq3_Handler
    startup.o(RESET) refers to timer0a.o(i.Timer0A_Handler) for Timer0A_Handler
    startup.o(RESET) refers to timer1.o(i.Timer1A_Handler) for Timer1A_Handler
    startup.o(RESET) refers to pfedgetrigger.o(i.GPIOPortF_Handler) for GPIOPortF_Handler
    startup.o(RESET) refers to timer4a.o(i.Timer4A_Handler) for Timer4A_Handler
    startup.o(RESET) refers to entry.o(.ARM.Collect$$$$00000000) for __main
    entry.o(.ARM.Collect$$$$00000000) refers (Special) to entry10a.o(.ARM.Collect$$$$0000000D) for __rt_final_cpp
    entry.o(.ARM.Collect$$$$00000000) refers (Special) to entry11a.o(.ARM.Collect$$$$0000000F) for __rt_final_exit
    entry.o(.ARM.Collect$$$$00000000) refers (Special) to entry7b.o(.ARM.Collect$$$$00000008) for _main_clock
    entry.o(.ARM.Collect$$$$00000000) refers (Special) to entry8b.o(.ARM.Collect$$$$0000000A) for _main_cpp_init
    entry.o(.ARM.Collect$$$$00000000) refers (Special) to entry9a.o(.ARM.Collect$$$$0000000B) for _main_init
    entry.o(.ARM.Collect$$$$00000000) refers (Special) to entry5.o(.ARM.Collect$$$$00000004) for _main_scatterload
    entry.o(.ARM.Collect$$$$00000000) refers (Special) to entry2.o(.ARM.Collect$$$$00000001) for _main_stk
    entry2.o(.ARM.Collect$$$$00000001) refers to entry2.o(.ARM.Collect$$$$00002712) for __lit__00000000
    entry2.o(.ARM.Collect$$$$00002712) refers to startup.o(STACK) for __initial_sp
    entry2.o(__vectab_stack_and_reset_area) refers to startup.o(STACK) for __initial_sp
    entry2.o(__vectab_stack_and_reset_area) refers to entry.o(.ARM.Collect$$$$00000000) for __main
    entry5.o(.ARM.Collect$$$$00000004) refers to init.o(.text) for __scatterload
    entry9a.o(.ARM.Collect$$$$0000000B) refers to st7735testmain.o(i.main) for main
    entry9b.o(.ARM.Collect$$$$0000000C) refers to st7735testmain.o(i.main) for main
    init.o(.text) refers to entry5.o(.ARM.Collect$$$$00000004) for __main_after_scatterload


==============================================================================

Removing Unused input sections from the image.

    Removing st7735testmain.o(.constdata), (32 bytes).
    Removing adc.o(i.ADC_Status), (4 bytes).
    Removing interpreter.o(i.strLengthBySpaceCount), (16 bytes).
    Removing os.o(i.OS_Fifo_Size), (12 bytes).
    Removing os.o(i.OS_bSignal), (18 bytes).
    Removing os.o(i.OS_bWait), (34 bytes).
    Removing os.o(.constdata), (36 bytes).
    Removing pfedgetrigger.o(.constdata), (32 bytes).
    Removing st7735.o(i.Output_Clear), (10 bytes).
    Removing st7735.o(i.Output_Color), (12 bytes).
    Removing st7735.o(i.Output_Init), (16 bytes).
    Removing st7735.o(i.Output_Off), (8 bytes).
    Removing st7735.o(i.Output_On), (8 bytes).
    Removing st7735.o(i.ST7735_Color565), (24 bytes).
    Removing st7735.o(i.ST7735_DrawBitmap), (288 bytes).
    Removing st7735.o(i.ST7735_DrawChar), (268 bytes).
    Removing st7735.o(i.ST7735_DrawFastHLine), (124 bytes).
    Removing st7735.o(i.ST7735_DrawFastVLine), (124 bytes).
    Removing st7735.o(i.ST7735_InitB), (40 bytes).
    Removing st7735.o(i.ST7735_InitR), (124 bytes).
    Removing st7735.o(i.ST7735_InvertDisplay), (22 bytes).
    Removing st7735.o(i.ST7735_OutChar), (212 bytes).
    Removing st7735.o(i.ST7735_OutString), (24 bytes).
    Removing st7735.o(i.ST7735_OutUDec), (140 bytes).
    Removing st7735.o(i.ST7735_PlotBar), (88 bytes).
    Removing st7735.o(i.ST7735_PlotClear), (92 bytes).
    Removing st7735.o(i.ST7735_PlotLine), (264 bytes).
    Removing st7735.o(i.ST7735_PlotNext), (32 bytes).
    Removing st7735.o(i.ST7735_PlotNextErase), (64 bytes).
    Removing st7735.o(i.ST7735_PlotPoint), (152 bytes).
    Removing st7735.o(i.ST7735_PlotPoints), (172 bytes).
    Removing st7735.o(i.ST7735_PlotdBfs), (60 bytes).
    Removing st7735.o(i.ST7735_SetRotation), (212 bytes).
    Removing st7735.o(i.ST7735_SetTextColor), (12 bytes).
    Removing st7735.o(i.ST7735_SwapColor), (18 bytes).
    Removing st7735.o(i.ferror), (8 bytes).
    Removing st7735.o(i.fgetc), (6 bytes).
    Removing st7735.o(i.fillmessage), (72 bytes).
    Removing st7735.o(i.fputc), (16 bytes).
    Removing systickints.o(i.SysTick_Init), (64 bytes).
    Removing threadprioritypqueue.o(i.priQueuePop), (72 bytes).
    Removing timer0a.o(.constdata), (4 bytes).
    Removing timer1.o(i.getJitterTimer1), (128 bytes).
    Removing timer1.o(i.getMaxJitterT1), (12 bytes).
    Removing timer1.o(.bss), (256 bytes).
    Removing timer1.o(.constdata), (4 bytes).
    Removing uart.o(i.UART_InUDec), (76 bytes).
    Removing uart.o(i.UART_InUHex), (108 bytes).
    Removing uart.o(i.UART_OutUHex), (52 bytes).
    Removing startup.o(HEAP), (0 bytes).
    Removing leds.o(.constdata), (32 bytes).
    Removing leds.o(.data), (4 bytes).

52 unused section(s) (total 3708 bytes) removed from the image.

==============================================================================

Image Symbol Table

    Local Symbols

    Symbol Name                              Value     Ov Type        Size  Object(Section)

    RESET                                    0x00000000   Section      644  startup.o(RESET)
    ../clib/microlib/init/entry.s            0x00000000   Number         0  entry5.o ABSOLUTE
    ../clib/microlib/init/entry.s            0x00000000   Number         0  entry8a.o ABSOLUTE
    ../clib/microlib/init/entry.s            0x00000000   Number         0  entry7b.o ABSOLUTE
    ../clib/microlib/init/entry.s            0x00000000   Number         0  entry8b.o ABSOLUTE
    ../clib/microlib/init/entry.s            0x00000000   Number         0  entry2.o ABSOLUTE
    ../clib/microlib/init/entry.s            0x00000000   Number         0  entry.o ABSOLUTE
    ../clib/microlib/init/entry.s            0x00000000   Number         0  entry7a.o ABSOLUTE
    ../clib/microlib/init/entry.s            0x00000000   Number         0  entry11b.o ABSOLUTE
    ../clib/microlib/init/entry.s            0x00000000   Number         0  entry10a.o ABSOLUTE
    ../clib/microlib/init/entry.s            0x00000000   Number         0  entry11a.o ABSOLUTE
    ../clib/microlib/init/entry.s            0x00000000   Number         0  entry10b.o ABSOLUTE
    ../clib/microlib/init/entry.s            0x00000000   Number         0  entry9b.o ABSOLUTE
    ../clib/microlib/init/entry.s            0x00000000   Number         0  entry9a.o ABSOLUTE
    ..\LiuWareTM4C123Lab3\ADC.c              0x00000000   Number         0  adc.o ABSOLUTE
    ..\LiuWareTM4C123Lab3\IDQueue.c          0x00000000   Number         0  idqueue.o ABSOLUTE
    ..\LiuWareTM4C123Lab3\Interpreter.c      0x00000000   Number         0  interpreter.o ABSOLUTE
    ..\LiuWareTM4C123Lab3\LEDS.c             0x00000000   Number         0  leds.o ABSOLUTE
    ..\LiuWareTM4C123Lab3\OS.c               0x00000000   Number         0  os.o ABSOLUTE
    ..\LiuWareTM4C123Lab3\PFEdgeTrigger.c    0x00000000   Number         0  pfedgetrigger.o ABSOLUTE
    ..\LiuWareTM4C123Lab3\PID_stm32.s        0x00000000   Number         0  pid_stm32.o ABSOLUTE
    ..\LiuWareTM4C123Lab3\PLL.c              0x00000000   Number         0  pll.o ABSOLUTE
    ..\LiuWareTM4C123Lab3\ST7735.c           0x00000000   Number         0  st7735.o ABSOLUTE
    ..\LiuWareTM4C123Lab3\SysTickInts.c      0x00000000   Number         0  systickints.o ABSOLUTE
    ..\LiuWareTM4C123Lab3\ThreadPriorityPQueue.c 0x00000000   Number         0  threadprioritypqueue.o ABSOLUTE
    ..\LiuWareTM4C123Lab3\Timer0A.c          0x00000000   Number         0  timer0a.o ABSOLUTE
    ..\LiuWareTM4C123Lab3\Timer1.c           0x00000000   Number         0  timer1.o ABSOLUTE
    ..\LiuWareTM4C123Lab3\Timer4A.c          0x00000000   Number         0  timer4a.o ABSOLUTE
    ..\LiuWareTM4C123Lab3\UART.c             0x00000000   Number         0  uart.o ABSOLUTE
    ..\LiuWareTM4C123Lab3\cr4_fft_64_stm32.s 0x00000000   Number         0  cr4_fft_64_stm32.o ABSOLUTE
    ..\LiuWareTM4C123Lab3\osasm.s            0x00000000   Number         0  osasm.o ABSOLUTE
    ..\LiuWareTM4C123Lab3\startup.s          0x00000000   Number         0  startup.o ABSOLUTE
    ST7735TestMain.c                         0x00000000   Number         0  st7735testmain.o ABSOLUTE
    dc.s                                     0x00000000   Number         0  dc.o ABSOLUTE
    handlers.s                               0x00000000   Number         0  handlers.o ABSOLUTE
    init.s                                   0x00000000   Number         0  init.o ABSOLUTE
    .ARM.Collect$$$$00000000                 0x00000284   Section        0  entry.o(.ARM.Collect$$$$00000000)
    .ARM.Collect$$$$00000001                 0x00000284   Section        4  entry2.o(.ARM.Collect$$$$00000001)
    .ARM.Collect$$$$00000004                 0x00000288   Section        4  entry5.o(.ARM.Collect$$$$00000004)
    .ARM.Collect$$$$00000008                 0x0000028c   Section        0  entry7b.o(.ARM.Collect$$$$00000008)
    .ARM.Collect$$$$0000000A                 0x0000028c   Section        0  entry8b.o(.ARM.Collect$$$$0000000A)
    .ARM.Collect$$$$0000000B                 0x0000028c   Section        8  entry9a.o(.ARM.Collect$$$$0000000B)
    .ARM.Collect$$$$0000000D                 0x00000294   Section        0  entry10a.o(.ARM.Collect$$$$0000000D)
    .ARM.Collect$$$$0000000F                 0x00000294   Section        0  entry11a.o(.ARM.Collect$$$$0000000F)
    .ARM.Collect$$$$00002712                 0x00000294   Section        4  entry2.o(.ARM.Collect$$$$00002712)
    __lit__00000000                          0x00000294   Data           4  entry2.o(.ARM.Collect$$$$00002712)
    .text                                    0x00000298   Section      718  cr4_fft_64_stm32.o(.text)
    .text                                    0x00000568   Section      112  osasm.o(.text)
    .text                                    0x000005d8   Section       72  pid_stm32.o(.text)
    .text                                    0x00000620   Section       28  startup.o(.text)
    .text                                    0x0000063c   Section       36  init.o(.text)
    i.ADC0Seq3_Handler                       0x00000660   Section        0  adc.o(i.ADC0Seq3_Handler)
    i.ADC_Collect_Init                       0x00000680   Section        0  adc.o(i.ADC_Collect_Init)
    i.ADC_In                                 0x00000ad8   Section        0  adc.o(i.ADC_In)
    i.ADC_Init                               0x00000b04   Section        0  adc.o(i.ADC_Init)
    i.ButtonWork                             0x00000edc   Section        0  st7735testmain.o(i.ButtonWork)
    i.Consumer                               0x00000fa0   Section        0  st7735testmain.o(i.Consumer)
    i.DAS                                    0x00001048   Section        0  st7735testmain.o(i.DAS)
    i.Delay1ms                               0x000010b0   Section        0  st7735.o(i.Delay1ms)
    i.Display                                0x000010d0   Section        0  st7735testmain.o(i.Display)
    i.Filter                                 0x00001154   Section        0  st7735testmain.o(i.Filter)
    i.GPIOPortF_Handler                      0x0000121c   Section        0  pfedgetrigger.o(i.GPIOPortF_Handler)
    i.HardFault_Handler                      0x000012e0   Section        0  os.o(i.HardFault_Handler)
    i.Interpreter                            0x000012ec   Section        0  st7735testmain.o(i.Interpreter)
    i.NothingTask                            0x00001328   Section        0  pfedgetrigger.o(i.NothingTask)
    i.OS_AddPeriodicThread                   0x0000132c   Section        0  os.o(i.OS_AddPeriodicThread)
    i.OS_AddSW1Task                          0x00001370   Section        0  os.o(i.OS_AddSW1Task)
    i.OS_AddSW2Task                          0x00001388   Section        0  os.o(i.OS_AddSW2Task)
    i.OS_AddThread                           0x000013a0   Section        0  os.o(i.OS_AddThread)
    i.OS_ClearMsTime                         0x000014f8   Section        0  os.o(i.OS_ClearMsTime)
    i.OS_Fifo_Get                            0x00001504   Section        0  os.o(i.OS_Fifo_Get)
    i.OS_Fifo_Init                           0x00001558   Section        0  os.o(i.OS_Fifo_Init)
    i.OS_Fifo_Put                            0x000015a4   Section        0  os.o(i.OS_Fifo_Put)
    i.OS_Id                                  0x00001614   Section        0  os.o(i.OS_Id)
    i.OS_Init                                0x00001620   Section        0  os.o(i.OS_Init)
    i.OS_InitDriverInitSemaphore             0x00001698   Section        0  os.o(i.OS_InitDriverInitSemaphore)
    i.OS_InitSemaphore                       0x000016a8   Section        0  os.o(i.OS_InitSemaphore)
    i.OS_Kill                                0x000016c0   Section        0  os.o(i.OS_Kill)
    i.OS_KilledSuspend                       0x0000171c   Section        0  os.o(i.OS_KilledSuspend)
    i.OS_Launch                              0x00001734   Section        0  os.o(i.OS_Launch)
    i.OS_MailBox_Init                        0x00001758   Section        0  os.o(i.OS_MailBox_Init)
    i.OS_MailBox_Recv                        0x00001778   Section        0  os.o(i.OS_MailBox_Recv)
    i.OS_MailBox_Send                        0x0000179c   Section        0  os.o(i.OS_MailBox_Send)
    i.OS_MsTime                              0x000017c0   Section        0  os.o(i.OS_MsTime)
    i.OS_Signal                              0x000017cc   Section        0  os.o(i.OS_Signal)
    i.OS_Sleep                               0x0000181c   Section        0  os.o(i.OS_Sleep)
    i.OS_Suspend                             0x00001844   Section        0  os.o(i.OS_Suspend)
    i.OS_Time                                0x0000185c   Section        0  os.o(i.OS_Time)
    i.OS_TimeDifference                      0x00001880   Section        0  os.o(i.OS_TimeDifference)
    i.OS_Wait                                0x00001888   Section        0  os.o(i.OS_Wait)
    i.OutCRLF                                0x00001924   Section        0  interpreter.o(i.OutCRLF)
    i.PF0Edge_Task                           0x00001934   Section        0  pfedgetrigger.o(i.PF0Edge_Task)
    i.PF4Edge_Task                           0x00001950   Section        0  pfedgetrigger.o(i.PF4Edge_Task)
    i.PFEdge_Init                            0x0000196c   Section        0  pfedgetrigger.o(i.PFEdge_Init)
    i.PID                                    0x00001a5c   Section        0  st7735testmain.o(i.PID)
    i.PLL_Init                               0x00001ae8   Section        0  pll.o(i.PLL_Init)
    i.PortB_Init                             0x00001b64   Section        0  st7735testmain.o(i.PortB_Init)
    i.ProcessCommand                         0x00001bdc   Section        0  interpreter.o(i.ProcessCommand)
    i.Producer                               0x00001fec   Section        0  st7735testmain.o(i.Producer)
    i.RxFifo_Get                             0x00002024   Section        0  uart.o(i.RxFifo_Get)
    i.RxFifo_Init                            0x00002060   Section        0  uart.o(i.RxFifo_Init)
    i.RxFifo_Put                             0x00002084   Section        0  uart.o(i.RxFifo_Put)
    i.RxFifo_Size                            0x000020c0   Section        0  uart.o(i.RxFifo_Size)
    i.ST7735_DrawCharS                       0x000020d8   Section        0  st7735.o(i.ST7735_DrawCharS)
    i.ST7735_DrawPixel                       0x000021cc   Section        0  st7735.o(i.ST7735_DrawPixel)
    i.ST7735_DrawString                      0x00002214   Section        0  st7735.o(i.ST7735_DrawString)
    i.ST7735_DrawStringDivided               0x0000226a   Section        0  st7735.o(i.ST7735_DrawStringDivided)
    i.ST7735_FillRect                        0x00002310   Section        0  st7735.o(i.ST7735_FillRect)
    i.ST7735_FillScreen                      0x000023bc   Section        0  st7735.o(i.ST7735_FillScreen)
    i.ST7735_InitRDivided                    0x000023e0   Section        0  st7735.o(i.ST7735_InitRDivided)
    i.ST7735_Message                         0x0000248c   Section        0  st7735.o(i.ST7735_Message)
    i.ST7735_MessageDec                      0x000024f8   Section        0  st7735.o(i.ST7735_MessageDec)
    i.ST7735_MessageDecBody                  0x00002558   Section        0  st7735.o(i.ST7735_MessageDecBody)
    i.ST7735_MessageString                   0x0000268c   Section        0  st7735.o(i.ST7735_MessageString)
    i.ST7735_MessageStringBody               0x000026ec   Section        0  st7735.o(i.ST7735_MessageStringBody)
    i.ST7735_OutCharDivided                  0x00002710   Section        0  st7735.o(i.ST7735_OutCharDivided)
    i.ST7735_SetCursor                       0x00002878   Section        0  st7735.o(i.ST7735_SetCursor)
    i.ST7735_SetCursorDivided                0x00002898   Section        0  st7735.o(i.ST7735_SetCursorDivided)
    i.SW1Push                                0x000028c0   Section        0  st7735testmain.o(i.SW1Push)
    i.SW2Push                                0x000028e4   Section        0  st7735testmain.o(i.SW2Push)
    i.Scheduler                              0x00002908   Section        0  os.o(i.Scheduler)
    i.SetInitialStack                        0x00002918   Section        0  os.o(i.SetInitialStack)
    i.StringToInt                            0x00002a68   Section        0  interpreter.o(i.StringToInt)
    i.TIMER0A_doJitterTimer                  0x00002a88   Section        0  timer0a.o(i.TIMER0A_doJitterTimer)
    i.TIMER0A_getMaxJitter                   0x00002b08   Section        0  timer0a.o(i.TIMER0A_getMaxJitter)
    i.Timer0A_Handler                        0x00002b14   Section        0  timer0a.o(i.Timer0A_Handler)
    i.Timer0A_Init                           0x00002b2c   Section        0  timer0a.o(i.Timer0A_Init)
    i.Timer1A_Handler                        0x00002bd4   Section        0  timer1.o(i.Timer1A_Handler)
    i.Timer1_Init                            0x00002bec   Section        0  timer1.o(i.Timer1_Init)
    i.Timer4A_Handler                        0x00002c8c   Section        0  timer4a.o(i.Timer4A_Handler)
    i.Timer4A_Init                           0x00002ca4   Section        0  timer4a.o(i.Timer4A_Init)
    i.TxFifo_Get                             0x00002d24   Section        0  uart.o(i.TxFifo_Get)
    i.TxFifo_Init                            0x00002d60   Section        0  uart.o(i.TxFifo_Init)
    i.TxFifo_Put                             0x00002d84   Section        0  uart.o(i.TxFifo_Put)
    i.TxFifo_Size                            0x00002dc0   Section        0  uart.o(i.TxFifo_Size)
    i.UART0_Handler                          0x00002dd8   Section        0  uart.o(i.UART0_Handler)
    i.UART_InChar                            0x00002e30   Section        0  uart.o(i.UART_InChar)
    i.UART_InString                          0x00002e44   Section        0  uart.o(i.UART_InString)
    i.UART_Init                              0x00002e8c   Section        0  uart.o(i.UART_Init)
    i.UART_OutChar                           0x00002f58   Section        0  uart.o(i.UART_OutChar)
    i.UART_OutString                         0x00002f8c   Section        0  uart.o(i.UART_OutString)
    i.UART_OutUDec                           0x00002fa4   Section        0  uart.o(i.UART_OutUDec)
    i.__scatterload_copy                     0x00002fce   Section       14  handlers.o(i.__scatterload_copy)
    i.__scatterload_null                     0x00002fdc   Section        2  handlers.o(i.__scatterload_null)
    i.__scatterload_zeroinit                 0x00002fde   Section       14  handlers.o(i.__scatterload_zeroinit)
    i.commandList                            0x00002fec   Section        0  st7735.o(i.commandList)
    commandList                              0x00002fed   Thumb Code    86  st7735.o(i.commandList)
    i.commonInit                             0x00003044   Section        0  st7735.o(i.commonInit)
    commonInit                               0x00003045   Thumb Code   340  st7735.o(i.commonInit)
    i.copyHardwareToSoftware                 0x000031c8   Section        0  uart.o(i.copyHardwareToSoftware)
    copyHardwareToSoftware                   0x000031c9   Thumb Code    36  uart.o(i.copyHardwareToSoftware)
    i.copySoftwareToHardware                 0x000031f0   Section        0  uart.o(i.copySoftwareToHardware)
    copySoftwareToHardware                   0x000031f1   Thumb Code    38  uart.o(i.copySoftwareToHardware)
    i.doSleepDecrement                       0x0000321c   Section        0  os.o(i.doSleepDecrement)
    i.fillDividedMessage                     0x00003258   Section        0  st7735.o(i.fillDividedMessage)
    i.idQueuePop                             0x000032f0   Section        0  idqueue.o(i.idQueuePop)
    i.idQueuePush                            0x0000332c   Section        0  idqueue.o(i.idQueuePush)
    i.initHardFault                          0x0000337c   Section        0  os.o(i.initHardFault)
    i.main                                   0x000033f0   Section        0  st7735testmain.o(i.main)
    i.priQueuePeek                           0x000034b0   Section        0  threadprioritypqueue.o(i.priQueuePeek)
    i.priQueuePeekAndRotate                  0x000034d4   Section        0  threadprioritypqueue.o(i.priQueuePeekAndRotate)
    i.priQueuePush                           0x00003550   Section        0  threadprioritypqueue.o(i.priQueuePush)
    i.priQueuePushBack                       0x000035e4   Section        0  threadprioritypqueue.o(i.priQueuePushBack)
    i.priQueueRemove                         0x00003604   Section        0  threadprioritypqueue.o(i.priQueueRemove)
    i.priQueueShiftForward                   0x0000368c   Section        0  threadprioritypqueue.o(i.priQueueShiftForward)
    i.pushColor                              0x000036a8   Section        0  st7735.o(i.pushColor)
    pushColor                                0x000036a9   Thumb Code    18  st7735.o(i.pushColor)
    i.setAddrWindow                          0x000036bc   Section        0  st7735.o(i.setAddrWindow)
    setAddrWindow                            0x000036bd   Thumb Code   106  st7735.o(i.setAddrWindow)
    i.strLengthByNullCount                   0x00003730   Section        0  interpreter.o(i.strLengthByNullCount)
    i.updateOSTime                           0x00003740   Section        0  os.o(i.updateOSTime)
    i.writecommand                           0x00003760   Section        0  st7735.o(i.writecommand)
    writecommand                             0x00003761   Thumb Code    40  st7735.o(i.writecommand)
    i.writedata                              0x00003790   Section        0  st7735.o(i.writedata)
    writedata                                0x00003791   Thumb Code    24  st7735.o(i.writedata)
    .constdata                               0x000037b0   Section     2018  st7735.o(.constdata)
    Font                                     0x000037b0   Data        1275  st7735.o(.constdata)
    Bcmd                                     0x00003cab   Data         103  st7735.o(.constdata)
    Rcmd1                                    0x00003d12   Data          59  st7735.o(.constdata)
    Rcmd2green                               0x00003d4d   Data          13  st7735.o(.constdata)
    Rcmd2red                                 0x00003d5a   Data          13  st7735.o(.constdata)
    Rcmd3                                    0x00003d67   Data          43  st7735.o(.constdata)
    .data                                    0x20000000   Section       52  st7735testmain.o(.data)
    n                                        0x20000010   Data           4  st7735testmain.o(.data)
    wheelCounter                             0x20000014   Data           4  st7735testmain.o(.data)
    .data                                    0x20000034   Section        4  adc.o(.data)
    .data                                    0x20000038   Section        8  idqueue.o(.data)
    .data                                    0x20000040   Section       40  os.o(.data)
    wheelCounter                             0x20000048   Data           4  os.o(.data)
    .data                                    0x20000068   Section       32  pfedgetrigger.o(.data)
    wheelCounter                             0x20000074   Data           4  pfedgetrigger.o(.data)
    .data                                    0x20000088   Section       52  st7735.o(.data)
    _width                                   0x20000092   Data           2  st7735.o(.data)
    _height                                  0x20000094   Data           2  st7735.o(.data)
    ColStart                                 0x2000009c   Data           1  st7735.o(.data)
    RowStart                                 0x2000009d   Data           1  st7735.o(.data)
    Rotation                                 0x2000009e   Data           1  st7735.o(.data)
    TabColor                                 0x2000009f   Data           1  st7735.o(.data)
    .data                                    0x200000bc   Section       12  threadprioritypqueue.o(.data)
    .data                                    0x200000c8   Section       28  timer0a.o(.data)
    LastTime                                 0x200000cc   Data           4  timer0a.o(.data)
    .data                                    0x200000e4   Section       20  timer1.o(.data)
    LastTime                                 0x200000e4   Data           4  timer1.o(.data)
    .data                                    0x200000f8   Section        4  timer4a.o(.data)
    .data                                    0x200000fc   Section       16  uart.o(.data)
    .bss                                     0x2000010c   Section      560  st7735testmain.o(.bss)
    x                                        0x2000010c   Data          24  st7735testmain.o(.bss)
    y                                        0x20000124   Data          24  st7735testmain.o(.bss)
    .bss                                     0x2000033c   Section       44  idqueue.o(.bss)
    .bss                                     0x20000368   Section      100  interpreter.o(.bss)
    .bss                                     0x200003cc   Section     4548  os.o(.bss)
    Fifo                                     0x200014ac   Data         128  os.o(.bss)
    .bss                                     0x20001590   Section       20  pfedgetrigger.o(.bss)
    .bss                                     0x200015a4   Section      112  st7735.o(.bss)
    .bss                                     0x20001614   Section       44  threadprioritypqueue.o(.bss)
    .bss                                     0x20001640   Section      256  timer0a.o(.bss)
    .bss                                     0x20001740   Section       32  uart.o(.bss)
    RxFifo                                   0x20001740   Data          16  uart.o(.bss)
    TxFifo                                   0x20001750   Data          16  uart.o(.bss)
    STACK                                    0x20001760   Section     1024  startup.o(STACK)
    StackMem                                 0x20001760   Data           0  startup.o(STACK)

    Global Symbols

    Symbol Name                              Value     Ov Type        Size  Object(Section)

    BuildAttributes$$THM_ISAv4$E$P$D$K$B$S$7EM$PE$A:L22UL41UL21$X:L11$S22US41US21$IEEE1$IW$USESV6$~STKCKD$USESV7$~SHL$OSPACE$EBA8$MICROLIB$REQ8$PRES8$EABIv2 0x00000000   Number         0  anon$$obj.o ABSOLUTE
    __ARM_use_no_argv                        0x00000000   Number         0  st7735testmain.o ABSOLUTE
    __Vectors                                0x00000000   Data           0  startup.o(RESET)
    __cpp_initialize__aeabi_                  - Undefined Weak Reference
    __cxa_finalize                            - Undefined Weak Reference
    __decompress                              - Undefined Weak Reference
    _clock_init                               - Undefined Weak Reference
    _microlib_exit                            - Undefined Weak Reference
    Reset_Handler                            0x0000026d   Thumb Code     0  startup.o(RESET)
    NMI_Handler                              0x00000271   Thumb Code     2  startup.o(RESET)
    MemManage_Handler                        0x00000275   Thumb Code     2  startup.o(RESET)
    BusFault_Handler                         0x00000277   Thumb Code     2  startup.o(RESET)
    UsageFault_Handler                       0x00000279   Thumb Code     2  startup.o(RESET)
    SVC_Handler                              0x0000027b   Thumb Code     2  startup.o(RESET)
    DebugMon_Handler                         0x0000027d   Thumb Code     2  startup.o(RESET)
    ADC0Seq0_Handler                         0x00000283   Thumb Code     0  startup.o(RESET)
    ADC0Seq1_Handler                         0x00000283   Thumb Code     0  startup.o(RESET)
    ADC0Seq2_Handler                         0x00000283   Thumb Code     0  startup.o(RESET)
    ADC1Seq0_Handler                         0x00000283   Thumb Code     0  startup.o(RESET)
    ADC1Seq1_Handler                         0x00000283   Thumb Code     0  startup.o(RESET)
    ADC1Seq2_Handler                         0x00000283   Thumb Code     0  startup.o(RESET)
    ADC1Seq3_Handler                         0x00000283   Thumb Code     0  startup.o(RESET)
    CAN0_Handler                             0x00000283   Thumb Code     0  startup.o(RESET)
    CAN1_Handler                             0x00000283   Thumb Code     0  startup.o(RESET)
    CAN2_Handler                             0x00000283   Thumb Code     0  startup.o(RESET)
    Comp0_Handler                            0x00000283   Thumb Code     0  startup.o(RESET)
    Comp1_Handler                            0x00000283   Thumb Code     0  startup.o(RESET)
    Comp2_Handler                            0x00000283   Thumb Code     0  startup.o(RESET)
    Ethernet_Handler                         0x00000283   Thumb Code     0  startup.o(RESET)
    ExtBus_Handler                           0x00000283   Thumb Code     0  startup.o(RESET)
    FPU_Handler                              0x00000283   Thumb Code     0  startup.o(RESET)
    Fan0_Handler                             0x00000283   Thumb Code     0  startup.o(RESET)
    FlashCtl_Handler                         0x00000283   Thumb Code     0  startup.o(RESET)
    GPIOPortA_Handler                        0x00000283   Thumb Code     0  startup.o(RESET)
    GPIOPortB_Handler                        0x00000283   Thumb Code     0  startup.o(RESET)
    GPIOPortC_Handler                        0x00000283   Thumb Code     0  startup.o(RESET)
    GPIOPortD_Handler                        0x00000283   Thumb Code     0  startup.o(RESET)
    GPIOPortE_Handler                        0x00000283   Thumb Code     0  startup.o(RESET)
    GPIOPortG_Handler                        0x00000283   Thumb Code     0  startup.o(RESET)
    GPIOPortH_Handler                        0x00000283   Thumb Code     0  startup.o(RESET)
    GPIOPortJ_Handler                        0x00000283   Thumb Code     0  startup.o(RESET)
    GPIOPortK_Handler                        0x00000283   Thumb Code     0  startup.o(RESET)
    GPIOPortL_Handler                        0x00000283   Thumb Code     0  startup.o(RESET)
    GPIOPortM_Handler                        0x00000283   Thumb Code     0  startup.o(RESET)
    GPIOPortN_Handler                        0x00000283   Thumb Code     0  startup.o(RESET)
    GPIOPortP1_Handler                       0x00000283   Thumb Code     0  startup.o(RESET)
    GPIOPortP2_Handler                       0x00000283   Thumb Code     0  startup.o(RESET)
    GPIOPortP3_Handler                       0x00000283   Thumb Code     0  startup.o(RESET)
    GPIOPortP4_Handler                       0x00000283   Thumb Code     0  startup.o(RESET)
    GPIOPortP5_Handler                       0x00000283   Thumb Code     0  startup.o(RESET)
    GPIOPortP6_Handler                       0x00000283   Thumb Code     0  startup.o(RESET)
    GPIOPortP7_Handler                       0x00000283   Thumb Code     0  startup.o(RESET)
    GPIOPortP_Handler                        0x00000283   Thumb Code     0  startup.o(RESET)
    GPIOPortQ1_Handler                       0x00000283   Thumb Code     0  startup.o(RESET)
    GPIOPortQ2_Handler                       0x00000283   Thumb Code     0  startup.o(RESET)
    GPIOPortQ3_Handler                       0x00000283   Thumb Code     0  startup.o(RESET)
    GPIOPortQ4_Handler                       0x00000283   Thumb Code     0  startup.o(RESET)
    GPIOPortQ5_Handler                       0x00000283   Thumb Code     0  startup.o(RESET)
    GPIOPortQ6_Handler                       0x00000283   Thumb Code     0  startup.o(RESET)
    GPIOPortQ7_Handler                       0x00000283   Thumb Code     0  startup.o(RESET)
    GPIOPortQ_Handler                        0x00000283   Thumb Code     0  startup.o(RESET)
    GPIOPortR_Handler                        0x00000283   Thumb Code     0  startup.o(RESET)
    GPIOPortS_Handler                        0x00000283   Thumb Code     0  startup.o(RESET)
    Hibernate_Handler                        0x00000283   Thumb Code     0  startup.o(RESET)
    I2C0_Handler                             0x00000283   Thumb Code     0  startup.o(RESET)
    I2C1_Handler                             0x00000283   Thumb Code     0  startup.o(RESET)
    I2C2_Handler                             0x00000283   Thumb Code     0  startup.o(RESET)
    I2C3_Handler                             0x00000283   Thumb Code     0  startup.o(RESET)
    I2C4_Handler                             0x00000283   Thumb Code     0  startup.o(RESET)
    I2C5_Handler                             0x00000283   Thumb Code     0  startup.o(RESET)
    I2S0_Handler                             0x00000283   Thumb Code     0  startup.o(RESET)
    LPC0_Handler                             0x00000283   Thumb Code     0  startup.o(RESET)
    PECI0_Handler                            0x00000283   Thumb Code     0  startup.o(RESET)
    PWM0Fault_Handler                        0x00000283   Thumb Code     0  startup.o(RESET)
    PWM0Generator0_Handler                   0x00000283   Thumb Code     0  startup.o(RESET)
    PWM0Generator1_Handler                   0x00000283   Thumb Code     0  startup.o(RESET)
    PWM0Generator2_Handler                   0x00000283   Thumb Code     0  startup.o(RESET)
    PWM0Generator3_Handler                   0x00000283   Thumb Code     0  startup.o(RESET)
    PWM1Fault_Handler                        0x00000283   Thumb Code     0  startup.o(RESET)
    PWM1Generator0_Handler                   0x00000283   Thumb Code     0  startup.o(RESET)
    PWM1Generator1_Handler                   0x00000283   Thumb Code     0  startup.o(RESET)
    PWM1Generator2_Handler                   0x00000283   Thumb Code     0  startup.o(RESET)
    PWM1Generator3_Handler                   0x00000283   Thumb Code     0  startup.o(RESET)
    Quadrature0_Handler                      0x00000283   Thumb Code     0  startup.o(RESET)
    Quadrature1_Handler                      0x00000283   Thumb Code     0  startup.o(RESET)
    Quadrature2_Handler                      0x00000283   Thumb Code     0  startup.o(RESET)
    SSI0_Handler                             0x00000283   Thumb Code     0  startup.o(RESET)
    SSI1_Handler                             0x00000283   Thumb Code     0  startup.o(RESET)
    SSI2_Handler                             0x00000283   Thumb Code     0  startup.o(RESET)
    SSI3_Handler                             0x00000283   Thumb Code     0  startup.o(RESET)
    SysCtl_Handler                           0x00000283   Thumb Code     0  startup.o(RESET)
    Timer0B_Handler                          0x00000283   Thumb Code     0  startup.o(RESET)
    Timer1B_Handler                          0x00000283   Thumb Code     0  startup.o(RESET)
    Timer2A_Handler                          0x00000283   Thumb Code     0  startup.o(RESET)
    Timer2B_Handler                          0x00000283   Thumb Code     0  startup.o(RESET)
    Timer3A_Handler                          0x00000283   Thumb Code     0  startup.o(RESET)
    Timer3B_Handler                          0x00000283   Thumb Code     0  startup.o(RESET)
    Timer4B_Handler                          0x00000283   Thumb Code     0  startup.o(RESET)
    Timer5A_Handler                          0x00000283   Thumb Code     0  startup.o(RESET)
    Timer5B_Handler                          0x00000283   Thumb Code     0  startup.o(RESET)
    UART1_Handler                            0x00000283   Thumb Code     0  startup.o(RESET)
    UART2_Handler                            0x00000283   Thumb Code     0  startup.o(RESET)
    UART3_Handler                            0x00000283   Thumb Code     0  startup.o(RESET)
    UART4_Handler                            0x00000283   Thumb Code     0  startup.o(RESET)
    UART5_Handler                            0x00000283   Thumb Code     0  startup.o(RESET)
    UART6_Handler                            0x00000283   Thumb Code     0  startup.o(RESET)
    UART7_Handler                            0x00000283   Thumb Code     0  startup.o(RESET)
    USB0_Handler                             0x00000283   Thumb Code     0  startup.o(RESET)
    WDT_Handler                              0x00000283   Thumb Code     0  startup.o(RESET)
    WideTimer0A_Handler                      0x00000283   Thumb Code     0  startup.o(RESET)
    WideTimer0B_Handler                      0x00000283   Thumb Code     0  startup.o(RESET)
    WideTimer1A_Handler                      0x00000283   Thumb Code     0  startup.o(RESET)
    WideTimer1B_Handler                      0x00000283   Thumb Code     0  startup.o(RESET)
    WideTimer2A_Handler                      0x00000283   Thumb Code     0  startup.o(RESET)
    WideTimer2B_Handler                      0x00000283   Thumb Code     0  startup.o(RESET)
    WideTimer3A_Handler                      0x00000283   Thumb Code     0  startup.o(RESET)
    WideTimer3B_Handler                      0x00000283   Thumb Code     0  startup.o(RESET)
    WideTimer4A_Handler                      0x00000283   Thumb Code     0  startup.o(RESET)
    WideTimer4B_Handler                      0x00000283   Thumb Code     0  startup.o(RESET)
    WideTimer5A_Handler                      0x00000283   Thumb Code     0  startup.o(RESET)
    WideTimer5B_Handler                      0x00000283   Thumb Code     0  startup.o(RESET)
    uDMA_Error                               0x00000283   Thumb Code     0  startup.o(RESET)
    uDMA_Handler                             0x00000283   Thumb Code     0  startup.o(RESET)
    __main                                   0x00000285   Thumb Code     0  entry.o(.ARM.Collect$$$$00000000)
    _main_stk                                0x00000285   Thumb Code     0  entry2.o(.ARM.Collect$$$$00000001)
    _main_scatterload                        0x00000289   Thumb Code     0  entry5.o(.ARM.Collect$$$$00000004)
    __main_after_scatterload                 0x0000028d   Thumb Code     0  entry5.o(.ARM.Collect$$$$00000004)
    _main_clock                              0x0000028d   Thumb Code     0  entry7b.o(.ARM.Collect$$$$00000008)
    _main_cpp_init                           0x0000028d   Thumb Code     0  entry8b.o(.ARM.Collect$$$$0000000A)
    _main_init                               0x0000028d   Thumb Code     0  entry9a.o(.ARM.Collect$$$$0000000B)
    __rt_final_cpp                           0x00000295   Thumb Code     0  entry10a.o(.ARM.Collect$$$$0000000D)
    __rt_final_exit                          0x00000295   Thumb Code     0  entry11a.o(.ARM.Collect$$$$0000000F)
    cr4_fft_64_stm32                         0x00000299   Thumb Code     0  cr4_fft_64_stm32.o(.text)
    OS_DisableInterrupts                     0x00000569   Thumb Code     0  osasm.o(.text)
    OS_EnableInterrupts                      0x0000056d   Thumb Code     0  osasm.o(.text)
    SysTick_Handler                          0x00000571   Thumb Code     0  osasm.o(.text)
    PendSV_Handler                           0x00000597   Thumb Code     0  osasm.o(.text)
    StartOS                                  0x000005b3   Thumb Code     0  osasm.o(.text)
    PID_stm32                                0x000005d9   Thumb Code     0  pid_stm32.o(.text)
    DisableInterrupts                        0x00000621   Thumb Code     0  startup.o(.text)
    EnableInterrupts                         0x00000625   Thumb Code     0  startup.o(.text)
    StartCritical                            0x00000629   Thumb Code     0  startup.o(.text)
    EndCritical                              0x00000631   Thumb Code     0  startup.o(.text)
    WaitForInterrupt                         0x00000637   Thumb Code     0  startup.o(.text)
    __scatterload                            0x0000063d   Thumb Code    28  init.o(.text)
    __scatterload_rt2                        0x0000063d   Thumb Code     0  init.o(.text)
    ADC0Seq3_Handler                         0x00000661   Thumb Code    20  adc.o(i.ADC0Seq3_Handler)
    ADC_Collect_Init                         0x00000681   Thumb Code  1102  adc.o(i.ADC_Collect_Init)
    ADC_In                                   0x00000ad9   Thumb Code    36  adc.o(i.ADC_In)
    ADC_Init                                 0x00000b05   Thumb Code   944  adc.o(i.ADC_Init)
    ButtonWork                               0x00000edd   Thumb Code   116  st7735testmain.o(i.ButtonWork)
    Consumer                                 0x00000fa1   Thumb Code   130  st7735testmain.o(i.Consumer)
    DAS                                      0x00001049   Thumb Code    86  st7735testmain.o(i.DAS)
    Delay1ms                                 0x000010b1   Thumb Code    32  st7735.o(i.Delay1ms)
    Display                                  0x000010d1   Thumb Code    96  st7735testmain.o(i.Display)
    Filter                                   0x00001155   Thumb Code   186  st7735testmain.o(i.Filter)
    GPIOPortF_Handler                        0x0000121d   Thumb Code   160  pfedgetrigger.o(i.GPIOPortF_Handler)
    HardFault_Handler                        0x000012e1   Thumb Code     8  os.o(i.HardFault_Handler)
    Interpreter                              0x000012ed   Thumb Code    36  st7735testmain.o(i.Interpreter)
    NothingTask                              0x00001329   Thumb Code     2  pfedgetrigger.o(i.NothingTask)
    OS_AddPeriodicThread                     0x0000132d   Thumb Code    64  os.o(i.OS_AddPeriodicThread)
    OS_AddSW1Task                            0x00001371   Thumb Code    24  os.o(i.OS_AddSW1Task)
    OS_AddSW2Task                            0x00001389   Thumb Code    24  os.o(i.OS_AddSW2Task)
    OS_AddThread                             0x000013a1   Thumb Code   324  os.o(i.OS_AddThread)
    OS_ClearMsTime                           0x000014f9   Thumb Code     8  os.o(i.OS_ClearMsTime)
    OS_Fifo_Get                              0x00001505   Thumb Code    62  os.o(i.OS_Fifo_Get)
    OS_Fifo_Init                             0x00001559   Thumb Code    46  os.o(i.OS_Fifo_Init)
    OS_Fifo_Put                              0x000015a5   Thumb Code    88  os.o(i.OS_Fifo_Put)
    OS_Id                                    0x00001615   Thumb Code     8  os.o(i.OS_Id)
    OS_Init                                  0x00001621   Thumb Code   100  os.o(i.OS_Init)
    OS_InitDriverInitSemaphore               0x00001699   Thumb Code    12  os.o(i.OS_InitDriverInitSemaphore)
    OS_InitSemaphore                         0x000016a9   Thumb Code    22  os.o(i.OS_InitSemaphore)
    OS_Kill                                  0x000016c1   Thumb Code    78  os.o(i.OS_Kill)
    OS_KilledSuspend                         0x0000171d   Thumb Code    18  os.o(i.OS_KilledSuspend)
    OS_Launch                                0x00001735   Thumb Code    30  os.o(i.OS_Launch)
    OS_MailBox_Init                          0x00001759   Thumb Code    18  os.o(i.OS_MailBox_Init)
    OS_MailBox_Recv                          0x00001779   Thumb Code    22  os.o(i.OS_MailBox_Recv)
    OS_MailBox_Send                          0x0000179d   Thumb Code    22  os.o(i.OS_MailBox_Send)
    OS_MsTime                                0x000017c1   Thumb Code     6  os.o(i.OS_MsTime)
    OS_Signal                                0x000017cd   Thumb Code    70  os.o(i.OS_Signal)
    OS_Sleep                                 0x0000181d   Thumb Code    36  os.o(i.OS_Sleep)
    OS_Suspend                               0x00001845   Thumb Code    18  os.o(i.OS_Suspend)
    OS_Time                                  0x0000185d   Thumb Code    24  os.o(i.OS_Time)
    OS_TimeDifference                        0x00001881   Thumb Code     6  os.o(i.OS_TimeDifference)
    OS_Wait                                  0x00001889   Thumb Code   146  os.o(i.OS_Wait)
    OutCRLF                                  0x00001925   Thumb Code    16  interpreter.o(i.OutCRLF)
    PF0Edge_Task                             0x00001935   Thumb Code    16  pfedgetrigger.o(i.PF0Edge_Task)
    PF4Edge_Task                             0x00001951   Thumb Code    16  pfedgetrigger.o(i.PF4Edge_Task)
    PFEdge_Init                              0x0000196d   Thumb Code   200  pfedgetrigger.o(i.PFEdge_Init)
    PID                                      0x00001a5d   Thumb Code   108  st7735testmain.o(i.PID)
    PLL_Init                                 0x00001ae9   Thumb Code   118  pll.o(i.PLL_Init)
    PortB_Init                               0x00001b65   Thumb Code    88  st7735testmain.o(i.PortB_Init)
    ProcessCommand                           0x00001bdd   Thumb Code   632  interpreter.o(i.ProcessCommand)
    Producer                                 0x00001fed   Thumb Code    46  st7735testmain.o(i.Producer)
    RxFifo_Get                               0x00002025   Thumb Code    46  uart.o(i.RxFifo_Get)
    RxFifo_Init                              0x00002061   Thumb Code    26  uart.o(i.RxFifo_Init)
    RxFifo_Put                               0x00002085   Thumb Code    48  uart.o(i.RxFifo_Put)
    RxFifo_Size                              0x000020c1   Thumb Code    14  uart.o(i.RxFifo_Size)
    ST7735_DrawCharS                         0x000020d9   Thumb Code   232  st7735.o(i.ST7735_DrawCharS)
    ST7735_DrawPixel                         0x000021cd   Thumb Code    64  st7735.o(i.ST7735_DrawPixel)
    ST7735_DrawString                        0x00002215   Thumb Code    86  st7735.o(i.ST7735_DrawString)
    ST7735_DrawStringDivided                 0x0000226b   Thumb Code   164  st7735.o(i.ST7735_DrawStringDivided)
    ST7735_FillRect                          0x00002311   Thumb Code   164  st7735.o(i.ST7735_FillRect)
    ST7735_FillScreen                        0x000023bd   Thumb Code    28  st7735.o(i.ST7735_FillScreen)
    ST7735_InitRDivided                      0x000023e1   Thumb Code   112  st7735.o(i.ST7735_InitRDivided)
    ST7735_Message                           0x0000248d   Thumb Code    74  st7735.o(i.ST7735_Message)
    ST7735_MessageDec                        0x000024f9   Thumb Code    62  st7735.o(i.ST7735_MessageDec)
    ST7735_MessageDecBody                    0x00002559   Thumb Code   280  st7735.o(i.ST7735_MessageDecBody)
    ST7735_MessageString                     0x0000268d   Thumb Code    62  st7735.o(i.ST7735_MessageString)
    ST7735_MessageStringBody                 0x000026ed   Thumb Code    36  st7735.o(i.ST7735_MessageStringBody)
    ST7735_OutCharDivided                    0x00002711   Thumb Code   322  st7735.o(i.ST7735_OutCharDivided)
    ST7735_SetCursor                         0x00002879   Thumb Code    22  st7735.o(i.ST7735_SetCursor)
    ST7735_SetCursorDivided                  0x00002899   Thumb Code    32  st7735.o(i.ST7735_SetCursorDivided)
    SW1Push                                  0x000028c1   Thumb Code    28  st7735testmain.o(i.SW1Push)
    SW2Push                                  0x000028e5   Thumb Code    28  st7735testmain.o(i.SW2Push)
    Scheduler                                0x00002909   Thumb Code    12  os.o(i.Scheduler)
    SetInitialStack                          0x00002919   Thumb Code   326  os.o(i.SetInitialStack)
    StringToInt                              0x00002a69   Thumb Code    32  interpreter.o(i.StringToInt)
    TIMER0A_doJitterTimer                    0x00002a89   Thumb Code   108  timer0a.o(i.TIMER0A_doJitterTimer)
    TIMER0A_getMaxJitter                     0x00002b09   Thumb Code     6  timer0a.o(i.TIMER0A_getMaxJitter)
    Timer0A_Handler                          0x00002b15   Thumb Code    16  timer0a.o(i.Timer0A_Handler)
    Timer0A_Init                             0x00002b2d   Thumb Code   130  timer0a.o(i.Timer0A_Init)
    Timer1A_Handler                          0x00002bd5   Thumb Code    16  timer1.o(i.Timer1A_Handler)
    Timer1_Init                              0x00002bed   Thumb Code   126  timer1.o(i.Timer1_Init)
    Timer4A_Handler                          0x00002c8d   Thumb Code    16  timer4a.o(i.Timer4A_Handler)
    Timer4A_Init                             0x00002ca5   Thumb Code   108  timer4a.o(i.Timer4A_Init)
    TxFifo_Get                               0x00002d25   Thumb Code    46  uart.o(i.TxFifo_Get)
    TxFifo_Init                              0x00002d61   Thumb Code    26  uart.o(i.TxFifo_Init)
    TxFifo_Put                               0x00002d85   Thumb Code    48  uart.o(i.TxFifo_Put)
    TxFifo_Size                              0x00002dc1   Thumb Code    14  uart.o(i.TxFifo_Size)
    UART0_Handler                            0x00002dd9   Thumb Code    82  uart.o(i.UART0_Handler)
    UART_InChar                              0x00002e31   Thumb Code    20  uart.o(i.UART_InChar)
    UART_InString                            0x00002e45   Thumb Code    70  uart.o(i.UART_InString)
    UART_Init                                0x00002e8d   Thumb Code   178  uart.o(i.UART_Init)
    UART_OutChar                             0x00002f59   Thumb Code    46  uart.o(i.UART_OutChar)
    UART_OutString                           0x00002f8d   Thumb Code    24  uart.o(i.UART_OutString)
    UART_OutUDec                             0x00002fa5   Thumb Code    42  uart.o(i.UART_OutUDec)
    __scatterload_copy                       0x00002fcf   Thumb Code    14  handlers.o(i.__scatterload_copy)
    __scatterload_null                       0x00002fdd   Thumb Code     2  handlers.o(i.__scatterload_null)
    __scatterload_zeroinit                   0x00002fdf   Thumb Code    14  handlers.o(i.__scatterload_zeroinit)
    doSleepDecrement                         0x0000321d   Thumb Code    56  os.o(i.doSleepDecrement)
    fillDividedMessage                       0x00003259   Thumb Code   134  st7735.o(i.fillDividedMessage)
    idQueuePop                               0x000032f1   Thumb Code    48  idqueue.o(i.idQueuePop)
    idQueuePush                              0x0000332d   Thumb Code    66  idqueue.o(i.idQueuePush)
    initHardFault                            0x0000337d   Thumb Code    94  os.o(i.initHardFault)
    main                                     0x000033f1   Thumb Code   148  st7735testmain.o(i.main)
    priQueuePeek                             0x000034b1   Thumb Code    22  threadprioritypqueue.o(i.priQueuePeek)
    priQueuePeekAndRotate                    0x000034d5   Thumb Code   110  threadprioritypqueue.o(i.priQueuePeekAndRotate)
    priQueuePush                             0x00003551   Thumb Code   132  threadprioritypqueue.o(i.priQueuePush)
    priQueuePushBack                         0x000035e5   Thumb Code    26  threadprioritypqueue.o(i.priQueuePushBack)
    priQueueRemove                           0x00003605   Thumb Code   120  threadprioritypqueue.o(i.priQueueRemove)
    priQueueShiftForward                     0x0000368d   Thumb Code    24  threadprioritypqueue.o(i.priQueueShiftForward)
    strLengthByNullCount                     0x00003731   Thumb Code    16  interpreter.o(i.strLengthByNullCount)
    updateOSTime                             0x00003741   Thumb Code    22  os.o(i.updateOSTime)
    dBfs                                     0x00003d92   Data         512  st7735.o(.constdata)
    Region$$Table$$Base                      0x00003f94   Number         0  anon$$obj.o(Region$$Table)
    Region$$Table$$Limit                     0x00003fb4   Number         0  anon$$obj.o(Region$$Table)
    DataLost                                 0x20000000   Data           4  st7735testmain.o(.data)
    numCreated                               0x20000004   Data           4  st7735testmain.o(.data)
    numThreads                               0x20000008   Data           4  st7735testmain.o(.data)
    debugBlocked                             0x2000000c   Data           4  st7735testmain.o(.data)
    PIDWork                                  0x20000018   Data           4  st7735testmain.o(.data)
    FilterWork                               0x2000001c   Data           4  st7735testmain.o(.data)
    NumSamples                               0x20000020   Data           4  st7735testmain.o(.data)
    DASoutput                                0x20000024   Data           4  st7735testmain.o(.data)
    IntTerm                                  0x20000028   Data           2  st7735testmain.o(.data)
    PrevError                                0x2000002a   Data           2  st7735testmain.o(.data)
    Coeff                                    0x2000002c   Data           6  st7735testmain.o(.data)
    Actuator                                 0x20000032   Data           2  st7735testmain.o(.data)
    ProducerTask                             0x20000034   Data           4  adc.o(.data)
    idQueueHead                              0x20000038   Data           4  idqueue.o(.data)
    idQueueTail                              0x2000003c   Data           4  idqueue.o(.data)
    firstThreadEver                          0x20000040   Data           4  os.o(.data)
    numPeriodicThreads                       0x20000044   Data           4  os.o(.data)
    RunPt                                    0x2000004c   Data           4  os.o(.data)
    OStime                                   0x20000050   Data           4  os.o(.data)
    OStimeMS                                 0x20000054   Data           4  os.o(.data)
    PutPt                                    0x20000058   Data           4  os.o(.data)
    GetPt                                    0x2000005c   Data           4  os.o(.data)
    LostData                                 0x20000060   Data           4  os.o(.data)
    mailValue                                0x20000064   Data           4  os.o(.data)
    bPFNeedInit                              0x20000068   Data           4  pfedgetrigger.o(.data)
    bNothingAssignedToPF0                    0x2000006c   Data           4  pfedgetrigger.o(.data)
    bNothingAssignedToPF4                    0x20000070   Data           4  pfedgetrigger.o(.data)
    PF0Task                                  0x20000078   Data           4  pfedgetrigger.o(.data)
    PF4Task                                  0x2000007c   Data           4  pfedgetrigger.o(.data)
    PF0Priority                              0x20000080   Data           4  pfedgetrigger.o(.data)
    PF4Priority                              0x20000084   Data           4  pfedgetrigger.o(.data)
    StX                                      0x20000088   Data           4  st7735.o(.data)
    StY                                      0x2000008c   Data           4  st7735.o(.data)
    StTextColor                              0x20000090   Data           2  st7735.o(.data)
    lastj                                    0x20000098   Data           4  st7735.o(.data)
    Messageindex                             0x200000a0   Data           4  st7735.o(.data)
    Ymax                                     0x200000a4   Data           4  st7735.o(.data)
    Ymin                                     0x200000a8   Data           4  st7735.o(.data)
    X                                        0x200000ac   Data           4  st7735.o(.data)
    Yrange                                   0x200000b0   Data           4  st7735.o(.data)
    MessageindexDivided0                     0x200000b4   Data           4  st7735.o(.data)
    MessageindexDivided1                     0x200000b8   Data           4  st7735.o(.data)
    priQueueHead                             0x200000bc   Data           4  threadprioritypqueue.o(.data)
    priQueueTail                             0x200000c0   Data           4  threadprioritypqueue.o(.data)
    numPriItems                              0x200000c4   Data           4  threadprioritypqueue.o(.data)
    triggered                                0x200000c8   Data           4  timer0a.o(.data)
    PeriodicTask0                            0x200000d0   Data           4  timer0a.o(.data)
    MaxJitterT0                              0x200000d4   Data           4  timer0a.o(.data)
    FilterWorkT0                             0x200000d8   Data           4  timer0a.o(.data)
    PERIODT0                                 0x200000dc   Data           4  timer0a.o(.data)
    TIMER0A_ThreadPriority                   0x200000e0   Data           4  timer0a.o(.data)
    PeriodicTask                             0x200000e8   Data           4  timer1.o(.data)
    MaxJitterT1                              0x200000ec   Data           4  timer1.o(.data)
    FilterWorkT1                             0x200000f0   Data           4  timer1.o(.data)
    PERIODT1                                 0x200000f4   Data           4  timer1.o(.data)
    PeriodicTask4                            0x200000f8   Data           4  timer4a.o(.data)
    RxPutI                                   0x200000fc   Data           4  uart.o(.data)
    RxGetI                                   0x20000100   Data           4  uart.o(.data)
    TxPutI                                   0x20000104   Data           4  uart.o(.data)
    TxGetI                                   0x20000108   Data           4  uart.o(.data)
    x                                        0x2000013c   Data         256  st7735testmain.o(.bss)
    y                                        0x2000023c   Data         256  st7735testmain.o(.bss)
    idQueue                                  0x2000033c   Data          44  idqueue.o(.bss)
    uartString                               0x20000368   Data         100  interpreter.o(.bss)
    tcbs                                     0x200003cc   Data         320  os.o(.bss)
    Stacks                                   0x2000050c   Data        4000  os.o(.bss)
    CurrentSize                              0x2000152c   Data          20  os.o(.bss)
    RoomLeft                                 0x20001540   Data          20  os.o(.bss)
    FIFOmutex                                0x20001554   Data          20  os.o(.bss)
    mailSend                                 0x20001568   Data          20  os.o(.bss)
    mailAck                                  0x2000157c   Data          20  os.o(.bss)
    mutexPFInit                              0x20001590   Data          20  pfedgetrigger.o(.bss)
    StX_0                                    0x200015a4   Data          28  st7735.o(.bss)
    StX_1                                    0x200015c0   Data          28  st7735.o(.bss)
    mutexLCD                                 0x200015dc   Data          20  st7735.o(.bss)
    Message                                  0x200015f0   Data          12  st7735.o(.bss)
    MessageDivded0                           0x200015fc   Data          12  st7735.o(.bss)
    MessageDivded1                           0x20001608   Data          12  st7735.o(.bss)
    priQueue                                 0x20001614   Data          44  threadprioritypqueue.o(.bss)
    JitterHistogramT0                        0x20001640   Data         256  timer0a.o(.bss)
    __initial_sp                             0x20001b60   Data           0  startup.o(STACK)



==============================================================================

Memory Map of the image

  Image Entry point : 0x0000026d

  Load Region LR_1 (Base: 0x00000000, Size: 0x000040c0, Max: 0xffffffff, ABSOLUTE)

    Execution Region ER_RO (Base: 0x00000000, Size: 0x00003fb4, Max: 0xffffffff, ABSOLUTE)

    Base Addr    Size         Type   Attr      Idx    E Section Name        Object

    0x00000000   0x00000284   Code   RO         1183  * RESET               startup.o
    0x00000284   0x00000000   Code   RO         1199  * .ARM.Collect$$$$00000000  mc_w.l(entry.o)
    0x00000284   0x00000004   Code   RO         1202    .ARM.Collect$$$$00000001  mc_w.l(entry2.o)
    0x00000288   0x00000004   Code   RO         1205    .ARM.Collect$$$$00000004  mc_w.l(entry5.o)
    0x0000028c   0x00000000   Code   RO         1207    .ARM.Collect$$$$00000008  mc_w.l(entry7b.o)
    0x0000028c   0x00000000   Code   RO         1209    .ARM.Collect$$$$0000000A  mc_w.l(entry8b.o)
    0x0000028c   0x00000008   Code   RO         1210    .ARM.Collect$$$$0000000B  mc_w.l(entry9a.o)
    0x00000294   0x00000000   Code   RO         1212    .ARM.Collect$$$$0000000D  mc_w.l(entry10a.o)
    0x00000294   0x00000000   Code   RO         1214    .ARM.Collect$$$$0000000F  mc_w.l(entry11a.o)
    0x00000294   0x00000004   Code   RO         1203    .ARM.Collect$$$$00002712  mc_w.l(entry2.o)
    0x00000298   0x000002ce   Code   RO         1171    .text               cr4_fft_64_stm32.o
    0x00000566   0x00000002   PAD
    0x00000568   0x00000070   Code   RO         1175    .text               osasm.o
    0x000005d8   0x00000048   Code   RO         1178    .text               pid_stm32.o
    0x00000620   0x0000001c   Code   RO         1184    .text               startup.o
    0x0000063c   0x00000024   Code   RO         1216    .text               mc_w.l(init.o)
    0x00000660   0x00000020   Code   RO          121    i.ADC0Seq3_Handler  adc.o
    0x00000680   0x00000458   Code   RO          122    i.ADC_Collect_Init  adc.o
    0x00000ad8   0x0000002c   Code   RO          123    i.ADC_In            adc.o
    0x00000b04   0x000003d8   Code   RO          124    i.ADC_Init          adc.o
    0x00000edc   0x000000c4   Code   RO            1    i.ButtonWork        st7735testmain.o
    0x00000fa0   0x000000a8   Code   RO            2    i.Consumer          st7735testmain.o
    0x00001048   0x00000068   Code   RO            3    i.DAS               st7735testmain.o
    0x000010b0   0x00000020   Code   RO          545    i.Delay1ms          st7735.o
    0x000010d0   0x00000084   Code   RO            4    i.Display           st7735testmain.o
    0x00001154   0x000000c8   Code   RO            5    i.Filter            st7735testmain.o
    0x0000121c   0x000000c4   Code   RO          485    i.GPIOPortF_Handler  pfedgetrigger.o
    0x000012e0   0x0000000c   Code   RO          244    i.HardFault_Handler  os.o
    0x000012ec   0x0000003c   Code   RO            6    i.Interpreter       st7735testmain.o
    0x00001328   0x00000002   Code   RO          486    i.NothingTask       pfedgetrigger.o
    0x0000132a   0x00000002   PAD
    0x0000132c   0x00000044   Code   RO          245    i.OS_AddPeriodicThread  os.o
    0x00001370   0x00000018   Code   RO          246    i.OS_AddSW1Task     os.o
    0x00001388   0x00000018   Code   RO          247    i.OS_AddSW2Task     os.o
    0x000013a0   0x00000158   Code   RO          248    i.OS_AddThread      os.o
    0x000014f8   0x0000000c   Code   RO          249    i.OS_ClearMsTime    os.o
    0x00001504   0x00000054   Code   RO          250    i.OS_Fifo_Get       os.o
    0x00001558   0x0000004c   Code   RO          251    i.OS_Fifo_Init      os.o
    0x000015a4   0x00000070   Code   RO          252    i.OS_Fifo_Put       os.o
    0x00001614   0x0000000c   Code   RO          254    i.OS_Id             os.o
    0x00001620   0x00000078   Code   RO          255    i.OS_Init           os.o
    0x00001698   0x00000010   Code   RO          256    i.OS_InitDriverInitSemaphore  os.o
    0x000016a8   0x00000016   Code   RO          257    i.OS_InitSemaphore  os.o
    0x000016be   0x00000002   PAD
    0x000016c0   0x0000005c   Code   RO          258    i.OS_Kill           os.o
    0x0000171c   0x00000018   Code   RO          259    i.OS_KilledSuspend  os.o
    0x00001734   0x00000024   Code   RO          260    i.OS_Launch         os.o
    0x00001758   0x00000020   Code   RO          261    i.OS_MailBox_Init   os.o
    0x00001778   0x00000024   Code   RO          262    i.OS_MailBox_Recv   os.o
    0x0000179c   0x00000024   Code   RO          263    i.OS_MailBox_Send   os.o
    0x000017c0   0x0000000c   Code   RO          264    i.OS_MsTime         os.o
    0x000017cc   0x00000050   Code   RO          265    i.OS_Signal         os.o
    0x0000181c   0x00000028   Code   RO          266    i.OS_Sleep          os.o
    0x00001844   0x00000018   Code   RO          267    i.OS_Suspend        os.o
    0x0000185c   0x00000024   Code   RO          268    i.OS_Time           os.o
    0x00001880   0x00000006   Code   RO          269    i.OS_TimeDifference  os.o
    0x00001886   0x00000002   PAD
    0x00001888   0x0000009c   Code   RO          270    i.OS_Wait           os.o
    0x00001924   0x00000010   Code   RO          198    i.OutCRLF           interpreter.o
    0x00001934   0x0000001c   Code   RO          487    i.PF0Edge_Task      pfedgetrigger.o
    0x00001950   0x0000001c   Code   RO          488    i.PF4Edge_Task      pfedgetrigger.o
    0x0000196c   0x000000f0   Code   RO          489    i.PFEdge_Init       pfedgetrigger.o
    0x00001a5c   0x0000008c   Code   RO            7    i.PID               st7735testmain.o
    0x00001ae8   0x0000007c   Code   RO          533    i.PLL_Init          pll.o
    0x00001b64   0x00000078   Code   RO            8    i.PortB_Init        st7735testmain.o
    0x00001bdc   0x00000410   Code   RO          199    i.ProcessCommand    interpreter.o
    0x00001fec   0x00000038   Code   RO            9    i.Producer          st7735testmain.o
    0x00002024   0x0000003c   Code   RO         1040    i.RxFifo_Get        uart.o
    0x00002060   0x00000024   Code   RO         1041    i.RxFifo_Init       uart.o
    0x00002084   0x0000003c   Code   RO         1042    i.RxFifo_Put        uart.o
    0x000020c0   0x00000018   Code   RO         1043    i.RxFifo_Size       uart.o
    0x000020d8   0x000000f4   Code   RO          554    i.ST7735_DrawCharS  st7735.o
    0x000021cc   0x00000048   Code   RO          557    i.ST7735_DrawPixel  st7735.o
    0x00002214   0x00000056   Code   RO          558    i.ST7735_DrawString  st7735.o
    0x0000226a   0x000000a4   Code   RO          559    i.ST7735_DrawStringDivided  st7735.o
    0x0000230e   0x00000002   PAD
    0x00002310   0x000000ac   Code   RO          560    i.ST7735_FillRect   st7735.o
    0x000023bc   0x00000024   Code   RO          561    i.ST7735_FillScreen  st7735.o
    0x000023e0   0x000000ac   Code   RO          564    i.ST7735_InitRDivided  st7735.o
    0x0000248c   0x0000006c   Code   RO          566    i.ST7735_Message    st7735.o
    0x000024f8   0x00000060   Code   RO          567    i.ST7735_MessageDec  st7735.o
    0x00002558   0x00000134   Code   RO          568    i.ST7735_MessageDecBody  st7735.o
    0x0000268c   0x00000060   Code   RO          569    i.ST7735_MessageString  st7735.o
    0x000026ec   0x00000024   Code   RO          570    i.ST7735_MessageStringBody  st7735.o
    0x00002710   0x00000168   Code   RO          572    i.ST7735_OutCharDivided  st7735.o
    0x00002878   0x00000020   Code   RO          583    i.ST7735_SetCursor  st7735.o
    0x00002898   0x00000028   Code   RO          584    i.ST7735_SetCursorDivided  st7735.o
    0x000028c0   0x00000024   Code   RO           10    i.SW1Push           st7735testmain.o
    0x000028e4   0x00000024   Code   RO           11    i.SW2Push           st7735testmain.o
    0x00002908   0x00000010   Code   RO          273    i.Scheduler         os.o
    0x00002918   0x00000150   Code   RO          274    i.SetInitialStack   os.o
    0x00002a68   0x00000020   Code   RO          200    i.StringToInt       interpreter.o
    0x00002a88   0x00000080   Code   RO          945    i.TIMER0A_doJitterTimer  timer0a.o
    0x00002b08   0x0000000c   Code   RO          946    i.TIMER0A_getMaxJitter  timer0a.o
    0x00002b14   0x00000018   Code   RO          947    i.Timer0A_Handler   timer0a.o
    0x00002b2c   0x000000a8   Code   RO          948    i.Timer0A_Init      timer0a.o
    0x00002bd4   0x00000018   Code   RO          981    i.Timer1A_Handler   timer1.o
    0x00002bec   0x000000a0   Code   RO          982    i.Timer1_Init       timer1.o
    0x00002c8c   0x00000018   Code   RO         1019    i.Timer4A_Handler   timer4a.o
    0x00002ca4   0x00000080   Code   RO         1020    i.Timer4A_Init      timer4a.o
    0x00002d24   0x0000003c   Code   RO         1044    i.TxFifo_Get        uart.o
    0x00002d60   0x00000024   Code   RO         1045    i.TxFifo_Init       uart.o
    0x00002d84   0x0000003c   Code   RO         1046    i.TxFifo_Put        uart.o
    0x00002dc0   0x00000018   Code   RO         1047    i.TxFifo_Size       uart.o
    0x00002dd8   0x00000058   Code   RO         1048    i.UART0_Handler     uart.o
    0x00002e30   0x00000014   Code   RO         1049    i.UART_InChar       uart.o
    0x00002e44   0x00000046   Code   RO         1050    i.UART_InString     uart.o
    0x00002e8a   0x00000002   PAD
    0x00002e8c   0x000000cc   Code   RO         1053    i.UART_Init         uart.o
    0x00002f58   0x00000034   Code   RO         1054    i.UART_OutChar      uart.o
    0x00002f8c   0x00000018   Code   RO         1055    i.UART_OutString    uart.o
    0x00002fa4   0x0000002a   Code   RO         1056    i.UART_OutUDec      uart.o
    0x00002fce   0x0000000e   Code   RO         1220    i.__scatterload_copy  mc_w.l(handlers.o)
    0x00002fdc   0x00000002   Code   RO         1221    i.__scatterload_null  mc_w.l(handlers.o)
    0x00002fde   0x0000000e   Code   RO         1222    i.__scatterload_zeroinit  mc_w.l(handlers.o)
    0x00002fec   0x00000056   Code   RO          588    i.commandList       st7735.o
    0x00003042   0x00000002   PAD
    0x00003044   0x00000184   Code   RO          589    i.commonInit        st7735.o
    0x000031c8   0x00000028   Code   RO         1058    i.copyHardwareToSoftware  uart.o
    0x000031f0   0x0000002c   Code   RO         1059    i.copySoftwareToHardware  uart.o
    0x0000321c   0x0000003c   Code   RO          275    i.doSleepDecrement  os.o
    0x00003258   0x00000098   Code   RO          592    i.fillDividedMessage  st7735.o
    0x000032f0   0x0000003c   Code   RO          169    i.idQueuePop        idqueue.o
    0x0000332c   0x00000050   Code   RO          170    i.idQueuePush       idqueue.o
    0x0000337c   0x00000074   Code   RO          276    i.initHardFault     os.o
    0x000033f0   0x000000c0   Code   RO           12    i.main              st7735testmain.o
    0x000034b0   0x00000024   Code   RO          889    i.priQueuePeek      threadprioritypqueue.o
    0x000034d4   0x0000007c   Code   RO          890    i.priQueuePeekAndRotate  threadprioritypqueue.o
    0x00003550   0x00000094   Code   RO          892    i.priQueuePush      threadprioritypqueue.o
    0x000035e4   0x00000020   Code   RO          893    i.priQueuePushBack  threadprioritypqueue.o
    0x00003604   0x00000088   Code   RO          894    i.priQueueRemove    threadprioritypqueue.o
    0x0000368c   0x0000001c   Code   RO          895    i.priQueueShiftForward  threadprioritypqueue.o
    0x000036a8   0x00000012   Code   RO          595    i.pushColor         st7735.o
    0x000036ba   0x00000002   PAD
    0x000036bc   0x00000074   Code   RO          596    i.setAddrWindow     st7735.o
    0x00003730   0x00000010   Code   RO          201    i.strLengthByNullCount  interpreter.o
    0x00003740   0x00000020   Code   RO          277    i.updateOSTime      os.o
    0x00003760   0x00000030   Code   RO          597    i.writecommand      st7735.o
    0x00003790   0x00000020   Code   RO          598    i.writedata         st7735.o
    0x000037b0   0x000007e2   Data   RO          600    .constdata          st7735.o
    0x00003f92   0x00000002   PAD
    0x00003f94   0x00000020   Data   RO         1218    Region$$Table       anon$$obj.o


    Execution Region ER_RW (Base: 0x20000000, Size: 0x0000010c, Max: 0xffffffff, ABSOLUTE)

    Base Addr    Size         Type   Attr      Idx    E Section Name        Object

    0x20000000   0x00000034   Data   RW           15    .data               st7735testmain.o
    0x20000034   0x00000004   Data   RW          126    .data               adc.o
    0x20000038   0x00000008   Data   RW          172    .data               idqueue.o
    0x20000040   0x00000028   Data   RW          280    .data               os.o
    0x20000068   0x00000020   Data   RW          492    .data               pfedgetrigger.o
    0x20000088   0x00000034   Data   RW          601    .data               st7735.o
    0x200000bc   0x0000000c   Data   RW          897    .data               threadprioritypqueue.o
    0x200000c8   0x0000001c   Data   RW          951    .data               timer0a.o
    0x200000e4   0x00000014   Data   RW          987    .data               timer1.o
    0x200000f8   0x00000004   Data   RW         1021    .data               timer4a.o
    0x200000fc   0x00000010   Data   RW         1061    .data               uart.o


    Execution Region ER_ZI (Base: 0x2000010c, Size: 0x00001a54, Max: 0xffffffff, ABSOLUTE)

    Base Addr    Size         Type   Attr      Idx    E Section Name        Object

    0x2000010c   0x00000230   Zero   RW           13    .bss                st7735testmain.o
    0x2000033c   0x0000002c   Zero   RW          171    .bss                idqueue.o
    0x20000368   0x00000064   Zero   RW          203    .bss                interpreter.o
    0x200003cc   0x000011c4   Zero   RW          278    .bss                os.o
    0x20001590   0x00000014   Zero   RW          490    .bss                pfedgetrigger.o
    0x200015a4   0x00000070   Zero   RW          599    .bss                st7735.o
    0x20001614   0x0000002c   Zero   RW          896    .bss                threadprioritypqueue.o
    0x20001640   0x00000100   Zero   RW          949    .bss                timer0a.o
    0x20001740   0x00000020   Zero   RW         1060    .bss                uart.o
    0x20001760   0x00000400   Zero   RW         1181    STACK               startup.o


==============================================================================

Image component sizes


      Code (inc. data)   RO Data    RW Data    ZI Data      Debug   Object Name

      2172        174          0          4          0       4965   adc.o
       718        240          0          0          0        436   cr4_fft_64_stm32.o
       140         26          0          8         44       3071   idqueue.o
      1104        408          0          0        100       5066   interpreter.o
      2096        302          0         40       4548      22602   os.o
       112          6          0          0          0        376   osasm.o
       494        100          0         32         20       5889   pfedgetrigger.o
        72          8          0          0          0        364   pid_stm32.o
       124          6          0          0          0        579   pll.o
      2894        374       2018         52        112      20779   st7735.o
      1440        344          0         52        560      13579   st7735testmain.o
       672        622          0          0       1024       1192   startup.o
       504         70          0         12         44       6292   threadprioritypqueue.o
       332         72          0         28        256       4071   timer0a.o
       184         42          0         20          0       3126   timer1.o
       152         28          0          4          0       2161   timer4a.o
       944        140          0         16         32      11591   uart.o

    ----------------------------------------------------------------------
     14170       2964       2052        268       6740     106139   Object Totals
         0          0         32          0          0          0   (incl. Generated)
        16          2          2          0          0          0   (incl. Padding)

    ----------------------------------------------------------------------

      Code (inc. data)   RO Data    RW Data    ZI Data      Debug   Library Member Name

         0          0          0          0          0          0   entry.o
         0          0          0          0          0          0   entry10a.o
         0          0          0          0          0          0   entry11a.o
         8          4          0          0          0          0   entry2.o
         4          0          0          0          0          0   entry5.o
         0          0          0          0          0          0   entry7b.o
         0          0          0          0          0          0   entry8b.o
         8          4          0          0          0          0   entry9a.o
        30          0          0          0          0          0   handlers.o
        36          8          0          0          0         68   init.o

    ----------------------------------------------------------------------
        86         16          0          0          0         68   Library Totals
         0          0          0          0          0          0   (incl. Padding)

    ----------------------------------------------------------------------

      Code (inc. data)   RO Data    RW Data    ZI Data      Debug   Library Name

        86         16          0          0          0         68   mc_w.l

    ----------------------------------------------------------------------
        86         16          0          0          0         68   Library Totals

    ----------------------------------------------------------------------

==============================================================================


      Code (inc. data)   RO Data    RW Data    ZI Data      Debug   

     14256       2980       2052        268       6740     100591   Grand Totals
     14256       2980       2052        268       6740     100591   ELF Image Totals
     14256       2980       2052        268          0          0   ROM Totals

==============================================================================

    Total RO  Size (Code + RO Data)                16308 (  15.93kB)
    Total RW  Size (RW Data + ZI Data)              7008 (   6.84kB)
    Total ROM Size (Code + RO Data + RW Data)      16576 (  16.19kB)

==============================================================================

